04-16 02:19:39.483  2959  3439 E ImageLoader: Unable to resolve host "img.phone.baidu.com": No address associated with hostname
04-16 02:19:40.334  2959  2959 E test    : onScrollChanged!
04-16 02:19:40.393  2959  2959 E test    : onScrollChanged!
04-16 02:19:40.900   684   684 E EGL_emulation: tid 684: eglCreateSyncKHR(1215): error 0x3004 (EGL_BAD_ATTRIBUTE)
04-16 02:19:48.310   684   684 E EGL_emulation: tid 684: eglCreateSyncKHR(1215): error 0x3004 (EGL_BAD_ATTRIBUTE)
04-16 02:19:48.371  2959  2959 E test    : onScrollChanged!
04-16 02:19:48.371  2959  2959 E test    : onScrollChanged!
04-16 02:19:49.884  2959  2959 E test    : onScrollChanged!
04-16 02:19:49.937  2959  2959 E test    : onScrollChanged!
04-16 02:19:50.420  2959  2959 E test    : onScrollChanged!
04-16 02:19:51.391  2959  2959 E test    : onScrollChanged!
04-16 02:19:51.835  2959  2959 E test    : onScrollChanged!
04-16 02:19:53.036  2959  2959 E test    : onScrollChanged!
04-16 02:19:53.037  2959  2959 E test    : onScrollChanged!
04-16 02:19:55.054  2959  2959 E test    : onScrollChanged!
04-16 02:19:55.056  2959  2959 E test    : onScrollChanged!
04-16 02:19:56.087  2959  2959 E test    : onScrollChanged!
04-16 02:19:56.087  2959  2959 E test    : onScrollChanged!
04-16 02:19:56.552  2959  2959 E test    : onScrollChanged!
04-16 02:20:01.953  2959  2959 E test    : onScrollChanged!
04-16 02:20:08.867  2959  2959 E test    : onScrollChanged!
04-16 02:20:08.867  2959  2959 E test    : onScrollChanged!
04-16 02:20:12.828  2959  2959 E test    : onScrollChanged!
04-16 02:20:16.755  2959  2959 E test    : onScrollChanged!
04-16 02:20:16.756  2959  2959 E test    : onScrollChanged!
04-16 02:20:35.371  2959  2959 E test    : onScrollChanged!
04-16 02:20:36.956  2959  2959 E test    : onScrollChanged!
04-16 02:20:36.956  2959  2959 E test    : onScrollChanged!
04-16 02:20:38.952  2959  2959 E test    : onScrollChanged!
04-16 02:20:40.962  2959  2959 E test    : onScrollChanged!
04-16 02:20:41.967  2959  2959 E test    : onScrollChanged!
04-16 02:20:46.022  2959  2959 E test    : onScrollChanged!
04-16 02:20:48.123  2959  2959 E test    : onScrollChanged!
04-16 02:20:51.275  2959  2959 E test    : onScrollChanged!
04-16 02:20:51.275  2959  2959 E test    : onScrollChanged!
04-16 02:20:53.897  2959  2959 E test    : onScrollChanged!
04-16 02:20:53.898  2959  2959 E test    : onScrollChanged!
04-16 02:21:02.256  2959  2959 E test    : onScrollChanged!
04-16 02:21:02.256  2959  2959 E test    : onScrollChanged!
04-16 02:21:02.651  2959  2959 E test    : onScrollChanged!
04-16 02:21:06.240  2959  2959 E test    : onScrollChanged!
04-16 02:21:09.215  2959  2959 E test    : onScrollChanged!
04-16 02:21:09.242  2959  3414 E chromium: [ERROR:ssl_client_socket_openssl.cc(962)] handshake failed; returned -1, SSL error code 1, net_error -101
04-16 02:21:09.520  2959  3414 E chromium: [ERROR:ssl_client_socket_openssl.cc(962)] handshake failed; returned -1, SSL error code 1, net_error -101
04-16 02:21:09.792  2959  3414 E chromium: [ERROR:ssl_client_socket_openssl.cc(962)] handshake failed; returned -1, SSL error code 1, net_error -101
04-16 02:21:10.790  2959  2959 E test    : onScrollChanged!
04-16 02:21:11.251  2959  3414 E chromium: [ERROR:ssl_client_socket_openssl.cc(962)] handshake failed; returned -1, SSL error code 1, net_error -101
04-16 02:21:11.263  2959  3414 E chromium: [ERROR:ssl_client_socket_openssl.cc(962)] handshake failed; returned -1, SSL error code 1, net_error -101
04-16 02:21:11.274  2959  3414 E chromium: [ERROR:ssl_client_socket_openssl.cc(962)] handshake failed; returned -1, SSL error code 1, net_error -101
04-16 02:21:12.436  2959  2959 E test    : onScrollChanged!
04-16 02:21:13.224  2959  2959 E test    : onScrollChanged!
04-16 02:21:13.288  2959  2959 E test    : onScrollChanged!
04-16 02:21:13.288  2959  2959 E test    : onScrollChanged!
04-16 02:21:13.792  2959  2959 E test    : onScrollChanged!
04-16 02:21:14.403  2959  2959 E test    : onScrollChanged!
04-16 02:21:14.930  2959  2959 E test    : onScrollChanged!
04-16 02:21:15.457  2959  2959 E test    : onScrollChanged!
04-16 02:21:15.618  2959  2959 E test    : onScrollChanged!
04-16 02:21:15.618  2959  2959 E test    : onScrollChanged!
04-16 02:21:15.618  2959  2959 E test    : onScrollChanged!
04-16 02:21:15.638  2959  2959 E test    : onScrollChanged!
04-16 02:21:15.941  2959  2959 E test    : onScrollChanged!
04-16 02:21:15.961   684   684 E EGL_emulation: tid 684: eglCreateSyncKHR(1215): error 0x3004 (EGL_BAD_ATTRIBUTE)
04-16 02:21:33.654   684   684 E EGL_emulation: tid 684: eglCreateSyncKHR(1215): error 0x3004 (EGL_BAD_ATTRIBUTE)
04-16 02:21:33.805  2959  4681 E Ads     : This app is using a lightweight version of the Google Mobile Ads SDK that requires the latest Google Play services to be installed, but Google Play services is either missing or out of date.
04-16 02:21:35.464  2959  2959 E ViewRootImpl: Attempting to destroy the window while drawing!
04-16 02:21:35.464  2959  2959 E ViewRootImpl:   window=android.view.ViewRootImpl@18df4f31, title=
04-16 02:21:35.560   684   684 E EGL_emulation: tid 684: eglCreateSyncKHR(1215): error 0x3004 (EGL_BAD_ATTRIBUTE)
04-16 02:21:43.107  2959  2959 E test    : onScrollChanged!
04-16 02:21:43.107  2959  2959 E test    : onScrollChanged!
04-16 02:21:43.123   684   684 E EGL_emulation: tid 684: eglCreateSyncKHR(1215): error 0x3004 (EGL_BAD_ATTRIBUTE)
04-16 02:22:02.826   684   684 E EGL_emulation: tid 684: eglCreateSyncKHR(1215): error 0x3004 (EGL_BAD_ATTRIBUTE)
04-16 02:22:02.883  2959  4681 E Ads     : This app is using a lightweight version of the Google Mobile Ads SDK that requires the latest Google Play services to be installed, but Google Play services is either missing or out of date.
04-16 02:22:06.803  2959  2959 E ViewRootImpl: Attempting to destroy the window while drawing!
04-16 02:22:06.803  2959  2959 E ViewRootImpl:   window=android.view.ViewRootImpl@37064604, title=
04-16 02:22:06.909   684   684 E EGL_emulation: tid 684: eglCreateSyncKHR(1215): error 0x3004 (EGL_BAD_ATTRIBUTE)
04-16 02:22:30.780  2959  2959 E test    : onScrollChanged!
04-16 02:22:31.300  2959  2959 E test    : onScrollChanged!
04-16 02:22:31.408  2959  3392 E Ads     : This app is using a lightweight version of the Google Mobile Ads SDK that requires the latest Google Play services to be installed, but Google Play services is either missing or out of date.
04-16 02:22:31.604  2959  3392 E Ads     : This app is using a lightweight version of the Google Mobile Ads SDK that requires the latest Google Play services to be installed, but Google Play services is either missing or out of date.
04-16 02:22:57.865  2959  2959 E test    : onScrollChanged!
04-16 02:23:07.346  2959  2959 E test    : onScrollChanged!
04-16 02:23:20.273  2959  2959 E test    : onScrollChanged!
04-16 02:23:48.065  2959  2959 E test    : onScrollChanged!
04-16 02:23:59.750  2959  2959 E test    : onScrollChanged!
04-16 02:24:10.397  2959  2959 E test    : onScrollChanged!
04-16 02:24:14.950   684   684 E EGL_emulation: tid 684: eglCreateSyncKHR(1215): error 0x3004 (EGL_BAD_ATTRIBUTE)
04-16 02:24:17.962  2959  2959 E ViewRootImpl: Attempting to destroy the window while drawing!
04-16 02:24:17.962  2959  2959 E ViewRootImpl:   window=android.view.ViewRootImpl@32b8e74a, title=
04-16 02:24:17.999   684   684 E EGL_emulation: tid 684: eglCreateSyncKHR(1215): error 0x3004 (EGL_BAD_ATTRIBUTE)
04-16 02:24:19.732   684   684 E EGL_emulation: tid 684: eglCreateSyncKHR(1215): error 0x3004 (EGL_BAD_ATTRIBUTE)
04-16 02:24:19.869  2959  4681 E Ads     : This app is using a lightweight version of the Google Mobile Ads SDK that requires the latest Google Play services to be installed, but Google Play services is either missing or out of date.
04-16 02:24:22.647  2959  2959 E ViewRootImpl: Attempting to destroy the window while drawing!
04-16 02:24:22.647  2959  2959 E ViewRootImpl:   window=android.view.ViewRootImpl@1e643462, title=
04-16 02:24:22.951   684   684 E EGL_emulation: tid 684: eglCreateSyncKHR(1215): error 0x3004 (EGL_BAD_ATTRIBUTE)
04-16 02:24:28.638  2959  2959 E test    : onScrollChanged!
04-16 02:24:35.201  2959  2959 E test    : onScrollChanged!
04-16 02:24:45.642  2959  2959 E test    : onScrollChanged!
04-16 02:24:52.792  2959  5092 E Ads     : This app is using a lightweight version of the Google Mobile Ads SDK that requires the latest Google Play services to be installed, but Google Play services is either missing or out of date.
04-16 02:24:57.350  2959  3439 E ImageLoader: Unable to resolve host "img.phone.baidu.com": No address associated with hostname
04-16 02:25:02.507   689   909 E AudioService: Could not get client death handler for stream: 1
04-16 02:25:02.508   689   909 E AudioService: Could not get client death handler for stream: 2
04-16 02:25:02.508   689   909 E AudioService: Could not get client death handler for stream: 5
04-16 02:25:02.508   689   909 E AudioService: Could not get client death handler for stream: 7
04-16 02:25:02.508   689   909 E AudioService: Could not get client death handler for stream: 8
04-16 02:25:05.118  2989  2989 E JecLog  : Could not instantiate class android.transition.Transition class com.android.internal.transition.EpicenterTranslateClipReveal
04-16 02:25:05.118  2989  2989 E JecLog  : android.view.InflateException: Could not instantiate class android.transition.Transition class com.android.internal.transition.EpicenterTranslateClipReveal
04-16 02:25:05.118  2989  2989 E JecLog  : 	at android.transition.TransitionInflater.createCustom(TransitionInflater.java:220)
04-16 02:25:05.118  2989  2989 E JecLog  : 	at android.transition.TransitionInflater.createTransitionFromXml(TransitionInflater.java:167)
04-16 02:25:05.118  2989  2989 E JecLog  : 	at android.transition.TransitionInflater.createTransitionFromXml(TransitionInflater.java:181)
04-16 02:25:05.118  2989  2989 E JecLog  : 	at android.transition.TransitionInflater.inflateTransition(TransitionInflater.java:77)
04-16 02:25:05.118  2989  2989 E JecLog  : 	at com.jecelyin.editor.v2.view.a.b.<init>(Unknown Source)
04-16 02:25:05.118  2989  2989 E JecLog  : 	at com.jecelyin.editor.v2.ui.MainActivity.y(Unknown Source)
04-16 02:25:05.118  2989  2989 E JecLog  : 	at com.jecelyin.editor.v2.ui.MainActivity.x(Unknown Source)
04-16 02:25:05.118  2989  2989 E JecLog  : 	at com.jecelyin.editor.v2.ui.MainActivity.w(Unknown Source)
04-16 02:25:05.118  2989  2989 E JecLog  : 	at com.jecelyin.editor.v2.ui.MainActivity.onCreate(Unknown Source)
04-16 02:25:05.118  2989  2989 E JecLog  : 	at androidx.pluginmgr.PluginActivity.onCreate()
04-16 02:25:05.118  2989  2989 E JecLog  : 	at android.app.Activity.performCreate(Activity.java:5990)
04-16 02:25:05.118  2989  2989 E JecLog  : 	at android.app.Instrumentation.callActivityOnCreate(Instrumentation.java:1106)
04-16 02:25:05.118  2989  2989 E JecLog  : 	at androidx.pluginmgr.a.a.bm.callActivityOnCreate(Unknown Source)
04-16 02:25:05.118  2989  2989 E JecLog  : 	at android.app.ActivityThread.performLaunchActivity(ActivityThread.java:2278)
04-16 02:25:05.118  2989  2989 E JecLog  : 	at android.app.ActivityThread.handleLaunchActivity(ActivityThread.java:2387)
04-16 02:25:05.118  2989  2989 E JecLog  : 	at android.app.ActivityThread.access$800(ActivityThread.java:151)
04-16 02:25:05.118  2989  2989 E JecLog  : 	at android.app.ActivityThread$H.handleMessage(ActivityThread.java:1303)
04-16 02:25:05.118  2989  2989 E JecLog  : 	at android.os.Handler.dispatchMessage(Handler.java:102)
04-16 02:25:05.118  2989  2989 E JecLog  : 	at android.os.Looper.loop(Looper.java:135)
04-16 02:25:05.118  2989  2989 E JecLog  : 	at android.app.ActivityThread.main(ActivityThread.java:5254)
04-16 02:25:05.118  2989  2989 E JecLog  : 	at java.lang.reflect.Method.invoke(Native Method)
04-16 02:25:05.118  2989  2989 E JecLog  : 	at java.lang.reflect.Method.invoke(Method.java:372)
04-16 02:25:05.118  2989  2989 E JecLog  : 	at com.android.internal.os.ZygoteInit$MethodAndArgsCaller.run(ZygoteInit.java:903)
04-16 02:25:05.118  2989  2989 E JecLog  : 	at com.android.internal.os.ZygoteInit.main(ZygoteInit.java:698)
04-16 02:25:05.118  2989  2989 E JecLog  : Caused by: java.lang.ClassNotFoundException: Didn't find class "com.android.internal.transition.EpicenterTranslateClipReveal" on path: DexPathList[[zip file "/data/app/com.estrongs.android.pop-1/base.apk"],nativeLibraryDirectories=[/data/app/com.estrongs.android.pop-1/lib/x86, /vendor/lib, /system/lib]]
04-16 02:25:05.118  2989  2989 E JecLog  : 	at dalvik.system.BaseDexClassLoader.findClass(BaseDexClassLoader.java:56)
04-16 02:25:05.118  2989  2989 E JecLog  : 	at java.lang.ClassLoader.loadClass(ClassLoader.java:511)
04-16 02:25:05.118  2989  2989 E JecLog  : 	at java.lang.ClassLoader.loadClass(ClassLoader.java:469)
04-16 02:25:05.118  2989  2989 E JecLog  : 	at androidx.pluginmgr.env.a.loadClass(Unknown Source)
04-16 02:25:05.118  2989  2989 E JecLog  : 	at java.lang.ClassLoader.loadClass(ClassLoader.java:469)
04-16 02:25:05.118  2989  2989 E JecLog  : 	at android.transition.TransitionInflater.createCustom(TransitionInflater.java:206)
04-16 02:25:05.118  2989  2989 E JecLog  : 	... 23 more
04-16 02:25:05.118  2989  2989 E JecLog  : 	Suppressed: java.lang.ClassNotFoundException: com.android.internal.transition.EpicenterTranslateClipReveal
04-16 02:25:05.118  2989  2989 E JecLog  : 		at java.lang.Class.classForName(Native Method)
04-16 02:25:05.118  2989  2989 E JecLog  : 		at java.lang.BootClassLoader.findClass(ClassLoader.java:781)
04-16 02:25:05.118  2989  2989 E JecLog  : 		at java.lang.BootClassLoader.loadClass(ClassLoader.java:841)
04-16 02:25:05.118  2989  2989 E JecLog  : 		at java.lang.ClassLoader.loadClass(ClassLoader.java:504)
04-16 02:25:05.118  2989  2989 E JecLog  : 		... 27 more
04-16 02:25:05.118  2989  2989 E JecLog  : 	Caused by: java.lang.NoClassDefFoundError: Class not found using the boot class loader; no stack available
04-16 02:25:12.366  2959  3437 E ImageLoader: Unable to resolve host "img.phone.baidu.com": No address associated with hostname
04-16 02:25:14.349   689   707 E AudioService: Could not get client death handler for stream: 1
04-16 02:25:14.350   689   707 E AudioService: Could not get client death handler for stream: 2
04-16 02:25:14.350   689   707 E AudioService: Could not get client death handler for stream: 5
04-16 02:25:14.350   689   707 E AudioService: Could not get client death handler for stream: 7
04-16 02:25:14.350   689   707 E AudioService: Could not get client death handler for stream: 8
04-16 02:25:18.084  2959  4445 E Ads     : This app is using a lightweight version of the Google Mobile Ads SDK that requires the latest Google Play services to be installed, but Google Play services is either missing or out of date.
04-16 02:25:18.113  2959  4446 E Ads     : This app is using a lightweight version of the Google Mobile Ads SDK that requires the latest Google Play services to be installed, but Google Play services is either missing or out of date.
04-16 02:25:21.069   689  2193 E AudioService: Could not get client death handler for stream: 1
04-16 02:25:21.069   689  2193 E AudioService: Could not get client death handler for stream: 2
04-16 02:25:21.069   689  2193 E AudioService: Could not get client death handler for stream: 5
04-16 02:25:21.069   689  2193 E AudioService: Could not get client death handler for stream: 7
04-16 02:25:21.069   689  2193 E AudioService: Could not get client death handler for stream: 8
04-16 02:25:27.298   689   708 E AudioService: Could not get client death handler for stream: 1
04-16 02:25:27.299   689   708 E AudioService: Could not get client death handler for stream: 2
04-16 02:25:27.299   689   708 E AudioService: Could not get client death handler for stream: 5
04-16 02:25:27.299   689   708 E AudioService: Could not get client death handler for stream: 7
04-16 02:25:27.299   689   708 E AudioService: Could not get client death handler for stream: 8
04-16 02:26:33.404   887   887 E RichInputConnection: Unable to connect to the editor to retrieve text.
04-16 02:26:33.457   887   887 E RichInputConnection: Unable to connect to the editor to retrieve text.
04-16 02:26:33.853   887   887 E RichInputConnection: Unable to connect to the editor to retrieve text.
04-16 02:26:49.800   887   887 E RichInputConnection: Unable to connect to the editor to retrieve text.
04-16 02:26:49.800   887   887 E RichInputConnection: Unable to connect to the editor to retrieve text.
04-16 02:26:59.713   887   887 E RichInputConnection: Unable to connect to the editor to retrieve text.
04-16 02:26:59.912   887   887 E RichInputConnection: Unable to connect to the editor to retrieve text.
04-16 02:27:00.059   887   887 E RichInputConnection: Unable to connect to the editor to retrieve text.
04-16 02:27:00.060   887   887 E RichInputConnection: Unable to connect to the editor to retrieve text.
04-16 02:27:00.203   887   887 E RichInputConnection: Unable to connect to the editor to retrieve text.
04-16 02:27:00.207   887   887 E RichInputConnection: Unable to connect to the editor to retrieve text.
04-16 02:27:17.050   684   684 E EGL_emulation: tid 684: eglCreateSyncKHR(1215): error 0x3004 (EGL_BAD_ATTRIBUTE)
04-16 02:27:17.186  2959  4681 E Ads     : This app is using a lightweight version of the Google Mobile Ads SDK that requires the latest Google Play services to be installed, but Google Play services is either missing or out of date.
04-16 02:27:19.393   684   684 E EGL_emulation: tid 684: eglCreateSyncKHR(1215): error 0x3004 (EGL_BAD_ATTRIBUTE)
04-16 02:27:20.107  2959  2959 E ViewRootImpl: Attempting to destroy the window while drawing!
04-16 02:27:20.107  2959  2959 E ViewRootImpl:   window=android.view.ViewRootImpl@3614584, title=
04-16 02:27:24.849  2959  2959 E ActivityThread: Failed to find provider info for com.estrongs.android.pop.SearchCacheProvider
04-16 02:27:30.267  2959  3414 E chromium: [ERROR:ssl_client_socket_openssl.cc(962)] handshake failed; returned -1, SSL error code 1, net_error -101
04-16 02:27:30.502  2959  3414 E chromium: [ERROR:ssl_client_socket_openssl.cc(962)] handshake failed; returned -1, SSL error code 1, net_error -101
04-16 02:27:30.655  2959  3094 E chromium: [ERROR:buffer_manager.cc(313)] [.Parent-Compositor-0xdc71bba0]GL ERROR :GL_INVALID_OPERATION : glBufferData: <- error from previous GL command
04-16 02:27:30.753  2959  3414 E chromium: [ERROR:ssl_client_socket_openssl.cc(962)] handshake failed; returned -1, SSL error code 1, net_error -101
04-16 02:27:31.633  2959  3414 E chromium: [ERROR:ssl_client_socket_openssl.cc(962)] handshake failed; returned -1, SSL error code 1, net_error -101
04-16 02:27:31.854  2959  3414 E chromium: [ERROR:ssl_client_socket_openssl.cc(962)] handshake failed; returned -1, SSL error code 1, net_error -101
04-16 02:27:32.070  2959  3414 E chromium: [ERROR:ssl_client_socket_openssl.cc(962)] handshake failed; returned -1, SSL error code 1, net_error -101
04-16 02:27:40.948   684   684 E EGL_emulation: tid 684: eglCreateSyncKHR(1215): error 0x3004 (EGL_BAD_ATTRIBUTE)
04-16 02:28:15.231  2989  2989 E InputEventSender: Exception dispatching finished signal.
04-16 02:28:15.231  2989  2989 E MessageQueue-JNI: Exception in MessageQueue callback: handleReceiveCallback
04-16 02:28:15.232  2989  2989 E MessageQueue-JNI: java.lang.NullPointerException: Attempt to read from field 'android.os.Bundle android.content.pm.PackageItemInfo.metaData' on a null object reference
04-16 02:28:15.232  2989  2989 E MessageQueue-JNI: 	at android.os.Parcel.readException(Parcel.java:1552)
04-16 02:28:15.232  2989  2989 E MessageQueue-JNI: 	at android.os.Parcel.readException(Parcel.java:1499)
04-16 02:28:15.232  2989  2989 E MessageQueue-JNI: 	at android.app.ISearchManager$Stub$Proxy.getSearchableInfo(ISearchManager.java:174)
04-16 02:28:15.232  2989  2989 E MessageQueue-JNI: 	at android.app.SearchManager.getSearchableInfo(SearchManager.java:860)
04-16 02:28:15.232  2989  2989 E MessageQueue-JNI: 	at android.app.SearchDialog.show(SearchDialog.java:257)
04-16 02:28:15.232  2989  2989 E MessageQueue-JNI: 	at android.app.SearchDialog.doShow(SearchDialog.java:229)
04-16 02:28:15.232  2989  2989 E MessageQueue-JNI: 	at android.app.SearchDialog.show(SearchDialog.java:211)
04-16 02:28:15.232  2989  2989 E MessageQueue-JNI: 	at android.app.SearchManager.startSearch(SearchManager.java:633)
04-16 02:28:15.232  2989  2989 E MessageQueue-JNI: 	at android.app.SearchManager.startSearch(SearchManager.java:607)
04-16 02:28:15.232  2989  2989 E MessageQueue-JNI: 	at android.app.Activity.startSearch(Activity.java:3563)
04-16 02:28:15.232  2989  2989 E MessageQueue-JNI: 	at android.app.Activity.onSearchRequested(Activity.java:3523)
04-16 02:28:15.232  2989  2989 E MessageQueue-JNI: 	at android.support.v7.view.j.onSearchRequested(Unknown Source)
04-16 02:28:15.232  2989  2989 E MessageQueue-JNI: 	at com.android.internal.policy.impl.PhoneWindow.launchDefaultSearch(PhoneWindow.java:4131)
04-16 02:28:15.232  2989  2989 E MessageQueue-JNI: 	at com.android.internal.policy.impl.PhoneWindow.onKeyUp(PhoneWindow.java:1927)
04-16 02:28:15.232  2989  2989 E MessageQueue-JNI: 	at com.android.internal.policy.impl.PhoneWindow$DecorView.dispatchKeyEvent(PhoneWindow.java:2283)
04-16 02:28:15.232  2989  2989 E MessageQueue-JNI: 	at android.view.ViewRootImpl$ViewPostImeInputStage.processKeyEvent(ViewRootImpl.java:4020)
04-16 02:28:15.232  2989  2989 E MessageQueue-JNI: 	at android.view.ViewRootImpl$ViewPostImeInputStage.onProcess(ViewRootImpl.java:3982)
04-16 02:28:15.232  2989  2989 E MessageQueue-JNI: 	at android.view.ViewRootImpl$InputStage.deliver(ViewRootImpl.java:3544)
04-16 02:28:15.232  2989  2989 E MessageQueue-JNI: 	at android.view.ViewRootImpl$InputStage.onDeliverToNext(ViewRootImpl.java:3597)
04-16 02:28:15.232  2989  2989 E MessageQueue-JNI: 	at android.view.ViewRootImpl$InputStage.forward(ViewRootImpl.java:3563)
04-16 02:28:15.232  2989  2989 E MessageQueue-JNI: 	at android.view.ViewRootImpl$AsyncInputStage.forward(ViewRootImpl.java:3680)
04-16 02:28:15.232  2989  2989 E MessageQueue-JNI: 	at android.view.ViewRootImpl$InputStage.apply(ViewRootImpl.java:3571)
04-16 02:28:15.232  2989  2989 E MessageQueue-JNI: 	at android.view.ViewRootImpl$AsyncInputStage.apply(ViewRootImpl.java:3737)
04-16 02:28:15.232  2989  2989 E MessageQueue-JNI: 	at android.view.ViewRootImpl$InputStage.deliver(ViewRootImpl.java:3544)
04-16 02:28:15.232  2989  2989 E MessageQueue-JNI: 	at android.view.ViewRootImpl$InputStage.onDeliverToNext(ViewRootImpl.java:3597)
04-16 02:28:15.232  2989  2989 E MessageQueue-JNI: 	at android.view.ViewRootImpl$InputStage.forward(ViewRootImpl.java:3563)
04-16 02:28:15.232  2989  2989 E MessageQueue-JNI: 	at android.view.ViewRootImpl$InputStage.apply(ViewRootImpl.java:3571)
04-16 02:28:15.232  2989  2989 E MessageQueue-JNI: 	at android.view.ViewRootImpl$InputStage.deliver(ViewRootImpl.java:3544)
04-16 02:28:15.232  2989  2989 E MessageQueue-JNI: 	at android.view.ViewRootImpl$InputStage.onDeliverToNext(ViewRootImpl.java:3597)
04-16 02:28:15.232  2989  2989 E MessageQueue-JNI: 	at android.view.ViewRootImpl$InputStage.forward(ViewRootImpl.java:3563)
04-16 02:28:15.232  2989  2989 E MessageQueue-JNI: 	at android.view.ViewRootImpl$AsyncInputStage.forward(ViewRootImpl.java:3713)
04-16 02:28:15.232  2989  2989 E MessageQueue-JNI: 	at android.view.ViewRootImpl$ImeInputStage.onFinishedInputEvent(ViewRootImpl.java:3874)
04-16 02:28:15.232  2989  2989 E MessageQueue-JNI: 	at android.view.inputmethod.InputMethodManager$PendingEvent.run(InputMethodManager.java:2208)
04-16 02:28:15.232  2989  2989 E MessageQueue-JNI: 	at android.view.inputmethod.InputMethodManager.invokeFinishedInputEventCallback(InputMethodManager.java:1849)
04-16 02:28:15.232  2989  2989 E MessageQueue-JNI: 	at android.view.inputmethod.InputMethodManager.finishedInputEvent(InputMethodManager.java:1840)
04-16 02:28:15.232  2989  2989 E MessageQueue-JNI: 	at android.view.inputmethod.InputMethodManager$ImeInputEventSender.onInputEventFinished(InputMethodManager.java:2185)
04-16 02:28:15.232  2989  2989 E MessageQueue-JNI: 	at android.view.InputEventSender.dispatchInputEventFinished(InputEventSender.java:141)
04-16 02:28:15.232  2989  2989 E MessageQueue-JNI: 	at android.os.MessageQueue.nativePollOnce(Native Method)
04-16 02:28:15.232  2989  2989 E MessageQueue-JNI: 	at android.os.MessageQueue.next(MessageQueue.java:143)
04-16 02:28:15.232  2989  2989 E MessageQueue-JNI: 	at android.os.Looper.loop(Looper.java:122)
04-16 02:28:15.232  2989  2989 E MessageQueue-JNI: 	at android.app.ActivityThread.main(ActivityThread.java:5254)
04-16 02:28:15.232  2989  2989 E MessageQueue-JNI: 	at java.lang.reflect.Method.invoke(Native Method)
04-16 02:28:15.232  2989  2989 E MessageQueue-JNI: 	at java.lang.reflect.Method.invoke(Method.java:372)
04-16 02:28:15.232  2989  2989 E MessageQueue-JNI: 	at com.android.internal.os.ZygoteInit$MethodAndArgsCaller.run(ZygoteInit.java:903)
04-16 02:28:15.232  2989  2989 E MessageQueue-JNI: 	at com.android.internal.os.ZygoteInit.main(ZygoteInit.java:698)
04-16 02:28:15.232  2989  2989 E uncaughtException: #ERROR: Attempt to read from field 'android.os.Bundle android.content.pm.PackageItemInfo.metaData' on a null object reference
04-16 02:28:15.232  2989  2989 E uncaughtException: java.lang.NullPointerException: Attempt to read from field 'android.os.Bundle android.content.pm.PackageItemInfo.metaData' on a null object reference
04-16 02:28:15.232  2989  2989 E uncaughtException: 	at android.os.Parcel.readException(Parcel.java:1552)
04-16 02:28:15.232  2989  2989 E uncaughtException: 	at android.os.Parcel.readException(Parcel.java:1499)
04-16 02:28:15.232  2989  2989 E uncaughtException: 	at android.app.ISearchManager$Stub$Proxy.getSearchableInfo(ISearchManager.java:174)
04-16 02:28:15.232  2989  2989 E uncaughtException: 	at android.app.SearchManager.getSearchableInfo(SearchManager.java:860)
04-16 02:28:15.232  2989  2989 E uncaughtException: 	at android.app.SearchDialog.show(SearchDialog.java:257)
04-16 02:28:15.232  2989  2989 E uncaughtException: 	at android.app.SearchDialog.doShow(SearchDialog.java:229)
04-16 02:28:15.232  2989  2989 E uncaughtException: 	at android.app.SearchDialog.show(SearchDialog.java:211)
04-16 02:28:15.232  2989  2989 E uncaughtException: 	at android.app.SearchManager.startSearch(SearchManager.java:633)
04-16 02:28:15.232  2989  2989 E uncaughtException: 	at android.app.SearchManager.startSearch(SearchManager.java:607)
04-16 02:28:15.232  2989  2989 E uncaughtException: 	at android.app.Activity.startSearch(Activity.java:3563)
04-16 02:28:15.232  2989  2989 E uncaughtException: 	at android.app.Activity.onSearchRequested(Activity.java:3523)
04-16 02:28:15.232  2989  2989 E uncaughtException: 	at android.support.v7.view.j.onSearchRequested(Unknown Source)
04-16 02:28:15.232  2989  2989 E uncaughtException: 	at com.android.internal.policy.impl.PhoneWindow.launchDefaultSearch(PhoneWindow.java:4131)
04-16 02:28:15.232  2989  2989 E uncaughtException: 	at com.android.internal.policy.impl.PhoneWindow.onKeyUp(PhoneWindow.java:1927)
04-16 02:28:15.232  2989  2989 E uncaughtException: 	at com.android.internal.policy.impl.PhoneWindow$DecorView.dispatchKeyEvent(PhoneWindow.java:2283)
04-16 02:28:15.232  2989  2989 E uncaughtException: 	at android.view.ViewRootImpl$ViewPostImeInputStage.processKeyEvent(ViewRootImpl.java:4020)
04-16 02:28:15.232  2989  2989 E uncaughtException: 	at android.view.ViewRootImpl$ViewPostImeInputStage.onProcess(ViewRootImpl.java:3982)
04-16 02:28:15.232  2989  2989 E uncaughtException: 	at android.view.ViewRootImpl$InputStage.deliver(ViewRootImpl.java:3544)
04-16 02:28:15.232  2989  2989 E uncaughtException: 	at android.view.ViewRootImpl$InputStage.onDeliverToNext(ViewRootImpl.java:3597)
04-16 02:28:15.232  2989  2989 E uncaughtException: 	at android.view.ViewRootImpl$InputStage.forward(ViewRootImpl.java:3563)
04-16 02:28:15.232  2989  2989 E uncaughtException: 	at android.view.ViewRootImpl$AsyncInputStage.forward(ViewRootImpl.java:3680)
04-16 02:28:15.232  2989  2989 E uncaughtException: 	at android.view.ViewRootImpl$InputStage.apply(ViewRootImpl.java:3571)
04-16 02:28:15.232  2989  2989 E uncaughtException: 	at android.view.ViewRootImpl$AsyncInputStage.apply(ViewRootImpl.java:3737)
04-16 02:28:15.232  2989  2989 E uncaughtException: 	at android.view.ViewRootImpl$InputStage.deliver(ViewRootImpl.java:3544)
04-16 02:28:15.232  2989  2989 E uncaughtException: 	at android.view.ViewRootImpl$InputStage.onDeliverToNext(ViewRootImpl.java:3597)
04-16 02:28:15.232  2989  2989 E uncaughtException: 	at android.view.ViewRootImpl$InputStage.forward(ViewRootImpl.java:3563)
04-16 02:28:15.232  2989  2989 E uncaughtException: 	at android.view.ViewRootImpl$InputStage.apply(ViewRootImpl.java:3571)
04-16 02:28:15.232  2989  2989 E uncaughtException: 	at android.view.ViewRootImpl$InputStage.deliver(ViewRootImpl.java:3544)
04-16 02:28:15.232  2989  2989 E uncaughtException: 	at android.view.ViewRootImpl$InputStage.onDeliverToNext(ViewRootImpl.java:3597)
04-16 02:28:15.232  2989  2989 E uncaughtException: 	at android.view.ViewRootImpl$InputStage.forward(ViewRootImpl.java:3563)
04-16 02:28:15.232  2989  2989 E uncaughtException: 	at android.view.ViewRootImpl$AsyncInputStage.forward(ViewRootImpl.java:3713)
04-16 02:28:15.232  2989  2989 E uncaughtException: 	at android.view.ViewRootImpl$ImeInputStage.onFinishedInputEvent(ViewRootImpl.java:3874)
04-16 02:28:15.232  2989  2989 E uncaughtException: 	at android.view.inputmethod.InputMethodManager$PendingEvent.run(InputMethodManager.java:2208)
04-16 02:28:15.232  2989  2989 E uncaughtException: 	at android.view.inputmethod.InputMethodManager.invokeFinishedInputEventCallback(InputMethodManager.java:1849)
04-16 02:28:15.232  2989  2989 E uncaughtException: 	at android.view.inputmethod.InputMethodManager.finishedInputEvent(InputMethodManager.java:1840)
04-16 02:28:15.232  2989  2989 E uncaughtException: 	at android.view.inputmethod.InputMethodManager$ImeInputEventSender.onInputEventFinished(InputMethodManager.java:2185)
04-16 02:28:15.232  2989  2989 E uncaughtException: 	at android.view.InputEventSender.dispatchInputEventFinished(InputEventSender.java:141)
04-16 02:28:15.232  2989  2989 E uncaughtException: 	at android.os.MessageQueue.nativePollOnce(Native Method)
04-16 02:28:15.232  2989  2989 E uncaughtException: 	at android.os.MessageQueue.next(MessageQueue.java:143)
04-16 02:28:15.232  2989  2989 E uncaughtException: 	at android.os.Looper.loop(Looper.java:122)
04-16 02:28:15.232  2989  2989 E uncaughtException: 	at android.app.ActivityThread.main(ActivityThread.java:5254)
04-16 02:28:15.232  2989  2989 E uncaughtException: 	at java.lang.reflect.Method.invoke(Native Method)
04-16 02:28:15.232  2989  2989 E uncaughtException: 	at java.lang.reflect.Method.invoke(Method.java:372)
04-16 02:28:15.232  2989  2989 E uncaughtException: 	at com.android.internal.os.ZygoteInit$MethodAndArgsCaller.run(ZygoteInit.java:903)
04-16 02:28:15.232  2989  2989 E uncaughtException: 	at com.android.internal.os.ZygoteInit.main(ZygoteInit.java:698)
04-16 02:28:15.233  2989  2989 E JecLog  : Exception thrown when accessing the application info:
04-16 02:28:23.639   689   713 E ActivityManager: ANR in com.estrongs.android.pop:p0 (com.estrongs.android.pop/androidx.pluginmgr.PluginActivity)
04-16 02:28:23.639   689   713 E ActivityManager: PID: 2989
04-16 02:28:23.639   689   713 E ActivityManager: Reason: Input dispatching timed out (Waiting to send key event because the focused window has not finished processing all of the input events that were previously delivered to it.  Outbound queue length: 0.  Wait queue length: 1.)
04-16 02:28:23.639   689   713 E ActivityManager: Load: 0.95 / 0.69 / 0.44
04-16 02:28:23.639   689   713 E ActivityManager: CPU usage from 6010ms to 0ms ago:
04-16 02:28:23.639   689   713 E ActivityManager:   107% 2959/com.estrongs.android.pop: 1.8% user + 106% kernel / faults: 17213 minor
04-16 02:28:23.639   689   713 E ActivityManager:   2.1% 689/system_server: 1.1% user + 0.9% kernel / faults: 375 minor
04-16 02:28:23.639   689   713 E ActivityManager:   1.4% 846/com.android.systemui: 0.6% user + 0.8% kernel / faults: 152 minor
04-16 02:28:23.639   689   713 E ActivityManager:   0.3% 2989/com.estrongs.android.pop:p0: 0% user + 0.3% kernel / faults: 447 minor
04-16 02:28:23.639   689   713 E ActivityManager:   0% 452/healthd: 0% user + 0% kernel
04-16 02:28:23.639   689   713 E ActivityManager:   0.1% 684/surfaceflinger: 0% user + 0.1% kernel
04-16 02:28:23.639   689   713 E ActivityManager: 18% TOTAL: 0.5% user + 17% kernel + 0% iowait
04-16 02:28:23.639   689   713 E ActivityManager: CPU usage from 1683ms to 2191ms later:
04-16 02:28:23.639   689   713 E ActivityManager:   108% 2959/com.estrongs.android.pop: 2% user + 106% kernel / faults: 1444 minor
04-16 02:28:23.639   689   713 E ActivityManager:     100% 2959/ngs.android.pop: 0% user + 100% kernel
04-16 02:28:23.639   689   713 E ActivityManager:     6% 2976/GCDaemon: 2% user + 4% kernel
04-16 02:28:23.639   689   713 E ActivityManager:   2% 689/system_server: 0% user + 2% kernel / faults: 2 minor
04-16 02:28:23.639   689   713 E ActivityManager: 18% TOTAL: 0.3% user + 17% kernel
04-16 02:33:38.534   684   684 E EGL_emulation: tid 684: eglCreateSyncKHR(1215): error 0x3004 (EGL_BAD_ATTRIBUTE)
04-16 02:33:42.952   689   713 E JavaBinder: !!! FAILED BINDER TRANSACTION !!!
04-16 02:33:42.955   689   713 E WindowState: getStack: Window{1188fa1b u0 com.estrongs.android.pop/androidx.pluginmgr.PluginActivity} couldn't find taskId=16 Callers=com.android.server.wm.WindowManagerService.performLayoutAndPlaceSurfacesLockedInner:9750 com.android.server.wm.WindowManagerService.performLayoutAndPlaceSurfacesLockedLoop:8789 com.android.server.wm.WindowManagerService.performLayoutAndPlaceSurfacesLocked:8731 com.android.server.wm.WindowManagerService.executeAppTransition:4151 
04-16 02:33:42.955   689   713 E WindowState: getStack: Window{1188fa1b u0 com.estrongs.android.pop/androidx.pluginmgr.PluginActivity} couldn't find taskId=16 Callers=com.android.server.wm.WindowState.getDisplayContent:782 com.android.server.wm.WindowStateAnimator.updateSurfaceWindowCrop:1284 com.android.server.wm.WindowStateAnimator.setSurfaceBoundariesLocked:1459 com.android.server.wm.WindowManagerService.performLayoutAndPlaceSurfacesLockedInner:9838 
04-16 02:33:42.955   689   713 E WindowState: getStack: Window{1188fa1b u0 com.estrongs.android.pop/androidx.pluginmgr.PluginActivity} couldn't find taskId=16 Callers=com.android.server.wm.WindowState.getDisplayContent:782 com.android.server.wm.WindowState.isDefaultDisplay:1286 com.android.server.wm.WindowStateAnimator.updateSurfaceWindowCrop:1294 com.android.server.wm.WindowStateAnimator.setSurfaceBoundariesLocked:1459 
04-16 02:33:42.956   689   713 E WindowState: getStack: Window{1188fa1b u0 com.estrongs.android.pop/androidx.pluginmgr.PluginActivity} couldn't find taskId=16 Callers=com.android.server.wm.WindowState.getDisplayContent:782 com.android.server.wm.WindowState.getDisplayId:787 com.android.server.wm.InputMonitor.updateInputWindowsLw:294 com.android.server.wm.WindowManagerService.performLayoutAndPlaceSurfacesLockedInner:10089 
04-16 02:33:42.956   689   713 E WindowState: getStack: Window{1188fa1b u0 com.estrongs.android.pop/androidx.pluginmgr.PluginActivity} couldn't find taskId=16 Callers=com.android.server.wm.WindowState.getStackBounds:812 com.android.server.wm.InputMonitor.addInputWindowHandleLw:180 com.android.server.wm.InputMonitor.updateInputWindowsLw:313 com.android.server.wm.WindowManagerService.performLayoutAndPlaceSurfacesLockedInner:10089 
04-16 02:33:42.958   689  1261 E WindowState: getStack: Window{1188fa1b u0 com.estrongs.android.pop/androidx.pluginmgr.PluginActivity} couldn't find taskId=16 Callers=com.android.server.wm.WindowManagerService.performLayoutAndPlaceSurfacesLockedInner:9750 com.android.server.wm.WindowManagerService.performLayoutAndPlaceSurfacesLockedLoop:8789 com.android.server.wm.WindowManagerService.performLayoutAndPlaceSurfacesLocked:8731 com.android.server.wm.WindowManagerService.executeAppTransition:4151 
04-16 02:33:42.958   689  1261 E WindowState: getStack: Window{1188fa1b u0 com.estrongs.android.pop/androidx.pluginmgr.PluginActivity} couldn't find taskId=16 Callers=com.android.server.wm.WindowState.getDisplayContent:782 com.android.server.wm.WindowStateAnimator.updateSurfaceWindowCrop:1284 com.android.server.wm.WindowStateAnimator.setSurfaceBoundariesLocked:1459 com.android.server.wm.WindowManagerService.performLayoutAndPlaceSurfacesLockedInner:9838 
04-16 02:33:42.958   689  1261 E WindowState: getStack: Window{1188fa1b u0 com.estrongs.android.pop/androidx.pluginmgr.PluginActivity} couldn't find taskId=16 Callers=com.android.server.wm.WindowState.getDisplayContent:782 com.android.server.wm.WindowState.isDefaultDisplay:1286 com.android.server.wm.WindowStateAnimator.updateSurfaceWindowCrop:1294 com.android.server.wm.WindowStateAnimator.setSurfaceBoundariesLocked:1459 
04-16 02:33:42.958   689  1261 E WindowState: getStack: Window{1188fa1b u0 com.estrongs.android.pop/androidx.pluginmgr.PluginActivity} couldn't find taskId=16 Callers=com.android.server.wm.WindowState.getDisplayContent:782 com.android.server.wm.WindowState.getDisplayId:787 com.android.server.wm.InputMonitor.updateInputWindowsLw:294 com.android.server.wm.WindowManagerService.performLayoutAndPlaceSurfacesLockedInner:10089 
04-16 02:33:42.958   689  1261 E WindowState: getStack: Window{1188fa1b u0 com.estrongs.android.pop/androidx.pluginmgr.PluginActivity} couldn't find taskId=16 Callers=com.android.server.wm.WindowState.getStackBounds:812 com.android.server.wm.InputMonitor.addInputWindowHandleLw:180 com.android.server.wm.InputMonitor.updateInputWindowsLw:313 com.android.server.wm.WindowManagerService.performLayoutAndPlaceSurfacesLockedInner:10089 
04-16 02:33:42.962   689   718 E WindowState: getStack: Window{1188fa1b u0 com.estrongs.android.pop/androidx.pluginmgr.PluginActivity} couldn't find taskId=16 Callers=com.android.server.wm.WindowState.getDisplayContent:782 com.android.server.wm.WindowStateAnimator.stepAnimationLocked:293 com.android.server.wm.WindowAnimator.updateWindowsLocked:289 com.android.server.wm.WindowAnimator.animateLocked:674 
04-16 02:33:42.963   689   718 E WindowState: getStack: Window{1188fa1b u0 com.estrongs.android.pop/androidx.pluginmgr.PluginActivity} couldn't find taskId=16 Callers=com.android.server.wm.WindowState.getDisplayContent:782 com.android.server.wm.WindowState.getDisplayId:787 com.android.server.wm.WindowStateAnimator.computeShownFrameLocked:1057 com.android.server.wm.WindowStateAnimator.prepareSurfaceLocked:1476 
04-16 02:33:42.963   689   718 E WindowState: getStack: Window{1188fa1b u0 com.estrongs.android.pop/androidx.pluginmgr.PluginActivity} couldn't find taskId=16 Callers=com.android.server.wm.WindowState.getDisplayContent:782 com.android.server.wm.WindowStateAnimator.updateSurfaceWindowCrop:1284 com.android.server.wm.WindowStateAnimator.setSurfaceBoundariesLocked:1459 com.android.server.wm.WindowStateAnimator.prepareSurfaceLocked:1478 
04-16 02:33:42.963   689   718 E WindowState: getStack: Window{1188fa1b u0 com.estrongs.android.pop/androidx.pluginmgr.PluginActivity} couldn't find taskId=16 Callers=com.android.server.wm.WindowState.getDisplayContent:782 com.android.server.wm.WindowState.isDefaultDisplay:1286 com.android.server.wm.WindowStateAnimator.updateSurfaceWindowCrop:1294 com.android.server.wm.WindowStateAnimator.setSurfaceBoundariesLocked:1459 
04-16 02:33:42.967   689   770 E InputDispatcher: channel '1188fa1b com.estrongs.android.pop/androidx.pluginmgr.PluginActivity (server)' ~ Channel is unrecoverably broken and will be disposed!
04-16 02:33:42.979   689   718 E WindowState: getStack: Window{1188fa1b u0 com.estrongs.android.pop/androidx.pluginmgr.PluginActivity} couldn't find taskId=16 Callers=com.android.server.wm.WindowState.getDisplayContent:782 com.android.server.wm.WindowStateAnimator.stepAnimationLocked:293 com.android.server.wm.WindowAnimator.updateWindowsLocked:289 com.android.server.wm.WindowAnimator.animateLocked:674 
04-16 02:33:42.980   689   718 E WindowState: getStack: Window{1188fa1b u0 com.estrongs.android.pop/androidx.pluginmgr.PluginActivity} couldn't find taskId=16 Callers=com.android.server.wm.WindowState.getDisplayContent:782 com.android.server.wm.WindowState.getDisplayId:787 com.android.server.wm.WindowStateAnimator.computeShownFrameLocked:1057 com.android.server.wm.WindowStateAnimator.prepareSurfaceLocked:1476 
04-16 02:33:42.980   689   718 E WindowState: getStack: Window{1188fa1b u0 com.estrongs.android.pop/androidx.pluginmgr.PluginActivity} couldn't find taskId=16 Callers=com.android.server.wm.WindowState.getDisplayContent:782 com.android.server.wm.WindowStateAnimator.updateSurfaceWindowCrop:1284 com.android.server.wm.WindowStateAnimator.setSurfaceBoundariesLocked:1459 com.android.server.wm.WindowStateAnimator.prepareSurfaceLocked:1478 
04-16 02:33:42.980   689   718 E WindowState: getStack: Window{1188fa1b u0 com.estrongs.android.pop/androidx.pluginmgr.PluginActivity} couldn't find taskId=16 Callers=com.android.server.wm.WindowState.getDisplayContent:782 com.android.server.wm.WindowState.isDefaultDisplay:1286 com.android.server.wm.WindowStateAnimator.updateSurfaceWindowCrop:1294 com.android.server.wm.WindowStateAnimator.setSurfaceBoundariesLocked:1459 
04-16 02:33:42.986   689  1074 E WindowState: getStack: Window{1188fa1b u0 com.estrongs.android.pop/androidx.pluginmgr.PluginActivity} couldn't find taskId=16 Callers=com.android.server.wm.WindowState.getDisplayContent:782 com.android.server.wm.WindowState.getWindowList:1354 com.android.server.wm.WindowManagerService.removeWindowInnerLocked:2774 com.android.server.wm.WindowManagerService.removeWindowLocked:2675 
04-16 02:33:42.986   689  1074 E WindowState: getStack: Window{1188fa1b u0 com.estrongs.android.pop/androidx.pluginmgr.PluginActivity} couldn't find taskId=16 Callers=com.android.server.wm.WindowState.getDisplayContent:782 com.android.server.wm.WindowManagerService.removeWindowInnerLocked:2779 com.android.server.wm.WindowManagerService.removeWindowLocked:2675 com.android.server.wm.WindowState$DeathRecipient.binderDied:1145 
04-16 02:33:43.991  5338  5338 E libprocessgroup: failed to make and chown /acct/uid_10063: Read-only file system
04-16 02:33:50.975  5360  5360 E         : Cannot create code cache directory ./code_cache: Read-only file system.
04-16 02:33:50.996  5360  5360 E memtrack: Couldn't load memtrack module (No such file or directory)
04-16 02:33:50.996  5360  5360 E android.os.Debug: failed to load memtrack module: -2
04-16 02:33:52.690  2959  2959 E test    : onScrollChanged!
04-16 02:33:53.259  2959  2959 E test    : onScrollChanged!
04-16 02:33:53.383  2959  3392 E Ads     : This app is using a lightweight version of the Google Mobile Ads SDK that requires the latest Google Play services to be installed, but Google Play services is either missing or out of date.
04-16 02:33:53.616  2959  3392 E Ads     : This app is using a lightweight version of the Google Mobile Ads SDK that requires the latest Google Play services to be installed, but Google Play services is either missing or out of date.
04-16 02:34:10.012   689   707 E AudioService: Could not get client death handler for stream: 1
04-16 02:34:10.012   689   707 E AudioService: Could not get client death handler for stream: 2
04-16 02:34:10.012   689   707 E AudioService: Could not get client death handler for stream: 5
04-16 02:34:10.012   689   707 E AudioService: Could not get client death handler for stream: 7
04-16 02:34:10.012   689   707 E AudioService: Could not get client death handler for stream: 8
04-16 02:34:14.179   689  1913 E AudioService: Could not get client death handler for stream: 1
04-16 02:34:14.179   689  1913 E AudioService: Could not get client death handler for stream: 2
04-16 02:34:14.179   689  1913 E AudioService: Could not get client death handler for stream: 5
04-16 02:34:14.179   689  1913 E AudioService: Could not get client death handler for stream: 7
04-16 02:34:14.179   689  1913 E AudioService: Could not get client death handler for stream: 8
04-16 02:34:34.998   689  1913 E AudioService: Could not get client death handler for stream: 1
04-16 02:34:34.998   689  1913 E AudioService: Could not get client death handler for stream: 2
04-16 02:34:34.998   689  1913 E AudioService: Could not get client death handler for stream: 5
04-16 02:34:34.998   689  1913 E AudioService: Could not get client death handler for stream: 7
04-16 02:34:34.998   689  1913 E AudioService: Could not get client death handler for stream: 8
04-16 02:35:10.380   887   887 E RichInputConnection: Unable to connect to the editor to retrieve text.
04-16 02:35:10.398   887   887 E RichInputConnection: Unable to connect to the editor to retrieve text.
04-16 02:35:10.662   887   887 E RichInputConnection: Unable to connect to the editor to retrieve text.
04-16 02:35:10.719   887   887 E RichInputConnection: Unable to connect to the editor to retrieve text.
04-16 02:35:18.131   887   887 E RichInputConnection: Unable to connect to the editor to retrieve text.
04-16 02:35:18.135   887   887 E RichInputConnection: Unable to connect to the editor to retrieve text.
04-16 02:35:19.074  2959  2959 E test    : onScrollChanged!
04-16 02:35:34.496  2959  2959 E test    : onScrollChanged!
04-16 02:35:36.709  2959  2959 E test    : onScrollChanged!
04-16 02:35:42.604  2959  2959 E test    : onScrollChanged!
04-16 02:35:52.669  2959  2959 E test    : onScrollChanged!
04-16 02:35:53.312   689   708 E AudioService: Could not get client death handler for stream: 1
04-16 02:35:53.312   689   708 E AudioService: Could not get client death handler for stream: 2
04-16 02:35:53.312   689   708 E AudioService: Could not get client death handler for stream: 5
04-16 02:35:53.312   689   708 E AudioService: Could not get client death handler for stream: 7
04-16 02:35:53.312   689   708 E AudioService: Could not get client death handler for stream: 8
04-16 02:35:53.319  2959  2959 E test    : onScrollChanged!
04-16 02:35:53.870  2959  2959 E test    : onScrollChanged!
04-16 02:35:54.824  2959  2959 E test    : onScrollChanged!
04-16 02:35:54.824  2959  2959 E test    : onScrollChanged!
04-16 02:35:55.327  2959  2959 E test    : onScrollChanged!
04-16 02:35:55.505  2959  2959 E test    : onScrollChanged!
04-16 02:35:56.357  2959  2959 E test    : onScrollChanged!
04-16 02:35:56.858  2959  2959 E test    : onScrollChanged!
04-16 02:35:57.872  2959  2959 E test    : onScrollChanged!
04-16 02:35:59.382  2959  2959 E test    : onScrollChanged!
04-16 02:36:01.948  2959  2959 E test    : onScrollChanged!
04-16 02:36:03.503  2959  2959 E test    : onScrollChanged!
04-16 02:36:05.059   689  1903 E AudioService: Could not get client death handler for stream: 1
04-16 02:36:05.059   689  1903 E AudioService: Could not get client death handler for stream: 2
04-16 02:36:05.059   689  1903 E AudioService: Could not get client death handler for stream: 5
04-16 02:36:05.059   689  1903 E AudioService: Could not get client death handler for stream: 7
04-16 02:36:05.059   689  1903 E AudioService: Could not get client death handler for stream: 8
04-16 02:36:11.386  2959  2959 E test    : onScrollChanged!
04-16 02:36:15.895  2959  2959 E test    : onScrollChanged!
04-16 02:36:15.896  2959  2959 E test    : onScrollChanged!
04-16 02:36:17.184   689   909 E AudioService: Could not get client death handler for stream: 1
04-16 02:36:17.184   689   909 E AudioService: Could not get client death handler for stream: 2
04-16 02:36:17.184   689   909 E AudioService: Could not get client death handler for stream: 5
04-16 02:36:17.184   689   909 E AudioService: Could not get client death handler for stream: 7
04-16 02:36:17.184   689   909 E AudioService: Could not get client death handler for stream: 8
04-16 02:36:18.749  2959  2959 E test    : onScrollChanged!
04-16 02:36:21.221  2959  2959 E test    : onScrollChanged!
04-16 02:36:22.728  2959  2959 E test    : onScrollChanged!
04-16 02:36:24.910  2959  2959 E test    : onScrollChanged!
04-16 02:36:28.580  2959  2959 E test    : onScrollChanged!
04-16 02:36:28.581  2959  2959 E test    : onScrollChanged!
04-16 02:36:30.660  2959  2959 E test    : onScrollChanged!
04-16 02:36:30.660  2959  2959 E test    : onScrollChanged!
04-16 02:36:35.707  2959  2959 E test    : onScrollChanged!
04-16 02:36:35.707  2959  2959 E test    : onScrollChanged!
04-16 02:36:39.258  2959  2959 E test    : onScrollChanged!
04-16 02:36:39.259  2959  2959 E test    : onScrollChanged!
04-16 02:36:39.708   689   708 E AudioService: Could not get client death handler for stream: 1
04-16 02:36:39.708   689   708 E AudioService: Could not get client death handler for stream: 2
04-16 02:36:39.708   689   708 E AudioService: Could not get client death handler for stream: 5
04-16 02:36:39.708   689   708 E AudioService: Could not get client death handler for stream: 7
04-16 02:36:39.708   689   708 E AudioService: Could not get client death handler for stream: 8
04-16 02:36:41.221  2959  2959 E test    : onScrollChanged!
04-16 02:36:44.405  2959  2959 E test    : onScrollChanged!
04-16 02:36:44.406  2959  2959 E test    : onScrollChanged!
04-16 02:36:45.273  2959  2959 E test    : onScrollChanged!
04-16 02:36:49.842  5690  5690 E libprocessgroup: failed to make and chown /acct/uid_10013: Read-only file system
04-16 02:36:50.044   684   684 E EGL_emulation: tid 684: eglCreateSyncKHR(1215): error 0x3004 (EGL_BAD_ATTRIBUTE)
04-16 02:36:53.869  2959  2959 E test    : onScrollChanged!
04-16 02:36:57.909  2959  2959 E test    : onScrollChanged!
