--------- beginning of system
04-16 01:57:43.702   420   420 E network_profile_handler: init_all_network_profile_state: wlan: eth1 phone:rmnet0
04-16 01:57:49.388   420   739 E network_profile_handler: Error. network interface data NULL
04-16 01:57:53.758   689   689 E LockSettingsStorage: Cannot read file java.io.FileNotFoundException: /data/system/password.key: open failed: ENOENT (No such file or directory)
04-16 01:57:53.758   689   689 E LockSettingsStorage: Cannot read file java.io.FileNotFoundException: /data/system/gesture.key: open failed: ENOENT (No such file or directory)
04-16 01:57:53.787   689   689 E WifiService: Invoking mWifiStateMachine.setWifiEnabled
04-16 01:57:53.995   826   826 E libprocessgroup: failed to make and chown /acct/uid_1037: Read-only file system
04-16 01:57:54.063   846   846 E libprocessgroup: failed to make and chown /acct/uid_10013: Read-only file system
04-16 01:57:54.439   689   689 E InputMethodManagerService: Ignoring setImeWindowStatus due to an invalid token. uid:1000 token:null
04-16 01:57:54.528   887   887 E libprocessgroup: failed to make and chown /acct/uid_10038: Read-only file system
04-16 01:57:55.019   689   689 E LocationManagerService: no geocoder provider found
04-16 01:57:55.019   689   689 E LocationManagerService: FLP HAL not supported
04-16 01:57:55.021   689   689 E LocationManagerService: Unable to bind FLP Geofence proxy.
04-16 01:57:55.021   689   689 E LocationManagerService: Hardware Activity-Recognition not supported.
04-16 01:57:55.205   946   946 E libprocessgroup: failed to make and chown /acct/uid_1000: Read-only file system
04-16 01:57:55.540   967   967 E libprocessgroup: failed to make and chown /acct/uid_1001: Read-only file system
04-16 01:57:55.660  1013  1013 E libprocessgroup: failed to make and chown /acct/uid_1000: Read-only file system
04-16 01:57:55.844  1052  1052 E libprocessgroup: failed to make and chown /acct/uid_10039: Read-only file system
04-16 01:57:56.017  1075  1075 E libprocessgroup: failed to make and chown /acct/uid_10050: Read-only file system
04-16 01:57:57.562  1150  1150 E libprocessgroup: failed to make and chown /acct/uid_10002: Read-only file system
04-16 01:57:59.241   689   804 E ConnectivityService: Unexpected mtu value: 0, eth1
04-16 01:58:00.890  1273  1273 E libprocessgroup: failed to make and chown /acct/uid_10055: Read-only file system
04-16 01:58:01.353   689   804 E ConnectivityService: Failed to find Messenger in unregisterNetworkFactory
04-16 01:58:02.854  1352  1352 E libprocessgroup: failed to make and chown /acct/uid_10062: Read-only file system
--------- beginning of crash
04-16 01:58:06.954  1352  1378 E AndroidRuntime: FATAL EXCEPTION: Thread-72
04-16 01:58:06.954  1352  1378 E AndroidRuntime: Process: com.estrongs.android.pop, PID: 1352
04-16 01:58:06.954  1352  1378 E AndroidRuntime: java.lang.Error: java.net.ConnectException: failed to connect to /10.0.3.2 (port 23745): connect failed: ECONNREFUSED (Connection refused)
04-16 01:58:06.954  1352  1378 E AndroidRuntime: 	at com.apposcopy.ella.runtime.Ella$UploadThread.run(Ella.java:46)
04-16 01:58:06.954  1352  1378 E AndroidRuntime: Caused by: java.net.ConnectException: failed to connect to /10.0.3.2 (port 23745): connect failed: ECONNREFUSED (Connection refused)
04-16 01:58:06.954  1352  1378 E AndroidRuntime: 	at libcore.io.IoBridge.connect(IoBridge.java:124)
04-16 01:58:06.954  1352  1378 E AndroidRuntime: 	at java.net.PlainSocketImpl.connect(PlainSocketImpl.java:183)
04-16 01:58:06.954  1352  1378 E AndroidRuntime: 	at java.net.PlainSocketImpl.connect(PlainSocketImpl.java:163)
04-16 01:58:06.954  1352  1378 E AndroidRuntime: 	at java.net.Socket.startupSocket(Socket.java:590)
04-16 01:58:06.954  1352  1378 E AndroidRuntime: 	at java.net.Socket.tryAllAddresses(Socket.java:128)
04-16 01:58:06.954  1352  1378 E AndroidRuntime: 	at java.net.Socket.<init>(Socket.java:178)
04-16 01:58:06.954  1352  1378 E AndroidRuntime: 	at java.net.Socket.<init>(Socket.java:150)
04-16 01:58:06.954  1352  1378 E AndroidRuntime: 	at com.apposcopy.ella.runtime.Ella$UploadThread.run(Ella.java:42)
04-16 01:58:06.954  1352  1378 E AndroidRuntime: Caused by: android.system.ErrnoException: connect failed: ECONNREFUSED (Connection refused)
04-16 01:58:06.954  1352  1378 E AndroidRuntime: 	at libcore.io.Posix.connect(Native Method)
04-16 01:58:06.954  1352  1378 E AndroidRuntime: 	at libcore.io.BlockGuardOs.connect(BlockGuardOs.java:111)
04-16 01:58:06.954  1352  1378 E AndroidRuntime: 	at libcore.io.IoBridge.connectErrno(IoBridge.java:137)
04-16 01:58:06.954  1352  1378 E AndroidRuntime: 	at libcore.io.IoBridge.connect(IoBridge.java:122)
04-16 01:58:06.954  1352  1378 E AndroidRuntime: 	... 7 more
04-16 01:58:10.504  1441  1441 E libprocessgroup: failed to make and chown /acct/uid_10062: Read-only file system
04-16 01:58:10.620  1441  1462 E AndroidRuntime: FATAL EXCEPTION: Thread-77
04-16 01:58:10.620  1441  1462 E AndroidRuntime: Process: com.estrongs.android.pop:local, PID: 1441
04-16 01:58:10.620  1441  1462 E AndroidRuntime: java.lang.Error: java.net.ConnectException: failed to connect to /10.0.3.2 (port 23745): connect failed: ECONNREFUSED (Connection refused)
04-16 01:58:10.620  1441  1462 E AndroidRuntime: 	at com.apposcopy.ella.runtime.Ella$UploadThread.run(Ella.java:46)
04-16 01:58:10.620  1441  1462 E AndroidRuntime: Caused by: java.net.ConnectException: failed to connect to /10.0.3.2 (port 23745): connect failed: ECONNREFUSED (Connection refused)
04-16 01:58:10.620  1441  1462 E AndroidRuntime: 	at libcore.io.IoBridge.connect(IoBridge.java:124)
04-16 01:58:10.620  1441  1462 E AndroidRuntime: 	at java.net.PlainSocketImpl.connect(PlainSocketImpl.java:183)
04-16 01:58:10.620  1441  1462 E AndroidRuntime: 	at java.net.PlainSocketImpl.connect(PlainSocketImpl.java:163)
04-16 01:58:10.620  1441  1462 E AndroidRuntime: 	at java.net.Socket.startupSocket(Socket.java:590)
04-16 01:58:10.620  1441  1462 E AndroidRuntime: 	at java.net.Socket.tryAllAddresses(Socket.java:128)
04-16 01:58:10.620  1441  1462 E AndroidRuntime: 	at java.net.Socket.<init>(Socket.java:178)
04-16 01:58:10.620  1441  1462 E AndroidRuntime: 	at java.net.Socket.<init>(Socket.java:150)
04-16 01:58:10.620  1441  1462 E AndroidRuntime: 	at com.apposcopy.ella.runtime.Ella$UploadThread.run(Ella.java:42)
04-16 01:58:10.620  1441  1462 E AndroidRuntime: Caused by: android.system.ErrnoException: connect failed: ECONNREFUSED (Connection refused)
04-16 01:58:10.620  1441  1462 E AndroidRuntime: 	at libcore.io.Posix.connect(Native Method)
04-16 01:58:10.620  1441  1462 E AndroidRuntime: 	at libcore.io.BlockGuardOs.connect(BlockGuardOs.java:111)
04-16 01:58:10.620  1441  1462 E AndroidRuntime: 	at libcore.io.IoBridge.connectErrno(IoBridge.java:137)
04-16 01:58:10.620  1441  1462 E AndroidRuntime: 	at libcore.io.IoBridge.connect(IoBridge.java:122)
04-16 01:58:10.620  1441  1462 E AndroidRuntime: 	... 7 more
04-16 01:58:10.973   689   718 E ActivityManager: Unable to mark boot complete for abi: armeabi-v7a
04-16 01:58:11.799  1352  1487 E ActivityThread: Failed to find provider info for com.facebook.katana.provider.AttributionIdProvider
04-16 01:58:13.265  1530  1530 E libprocessgroup: failed to make and chown /acct/uid_10005: Read-only file system
04-16 01:58:14.316  1564  1564 E libprocessgroup: failed to make and chown /acct/uid_10008: Read-only file system
04-16 01:58:15.476  1608  1608 E libprocessgroup: failed to make and chown /acct/uid_10042: Read-only file system
04-16 01:58:15.959  1632  1632 E libprocessgroup: failed to make and chown /acct/uid_10021: Read-only file system
04-16 01:58:16.339  1661  1661 E libprocessgroup: failed to make and chown /acct/uid_10027: Read-only file system
04-16 01:58:16.462  1680  1680 E libprocessgroup: failed to make and chown /acct/uid_10001: Read-only file system
04-16 01:58:16.928  1707  1707 E libprocessgroup: failed to make and chown /acct/uid_1000: Read-only file system
04-16 01:58:17.139  1746  1746 E libprocessgroup: failed to make and chown /acct/uid_10004: Read-only file system
04-16 01:58:17.406  1771  1771 E libprocessgroup: failed to make and chown /acct/uid_10007: Read-only file system
04-16 01:58:17.949  1802  1802 E libprocessgroup: failed to make and chown /acct/uid_10010: Read-only file system
04-16 01:58:18.210  1827  1827 E libprocessgroup: failed to make and chown /acct/uid_1000: Read-only file system
04-16 01:58:18.638  1847  1847 E libprocessgroup: failed to make and chown /acct/uid_10062: Read-only file system
04-16 01:58:18.939  1869  1869 E libprocessgroup: failed to make and chown /acct/uid_10014: Read-only file system
04-16 01:58:18.957  1847  1875 E AndroidRuntime: FATAL EXCEPTION: Thread-137
04-16 01:58:18.957  1847  1875 E AndroidRuntime: Process: .esfm, PID: 1847
04-16 01:58:18.957  1847  1875 E AndroidRuntime: java.lang.Error: java.net.ConnectException: failed to connect to /10.0.3.2 (port 23745): connect failed: ECONNREFUSED (Connection refused)
04-16 01:58:18.957  1847  1875 E AndroidRuntime: 	at com.apposcopy.ella.runtime.Ella$UploadThread.run(Ella.java:46)
04-16 01:58:18.957  1847  1875 E AndroidRuntime: Caused by: java.net.ConnectException: failed to connect to /10.0.3.2 (port 23745): connect failed: ECONNREFUSED (Connection refused)
04-16 01:58:18.957  1847  1875 E AndroidRuntime: 	at libcore.io.IoBridge.connect(IoBridge.java:124)
04-16 01:58:18.957  1847  1875 E AndroidRuntime: 	at java.net.PlainSocketImpl.connect(PlainSocketImpl.java:183)
04-16 01:58:18.957  1847  1875 E AndroidRuntime: 	at java.net.PlainSocketImpl.connect(PlainSocketImpl.java:163)
04-16 01:58:18.957  1847  1875 E AndroidRuntime: 	at java.net.Socket.startupSocket(Socket.java:590)
04-16 01:58:18.957  1847  1875 E AndroidRuntime: 	at java.net.Socket.tryAllAddresses(Socket.java:128)
04-16 01:58:18.957  1847  1875 E AndroidRuntime: 	at java.net.Socket.<init>(Socket.java:178)
04-16 01:58:18.957  1847  1875 E AndroidRuntime: 	at java.net.Socket.<init>(Socket.java:150)
04-16 01:58:18.957  1847  1875 E AndroidRuntime: 	at com.apposcopy.ella.runtime.Ella$UploadThread.run(Ella.java:42)
04-16 01:58:18.957  1847  1875 E AndroidRuntime: Caused by: android.system.ErrnoException: connect failed: ECONNREFUSED (Connection refused)
04-16 01:58:18.957  1847  1875 E AndroidRuntime: 	at libcore.io.Posix.connect(Native Method)
04-16 01:58:18.957  1847  1875 E AndroidRuntime: 	at libcore.io.BlockGuardOs.connect(BlockGuardOs.java:111)
04-16 01:58:18.957  1847  1875 E AndroidRuntime: 	at libcore.io.IoBridge.connectErrno(IoBridge.java:137)
04-16 01:58:18.957  1847  1875 E AndroidRuntime: 	at libcore.io.IoBridge.connect(IoBridge.java:122)
04-16 01:58:18.957  1847  1875 E AndroidRuntime: 	... 7 more
04-16 01:58:19.247  1905  1905 E libprocessgroup: failed to make and chown /acct/uid_10031: Read-only file system
04-16 01:58:19.624  1932  1932 E libprocessgroup: failed to make and chown /acct/uid_10032: Read-only file system
04-16 01:58:19.959  1963  1963 E libprocessgroup: failed to make and chown /acct/uid_1000: Read-only file system
04-16 01:58:51.215  2023  2023 E libprocessgroup: failed to make and chown /acct/uid_10062: Read-only file system
04-16 01:58:51.281  2023  2043 E AndroidRuntime: FATAL EXCEPTION: Thread-162
04-16 01:58:51.281  2023  2043 E AndroidRuntime: Process: .esfm, PID: 2023
04-16 01:58:51.281  2023  2043 E AndroidRuntime: java.lang.Error: java.net.ConnectException: failed to connect to /10.0.3.2 (port 23745): connect failed: ECONNREFUSED (Connection refused)
04-16 01:58:51.281  2023  2043 E AndroidRuntime: 	at com.apposcopy.ella.runtime.Ella$UploadThread.run(Ella.java:46)
04-16 01:58:51.281  2023  2043 E AndroidRuntime: Caused by: java.net.ConnectException: failed to connect to /10.0.3.2 (port 23745): connect failed: ECONNREFUSED (Connection refused)
04-16 01:58:51.281  2023  2043 E AndroidRuntime: 	at libcore.io.IoBridge.connect(IoBridge.java:124)
04-16 01:58:51.281  2023  2043 E AndroidRuntime: 	at java.net.PlainSocketImpl.connect(PlainSocketImpl.java:183)
04-16 01:58:51.281  2023  2043 E AndroidRuntime: 	at java.net.PlainSocketImpl.connect(PlainSocketImpl.java:163)
04-16 01:58:51.281  2023  2043 E AndroidRuntime: 	at java.net.Socket.startupSocket(Socket.java:590)
04-16 01:58:51.281  2023  2043 E AndroidRuntime: 	at java.net.Socket.tryAllAddresses(Socket.java:128)
04-16 01:58:51.281  2023  2043 E AndroidRuntime: 	at java.net.Socket.<init>(Socket.java:178)
04-16 01:58:51.281  2023  2043 E AndroidRuntime: 	at java.net.Socket.<init>(Socket.java:150)
04-16 01:58:51.281  2023  2043 E AndroidRuntime: 	at com.apposcopy.ella.runtime.Ella$UploadThread.run(Ella.java:42)
04-16 01:58:51.281  2023  2043 E AndroidRuntime: Caused by: android.system.ErrnoException: connect failed: ECONNREFUSED (Connection refused)
04-16 01:58:51.281  2023  2043 E AndroidRuntime: 	at libcore.io.Posix.connect(Native Method)
04-16 01:58:51.281  2023  2043 E AndroidRuntime: 	at libcore.io.BlockGuardOs.connect(BlockGuardOs.java:111)
04-16 01:58:51.281  2023  2043 E AndroidRuntime: 	at libcore.io.IoBridge.connectErrno(IoBridge.java:137)
04-16 01:58:51.281  2023  2043 E AndroidRuntime: 	at libcore.io.IoBridge.connect(IoBridge.java:122)
04-16 01:58:51.281  2023  2043 E AndroidRuntime: 	... 7 more
04-16 01:58:56.550  2101  2101 E libprocessgroup: failed to make and chown /acct/uid_10062: Read-only file system
04-16 01:58:56.583  2101  2121 E AndroidRuntime: FATAL EXCEPTION: Thread-167
04-16 01:58:56.583  2101  2121 E AndroidRuntime: Process: .esfm, PID: 2101
04-16 01:58:56.583  2101  2121 E AndroidRuntime: java.lang.Error: java.net.ConnectException: failed to connect to /10.0.3.2 (port 23745): connect failed: ECONNREFUSED (Connection refused)
04-16 01:58:56.583  2101  2121 E AndroidRuntime: 	at com.apposcopy.ella.runtime.Ella$UploadThread.run(Ella.java:46)
04-16 01:58:56.583  2101  2121 E AndroidRuntime: Caused by: java.net.ConnectException: failed to connect to /10.0.3.2 (port 23745): connect failed: ECONNREFUSED (Connection refused)
04-16 01:58:56.583  2101  2121 E AndroidRuntime: 	at libcore.io.IoBridge.connect(IoBridge.java:124)
04-16 01:58:56.583  2101  2121 E AndroidRuntime: 	at java.net.PlainSocketImpl.connect(PlainSocketImpl.java:183)
04-16 01:58:56.583  2101  2121 E AndroidRuntime: 	at java.net.PlainSocketImpl.connect(PlainSocketImpl.java:163)
04-16 01:58:56.583  2101  2121 E AndroidRuntime: 	at java.net.Socket.startupSocket(Socket.java:590)
04-16 01:58:56.583  2101  2121 E AndroidRuntime: 	at java.net.Socket.tryAllAddresses(Socket.java:128)
04-16 01:58:56.583  2101  2121 E AndroidRuntime: 	at java.net.Socket.<init>(Socket.java:178)
04-16 01:58:56.583  2101  2121 E AndroidRuntime: 	at java.net.Socket.<init>(Socket.java:150)
04-16 01:58:56.583  2101  2121 E AndroidRuntime: 	at com.apposcopy.ella.runtime.Ella$UploadThread.run(Ella.java:42)
04-16 01:58:56.583  2101  2121 E AndroidRuntime: Caused by: android.system.ErrnoException: connect failed: ECONNREFUSED (Connection refused)
04-16 01:58:56.583  2101  2121 E AndroidRuntime: 	at libcore.io.Posix.connect(Native Method)
04-16 01:58:56.583  2101  2121 E AndroidRuntime: 	at libcore.io.BlockGuardOs.connect(BlockGuardOs.java:111)
04-16 01:58:56.583  2101  2121 E AndroidRuntime: 	at libcore.io.IoBridge.connectErrno(IoBridge.java:137)
04-16 01:58:56.583  2101  2121 E AndroidRuntime: 	at libcore.io.IoBridge.connect(IoBridge.java:122)
04-16 01:58:56.583  2101  2121 E AndroidRuntime: 	... 7 more
04-16 01:58:57.959  2101  2180 E ActivityThread: Failed to find provider info for com.facebook.katana.provider.AttributionIdProvider
04-16 01:58:59.459  2195  2195 E libprocessgroup: failed to make and chown /acct/uid_10062: Read-only file system
04-16 01:58:59.545  2195  2216 E AndroidRuntime: FATAL EXCEPTION: Thread-173
04-16 01:58:59.545  2195  2216 E AndroidRuntime: Process: .esfm, PID: 2195
04-16 01:58:59.545  2195  2216 E AndroidRuntime: java.lang.Error: java.net.ConnectException: failed to connect to /10.0.3.2 (port 23745): connect failed: ECONNREFUSED (Connection refused)
04-16 01:58:59.545  2195  2216 E AndroidRuntime: 	at com.apposcopy.ella.runtime.Ella$UploadThread.run(Ella.java:46)
04-16 01:58:59.545  2195  2216 E AndroidRuntime: Caused by: java.net.ConnectException: failed to connect to /10.0.3.2 (port 23745): connect failed: ECONNREFUSED (Connection refused)
04-16 01:58:59.545  2195  2216 E AndroidRuntime: 	at libcore.io.IoBridge.connect(IoBridge.java:124)
04-16 01:58:59.545  2195  2216 E AndroidRuntime: 	at java.net.PlainSocketImpl.connect(PlainSocketImpl.java:183)
04-16 01:58:59.545  2195  2216 E AndroidRuntime: 	at java.net.PlainSocketImpl.connect(PlainSocketImpl.java:163)
04-16 01:58:59.545  2195  2216 E AndroidRuntime: 	at java.net.Socket.startupSocket(Socket.java:590)
04-16 01:58:59.545  2195  2216 E AndroidRuntime: 	at java.net.Socket.tryAllAddresses(Socket.java:128)
04-16 01:58:59.545  2195  2216 E AndroidRuntime: 	at java.net.Socket.<init>(Socket.java:178)
04-16 01:58:59.545  2195  2216 E AndroidRuntime: 	at java.net.Socket.<init>(Socket.java:150)
04-16 01:58:59.545  2195  2216 E AndroidRuntime: 	at com.apposcopy.ella.runtime.Ella$UploadThread.run(Ella.java:42)
04-16 01:58:59.545  2195  2216 E AndroidRuntime: Caused by: android.system.ErrnoException: connect failed: ECONNREFUSED (Connection refused)
04-16 01:58:59.545  2195  2216 E AndroidRuntime: 	at libcore.io.Posix.connect(Native Method)
04-16 01:58:59.545  2195  2216 E AndroidRuntime: 	at libcore.io.BlockGuardOs.connect(BlockGuardOs.java:111)
04-16 01:58:59.545  2195  2216 E AndroidRuntime: 	at libcore.io.IoBridge.connectErrno(IoBridge.java:137)
04-16 01:58:59.545  2195  2216 E AndroidRuntime: 	at libcore.io.IoBridge.connect(IoBridge.java:122)
04-16 01:58:59.545  2195  2216 E AndroidRuntime: 	... 7 more
04-16 01:59:08.366  2228  2228 E libprocessgroup: failed to make and chown /acct/uid_10062: Read-only file system
04-16 01:59:08.406  2228  2248 E AndroidRuntime: FATAL EXCEPTION: Thread-177
04-16 01:59:08.406  2228  2248 E AndroidRuntime: Process: com.estrongs.android.pop:local, PID: 2228
04-16 01:59:08.406  2228  2248 E AndroidRuntime: java.lang.Error: java.net.ConnectException: failed to connect to /10.0.3.2 (port 23745): connect failed: ECONNREFUSED (Connection refused)
04-16 01:59:08.406  2228  2248 E AndroidRuntime: 	at com.apposcopy.ella.runtime.Ella$UploadThread.run(Ella.java:46)
04-16 01:59:08.406  2228  2248 E AndroidRuntime: Caused by: java.net.ConnectException: failed to connect to /10.0.3.2 (port 23745): connect failed: ECONNREFUSED (Connection refused)
04-16 01:59:08.406  2228  2248 E AndroidRuntime: 	at libcore.io.IoBridge.connect(IoBridge.java:124)
04-16 01:59:08.406  2228  2248 E AndroidRuntime: 	at java.net.PlainSocketImpl.connect(PlainSocketImpl.java:183)
04-16 01:59:08.406  2228  2248 E AndroidRuntime: 	at java.net.PlainSocketImpl.connect(PlainSocketImpl.java:163)
04-16 01:59:08.406  2228  2248 E AndroidRuntime: 	at java.net.Socket.startupSocket(Socket.java:590)
04-16 01:59:08.406  2228  2248 E AndroidRuntime: 	at java.net.Socket.tryAllAddresses(Socket.java:128)
04-16 01:59:08.406  2228  2248 E AndroidRuntime: 	at java.net.Socket.<init>(Socket.java:178)
04-16 01:59:08.406  2228  2248 E AndroidRuntime: 	at java.net.Socket.<init>(Socket.java:150)
04-16 01:59:08.406  2228  2248 E AndroidRuntime: 	at com.apposcopy.ella.runtime.Ella$UploadThread.run(Ella.java:42)
04-16 01:59:08.406  2228  2248 E AndroidRuntime: Caused by: android.system.ErrnoException: connect failed: ECONNREFUSED (Connection refused)
04-16 01:59:08.406  2228  2248 E AndroidRuntime: 	at libcore.io.Posix.connect(Native Method)
04-16 01:59:08.406  2228  2248 E AndroidRuntime: 	at libcore.io.BlockGuardOs.connect(BlockGuardOs.java:111)
04-16 01:59:08.406  2228  2248 E AndroidRuntime: 	at libcore.io.IoBridge.connectErrno(IoBridge.java:137)
04-16 01:59:08.406  2228  2248 E AndroidRuntime: 	at libcore.io.IoBridge.connect(IoBridge.java:122)
04-16 01:59:08.406  2228  2248 E AndroidRuntime: 	... 7 more
04-16 01:59:09.376  2228  2305 E ActivityThread: Failed to find provider info for com.facebook.katana.provider.AttributionIdProvider
04-16 01:59:10.203  2315  2315 E libprocessgroup: failed to make and chown /acct/uid_10062: Read-only file system
04-16 01:59:10.316  2315  2335 E AndroidRuntime: FATAL EXCEPTION: Thread-182
04-16 01:59:10.316  2315  2335 E AndroidRuntime: Process: .esfm, PID: 2315
04-16 01:59:10.316  2315  2335 E AndroidRuntime: java.lang.Error: java.net.ConnectException: failed to connect to /10.0.3.2 (port 23745): connect failed: ECONNREFUSED (Connection refused)
04-16 01:59:10.316  2315  2335 E AndroidRuntime: 	at com.apposcopy.ella.runtime.Ella$UploadThread.run(Ella.java:46)
04-16 01:59:10.316  2315  2335 E AndroidRuntime: Caused by: java.net.ConnectException: failed to connect to /10.0.3.2 (port 23745): connect failed: ECONNREFUSED (Connection refused)
04-16 01:59:10.316  2315  2335 E AndroidRuntime: 	at libcore.io.IoBridge.connect(IoBridge.java:124)
04-16 01:59:10.316  2315  2335 E AndroidRuntime: 	at java.net.PlainSocketImpl.connect(PlainSocketImpl.java:183)
04-16 01:59:10.316  2315  2335 E AndroidRuntime: 	at java.net.PlainSocketImpl.connect(PlainSocketImpl.java:163)
04-16 01:59:10.316  2315  2335 E AndroidRuntime: 	at java.net.Socket.startupSocket(Socket.java:590)
04-16 01:59:10.316  2315  2335 E AndroidRuntime: 	at java.net.Socket.tryAllAddresses(Socket.java:128)
04-16 01:59:10.316  2315  2335 E AndroidRuntime: 	at java.net.Socket.<init>(Socket.java:178)
04-16 01:59:10.316  2315  2335 E AndroidRuntime: 	at java.net.Socket.<init>(Socket.java:150)
04-16 01:59:10.316  2315  2335 E AndroidRuntime: 	at com.apposcopy.ella.runtime.Ella$UploadThread.run(Ella.java:42)
04-16 01:59:10.316  2315  2335 E AndroidRuntime: Caused by: android.system.ErrnoException: connect failed: ECONNREFUSED (Connection refused)
04-16 01:59:10.316  2315  2335 E AndroidRuntime: 	at libcore.io.Posix.connect(Native Method)
04-16 01:59:10.316  2315  2335 E AndroidRuntime: 	at libcore.io.BlockGuardOs.connect(BlockGuardOs.java:111)
04-16 01:59:10.316  2315  2335 E AndroidRuntime: 	at libcore.io.IoBridge.connectErrno(IoBridge.java:137)
04-16 01:59:10.316  2315  2335 E AndroidRuntime: 	at libcore.io.IoBridge.connect(IoBridge.java:122)
04-16 01:59:10.316  2315  2335 E AndroidRuntime: 	... 7 more
04-16 01:59:10.948  2373  2373 E libprocessgroup: failed to make and chown /acct/uid_10062: Read-only file system
04-16 01:59:11.138  2373  2399 E AndroidRuntime: FATAL EXCEPTION: Thread-188
04-16 01:59:11.138  2373  2399 E AndroidRuntime: Process: com.estrongs.android.pop:local, PID: 2373
04-16 01:59:11.138  2373  2399 E AndroidRuntime: java.lang.Error: java.net.ConnectException: failed to connect to /10.0.3.2 (port 23745): connect failed: ECONNREFUSED (Connection refused)
04-16 01:59:11.138  2373  2399 E AndroidRuntime: 	at com.apposcopy.ella.runtime.Ella$UploadThread.run(Ella.java:46)
04-16 01:59:11.138  2373  2399 E AndroidRuntime: Caused by: java.net.ConnectException: failed to connect to /10.0.3.2 (port 23745): connect failed: ECONNREFUSED (Connection refused)
04-16 01:59:11.138  2373  2399 E AndroidRuntime: 	at libcore.io.IoBridge.connect(IoBridge.java:124)
04-16 01:59:11.138  2373  2399 E AndroidRuntime: 	at java.net.PlainSocketImpl.connect(PlainSocketImpl.java:183)
04-16 01:59:11.138  2373  2399 E AndroidRuntime: 	at java.net.PlainSocketImpl.connect(PlainSocketImpl.java:163)
04-16 01:59:11.138  2373  2399 E AndroidRuntime: 	at java.net.Socket.startupSocket(Socket.java:590)
04-16 01:59:11.138  2373  2399 E AndroidRuntime: 	at java.net.Socket.tryAllAddresses(Socket.java:128)
04-16 01:59:11.138  2373  2399 E AndroidRuntime: 	at java.net.Socket.<init>(Socket.java:178)
04-16 01:59:11.138  2373  2399 E AndroidRuntime: 	at java.net.Socket.<init>(Socket.java:150)
04-16 01:59:11.138  2373  2399 E AndroidRuntime: 	at com.apposcopy.ella.runtime.Ella$UploadThread.run(Ella.java:42)
04-16 01:59:11.138  2373  2399 E AndroidRuntime: Caused by: android.system.ErrnoException: connect failed: ECONNREFUSED (Connection refused)
04-16 01:59:11.138  2373  2399 E AndroidRuntime: 	at libcore.io.Posix.connect(Native Method)
04-16 01:59:11.138  2373  2399 E AndroidRuntime: 	at libcore.io.BlockGuardOs.connect(BlockGuardOs.java:111)
04-16 01:59:11.138  2373  2399 E AndroidRuntime: 	at libcore.io.IoBridge.connectErrno(IoBridge.java:137)
04-16 01:59:11.138  2373  2399 E AndroidRuntime: 	at libcore.io.IoBridge.connect(IoBridge.java:122)
04-16 01:59:11.138  2373  2399 E AndroidRuntime: 	... 7 more
04-16 01:59:12.188  2315  2455 E ActivityThread: Failed to find provider info for com.facebook.katana.provider.AttributionIdProvider
04-16 01:59:14.269  2500  2500 E libprocessgroup: failed to make and chown /acct/uid_10062: Read-only file system
04-16 01:59:14.328  2500  2520 E AndroidRuntime: FATAL EXCEPTION: Thread-192
04-16 01:59:14.328  2500  2520 E AndroidRuntime: Process: com.estrongs.android.pop:local, PID: 2500
04-16 01:59:14.328  2500  2520 E AndroidRuntime: java.lang.Error: java.net.ConnectException: failed to connect to /10.0.3.2 (port 23745): connect failed: ECONNREFUSED (Connection refused)
04-16 01:59:14.328  2500  2520 E AndroidRuntime: 	at com.apposcopy.ella.runtime.Ella$UploadThread.run(Ella.java:46)
04-16 01:59:14.328  2500  2520 E AndroidRuntime: Caused by: java.net.ConnectException: failed to connect to /10.0.3.2 (port 23745): connect failed: ECONNREFUSED (Connection refused)
04-16 01:59:14.328  2500  2520 E AndroidRuntime: 	at libcore.io.IoBridge.connect(IoBridge.java:124)
04-16 01:59:14.328  2500  2520 E AndroidRuntime: 	at java.net.PlainSocketImpl.connect(PlainSocketImpl.java:183)
04-16 01:59:14.328  2500  2520 E AndroidRuntime: 	at java.net.PlainSocketImpl.connect(PlainSocketImpl.java:163)
04-16 01:59:14.328  2500  2520 E AndroidRuntime: 	at java.net.Socket.startupSocket(Socket.java:590)
04-16 01:59:14.328  2500  2520 E AndroidRuntime: 	at java.net.Socket.tryAllAddresses(Socket.java:128)
04-16 01:59:14.328  2500  2520 E AndroidRuntime: 	at java.net.Socket.<init>(Socket.java:178)
04-16 01:59:14.328  2500  2520 E AndroidRuntime: 	at java.net.Socket.<init>(Socket.java:150)
04-16 01:59:14.328  2500  2520 E AndroidRuntime: 	at com.apposcopy.ella.runtime.Ella$UploadThread.run(Ella.java:42)
04-16 01:59:14.328  2500  2520 E AndroidRuntime: Caused by: android.system.ErrnoException: connect failed: ECONNREFUSED (Connection refused)
04-16 01:59:14.328  2500  2520 E AndroidRuntime: 	at libcore.io.Posix.connect(Native Method)
04-16 01:59:14.328  2500  2520 E AndroidRuntime: 	at libcore.io.BlockGuardOs.connect(BlockGuardOs.java:111)
04-16 01:59:14.328  2500  2520 E AndroidRuntime: 	at libcore.io.IoBridge.connectErrno(IoBridge.java:137)
04-16 01:59:14.328  2500  2520 E AndroidRuntime: 	at libcore.io.IoBridge.connect(IoBridge.java:122)
04-16 01:59:14.328  2500  2520 E AndroidRuntime: 	... 7 more
04-16 01:59:14.921  2500  2578 E ActivityThread: Failed to find provider info for com.facebook.katana.provider.AttributionIdProvider
--------- beginning of main
04-16 01:59:16.205   689   770 E InputDispatcher: channel '3f5bda1e  (server)' ~ Channel is unrecoverably broken and will be disposed!
04-16 01:59:16.206   689   770 E InputDispatcher: channel '171e62d2  (server)' ~ Channel is unrecoverably broken and will be disposed!
04-16 01:59:16.206   689   770 E InputDispatcher: channel '3d0f9734  (server)' ~ Channel is unrecoverably broken and will be disposed!
04-16 01:59:16.207   689   770 E InputDispatcher: channel 'e65362b  (server)' ~ Channel is unrecoverably broken and will be disposed!
04-16 01:59:16.207   689   770 E InputDispatcher: channel '2738396e  (server)' ~ Channel is unrecoverably broken and will be disposed!
04-16 01:59:16.207   689   770 E InputDispatcher: channel '6af4d70  (server)' ~ Channel is unrecoverably broken and will be disposed!
04-16 01:59:16.207   689   770 E InputDispatcher: channel '2a1c6d22  (server)' ~ Channel is unrecoverably broken and will be disposed!
04-16 01:59:16.243  2609  2609 E libprocessgroup: failed to make and chown /acct/uid_10009: Read-only file system
04-16 01:59:16.659   689   770 E InputDispatcher: channel '1ae4cb4a  (server)' ~ Channel is unrecoverably broken and will be disposed!
04-16 01:59:16.659   689   770 E InputDispatcher: channel '1dabfcec  (server)' ~ Channel is unrecoverably broken and will be disposed!
04-16 01:59:16.659   689   770 E InputDispatcher: channel '10c0593e  (server)' ~ Channel is unrecoverably broken and will be disposed!
04-16 01:59:16.659   689   770 E InputDispatcher: channel '215654c0  (server)' ~ Channel is unrecoverably broken and will be disposed!
04-16 01:59:16.659   689   770 E InputDispatcher: channel 'eb32ff2  (server)' ~ Channel is unrecoverably broken and will be disposed!
04-16 01:59:16.659   689   770 E InputDispatcher: channel '3f151754  (server)' ~ Channel is unrecoverably broken and will be disposed!
04-16 01:59:16.659   689   770 E InputDispatcher: channel '36d1fbd8  (server)' ~ Channel is unrecoverably broken and will be disposed!
04-16 01:59:17.362  1905  1905 E Email   : FLF.setSelectedAccount(null) called! Destroying existing loader.
04-16 01:59:17.992  2636  2636 E libprocessgroup: failed to make and chown /acct/uid_10002: Read-only file system
04-16 01:59:20.821   684   684 E EGL_emulation: tid 684: eglCreateSyncKHR(1215): error 0x3004 (EGL_BAD_ATTRIBUTE)
04-16 01:59:23.757   689   770 E InputDispatcher: channel '334997f4 com.android.email/com.android.email.activity.setup.AccountSetupFinal (server)' ~ Channel is unrecoverably broken and will be disposed!
04-16 01:59:23.757   689   770 E InputDispatcher: channel '15bae465 com.android.email/com.android.email.activity.Welcome (server)' ~ Channel is unrecoverably broken and will be disposed!
04-16 01:59:58.442  2675  2675 E libprocessgroup: failed to make and chown /acct/uid_10046: Read-only file system
04-16 02:00:01.166  2708  2708 E libprocessgroup: failed to make and chown /acct/uid_10034: Read-only file system
04-16 02:00:01.260  2730  2730 E libprocessgroup: failed to make and chown /acct/uid_10003: Read-only file system
04-16 02:00:01.475  2763  2763 E libprocessgroup: failed to make and chown /acct/uid_10030: Read-only file system
04-16 02:00:01.553   684   684 E EGL_emulation: tid 684: eglCreateSyncKHR(1215): error 0x3004 (EGL_BAD_ATTRIBUTE)
04-16 02:00:01.692  2785  2785 E libprocessgroup: failed to make and chown /acct/uid_10006: Read-only file system
04-16 02:04:19.468  2847  2847 E         : Cannot create code cache directory ./code_cache: Read-only file system.
04-16 02:04:19.481  2847  2847 E memtrack: Couldn't load memtrack module (No such file or directory)
04-16 02:04:19.481  2847  2847 E android.os.Debug: failed to load memtrack module: -2
04-16 02:04:46.486  2869  2869 E         : Cannot create code cache directory ./code_cache: Read-only file system.
04-16 02:04:46.499  2869  2869 E memtrack: Couldn't load memtrack module (No such file or directory)
04-16 02:04:46.499  2869  2869 E android.os.Debug: failed to load memtrack module: -2
04-16 02:04:54.881  2889  2889 E         : Cannot create code cache directory ./code_cache: Read-only file system.
04-16 02:04:54.892  2889  2889 E memtrack: Couldn't load memtrack module (No such file or directory)
04-16 02:04:54.892  2889  2889 E android.os.Debug: failed to load memtrack module: -2
04-16 02:04:55.502  2905  2905 E cutils-trace: Error opening trace file: Permission denied (13)
04-16 02:05:03.067  2918  2918 E libprocessgroup: failed to make and chown /acct/uid_10049: Read-only file system
04-16 02:05:41.957  2943  2943 E         : Cannot create code cache directory ./code_cache: Read-only file system.
04-16 02:05:41.970  2943  2943 E memtrack: Couldn't load memtrack module (No such file or directory)
04-16 02:05:41.970  2943  2943 E android.os.Debug: failed to load memtrack module: -2
04-16 02:05:42.013  2959  2959 E libprocessgroup: failed to make and chown /acct/uid_10063: Read-only file system
04-16 02:05:42.188  2989  2989 E libprocessgroup: failed to make and chown /acct/uid_10063: Read-only file system
04-16 02:05:42.323  3014  3014 E cutils-trace: Error opening trace file: Permission denied (13)
04-16 02:05:42.611  3052  3052 E libprocessgroup: failed to make and chown /acct/uid_10063: Read-only file system
04-16 02:05:42.649  2959  3044 E BluetoothAdapter: Bluetooth binder is null
04-16 02:05:43.804  3098  3098 E cutils-trace: Error opening trace file: Permission denied (13)
04-16 02:05:43.861  2959  3114 E ActivityThread: Failed to find provider info for com.facebook.katana.provider.AttributionIdProvider
04-16 02:05:43.880  2959  3083 E art     : dlopen("/data/data/com.estrongs.android.pop/files/lib/libacceleratecoreproxy.so", RTLD_LAZY) failed: dlopen failed: library "/data/data/com.estrongs.android.pop/files/lib/libacceleratecoreproxy.so" not found
04-16 02:05:43.943   684   684 E EGL_emulation: tid 684: eglCreateSyncKHR(1215): error 0x3004 (EGL_BAD_ATTRIBUTE)
04-16 02:05:44.970  3163  3163 E libprocessgroup: failed to make and chown /acct/uid_10063: Read-only file system
04-16 02:06:12.222  3242  3242 E libprocessgroup: failed to make and chown /acct/uid_10042: Read-only file system
04-16 02:06:49.918   689  2193 E AudioService: Could not get client death handler for stream: 1
04-16 02:06:49.919   689  2193 E AudioService: Could not get client death handler for stream: 2
04-16 02:06:49.919   689  2193 E AudioService: Could not get client death handler for stream: 5
04-16 02:06:49.919   689  2193 E AudioService: Could not get client death handler for stream: 7
04-16 02:06:49.919   689  2193 E AudioService: Could not get client death handler for stream: 8
04-16 02:07:14.785   689  2192 E AudioService: Could not get client death handler for stream: 1
04-16 02:07:14.785   689  2192 E AudioService: Could not get client death handler for stream: 2
04-16 02:07:14.785   689  2192 E AudioService: Could not get client death handler for stream: 5
04-16 02:07:14.785   689  2192 E AudioService: Could not get client death handler for stream: 7
04-16 02:07:14.785   689  2192 E AudioService: Could not get client death handler for stream: 8
04-16 02:07:17.934  2959  2959 E BluetoothAdapter: Bluetooth binder is null
04-16 02:07:18.039  2959  2959 E test    : onScrollChanged!
04-16 02:07:18.310  2959  2959 E test    : onScrollChanged!
04-16 02:07:18.976  2959  3392 E Ads     : This app is using a lightweight version of the Google Mobile Ads SDK that requires the latest Google Play services to be installed, but Google Play services is either missing or out of date.
04-16 02:07:19.249  2959  3408 E BluetoothAdapter: Bluetooth binder is null
04-16 02:07:19.808  2959  3392 E Ads     : This app is using a lightweight version of the Google Mobile Ads SDK that requires the latest Google Play services to be installed, but Google Play services is either missing or out of date.
04-16 02:07:19.894  2959  2959 E libEGL  : call to OpenGL ES API with no current context (logged once per thread)
04-16 02:07:26.033   689   909 E AudioService: Could not get client death handler for stream: 1
04-16 02:07:26.033   689   909 E AudioService: Could not get client death handler for stream: 2
04-16 02:07:26.033   689   909 E AudioService: Could not get client death handler for stream: 5
04-16 02:07:26.033   689   909 E AudioService: Could not get client death handler for stream: 7
04-16 02:07:26.033   689   909 E AudioService: Could not get client death handler for stream: 8
04-16 02:07:48.763   689  2193 E AudioService: Could not get client death handler for stream: 1
04-16 02:07:48.763   689  2193 E AudioService: Could not get client death handler for stream: 2
04-16 02:07:48.763   689  2193 E AudioService: Could not get client death handler for stream: 5
04-16 02:07:48.763   689  2193 E AudioService: Could not get client death handler for stream: 7
04-16 02:07:48.763   689  2193 E AudioService: Could not get client death handler for stream: 8
04-16 02:08:00.742  2959  2959 E test    : onScrollChanged!
04-16 02:08:10.867  2959  2959 E test    : onScrollChanged!
04-16 02:08:21.186  2959  3414 E chromium: [ERROR:ssl_client_socket_openssl.cc(962)] handshake failed; returned -1, SSL error code 1, net_error -101
04-16 02:08:21.348  2959  3094 E chromium: [ERROR:buffer_manager.cc(313)] [.Parent-Compositor-0xee69dc80]GL ERROR :GL_INVALID_OPERATION : glBufferData: <- error from previous GL command
04-16 02:08:21.478  2959  3414 E chromium: [ERROR:ssl_client_socket_openssl.cc(962)] handshake failed; returned -1, SSL error code 1, net_error -101
04-16 02:08:21.771  2959  3414 E chromium: [ERROR:ssl_client_socket_openssl.cc(962)] handshake failed; returned -1, SSL error code 1, net_error -101
04-16 02:08:21.859  2959  2959 E test    : onScrollChanged!
04-16 02:08:27.787  2959  3414 E chromium: [ERROR:ssl_client_socket_openssl.cc(962)] handshake failed; returned -1, SSL error code 1, net_error -101
04-16 02:08:27.834  2959  3414 E chromium: [ERROR:ssl_client_socket_openssl.cc(962)] handshake failed; returned -1, SSL error code 1, net_error -101
04-16 02:08:27.865  2959  3414 E chromium: [ERROR:ssl_client_socket_openssl.cc(962)] handshake failed; returned -1, SSL error code 1, net_error -101
04-16 02:08:34.034  2959  2959 E test    : onScrollChanged!
04-16 02:08:34.136  2959  3414 E chromium: [ERROR:ssl_client_socket_openssl.cc(962)] handshake failed; returned -1, SSL error code 1, net_error -101
04-16 02:08:34.317   689  2193 E AudioService: Could not get client death handler for stream: 1
04-16 02:08:34.317   689  2193 E AudioService: Could not get client death handler for stream: 2
04-16 02:08:34.317   689  2193 E AudioService: Could not get client death handler for stream: 5
04-16 02:08:34.317   689  2193 E AudioService: Could not get client death handler for stream: 7
04-16 02:08:34.318   689  2193 E AudioService: Could not get client death handler for stream: 8
04-16 02:08:34.410  2959  3414 E chromium: [ERROR:ssl_client_socket_openssl.cc(962)] handshake failed; returned -1, SSL error code 1, net_error -101
04-16 02:08:34.688  2959  3414 E chromium: [ERROR:ssl_client_socket_openssl.cc(962)] handshake failed; returned -1, SSL error code 1, net_error -101
04-16 02:09:08.063  2959  2959 E test    : onScrollChanged!
04-16 02:09:10.085  2959  2959 E test    : onScrollChanged!
04-16 02:09:20.506   887   887 E RichInputConnection: Unable to connect to the editor to retrieve text.
04-16 02:09:20.508   887   887 E RichInputConnection: Unable to connect to the editor to retrieve text.
04-16 02:09:20.511   887   887 E RichInputConnection: Unable to connect to the editor to retrieve text.
04-16 02:09:22.516  2959  2959 E test    : onScrollChanged!
04-16 02:09:29.136  2959  2959 E test    : onScrollChanged!
04-16 02:09:29.545  2959  2959 E test    : onScrollChanged!
04-16 02:09:29.569  2959  2959 E test    : onScrollChanged!
04-16 02:09:29.569  2959  2959 E test    : onScrollChanged!
04-16 02:09:35.679  2959  2959 E test    : onScrollChanged!
04-16 02:09:35.679  2959  2959 E test    : onScrollChanged!
04-16 02:09:36.177  2959  2959 E test    : onScrollChanged!
04-16 02:09:37.196  2959  2959 E test    : onScrollChanged!
04-16 02:09:38.706  2959  2959 E test    : onScrollChanged!
04-16 02:09:38.708  2959  2959 E test    : onScrollChanged!
04-16 02:09:38.715  2959  2959 E test    : onScrollChanged!
04-16 02:09:38.733  2959  2959 E test    : onScrollChanged!
04-16 02:09:38.756  2959  2959 E test    : onScrollChanged!
04-16 02:09:38.766  2959  2959 E test    : onScrollChanged!
04-16 02:09:38.786  2959  2959 E test    : onScrollChanged!
04-16 02:09:38.801  2959  2959 E test    : onScrollChanged!
04-16 02:09:38.812  2959  2959 E test    : onScrollChanged!
04-16 02:09:38.829  2959  2959 E test    : onScrollChanged!
04-16 02:09:38.845  2959  2959 E test    : onScrollChanged!
04-16 02:09:38.862  2959  2959 E test    : onScrollChanged!
04-16 02:09:38.880  2959  2959 E test    : onScrollChanged!
04-16 02:09:38.896  2959  2959 E test    : onScrollChanged!
04-16 02:09:38.913  2959  2959 E test    : onScrollChanged!
04-16 02:09:40.218  2959  2959 E test    : onScrollChanged!
04-16 02:09:43.774  2959  2959 E test    : onScrollChanged!
04-16 02:09:43.774  2959  2959 E test    : onScrollChanged!
04-16 02:09:44.286  2959  2959 E test    : onScrollChanged!
04-16 02:09:44.288  2959  2959 E test    : onScrollChanged!
04-16 02:09:47.849  2959  2959 E test    : onScrollChanged!
04-16 02:09:50.883  2959  2959 E test    : onScrollChanged!
04-16 02:09:50.883  2959  2959 E test    : onScrollChanged!
04-16 02:09:51.363  2959  2959 E test    : onScrollChanged!
04-16 02:09:51.363  2959  2959 E test    : onScrollChanged!
04-16 02:09:51.870  2959  2959 E test    : onScrollChanged!
04-16 02:09:52.279  2959  2959 E test    : onScrollChanged!
04-16 02:09:52.408  2959  2959 E test    : onScrollChanged!
04-16 02:09:52.914  2959  2959 E test    : onScrollChanged!
04-16 02:09:55.955  2959  2959 E test    : onScrollChanged!
04-16 02:09:56.020  2959  3655 E ActivityThread: Failed to find provider info for com.estrongs.locker
04-16 02:09:57.030  2959  2959 E test    : onScrollChanged!
04-16 02:09:59.651  2959  2959 E test    : onScrollChanged!
04-16 02:10:03.703  2959  2959 E test    : onScrollChanged!
04-16 02:10:08.814  2959  2959 E test    : onScrollChanged!
04-16 02:10:08.814  2959  2959 E test    : onScrollChanged!
04-16 02:10:11.891  2959  2959 E test    : onScrollChanged!
04-16 02:10:12.904  2959  2959 E test    : onScrollChanged!
04-16 02:10:14.452  2959  2959 E test    : onScrollChanged!
04-16 02:10:14.452  2959  2959 E test    : onScrollChanged!
04-16 02:10:23.579  2959  2959 E test    : onScrollChanged!
04-16 02:10:36.559   689   909 E AudioService: Could not get client death handler for stream: 1
04-16 02:10:36.559   689   909 E AudioService: Could not get client death handler for stream: 2
04-16 02:10:36.559   689   909 E AudioService: Could not get client death handler for stream: 5
04-16 02:10:36.559   689   909 E AudioService: Could not get client death handler for stream: 7
04-16 02:10:36.559   689   909 E AudioService: Could not get client death handler for stream: 8
04-16 02:11:09.578   689  1261 E AudioService: Could not get client death handler for stream: 1
04-16 02:11:09.578   689  1261 E AudioService: Could not get client death handler for stream: 2
04-16 02:11:09.578   689  1261 E AudioService: Could not get client death handler for stream: 5
04-16 02:11:09.578   689  1261 E AudioService: Could not get client death handler for stream: 7
04-16 02:11:09.578   689  1261 E AudioService: Could not get client death handler for stream: 8
04-16 02:14:37.425   689  1242 E AudioService: Could not get client death handler for stream: 1
04-16 02:14:37.425   689  1242 E AudioService: Could not get client death handler for stream: 2
04-16 02:14:37.425   689  1242 E AudioService: Could not get client death handler for stream: 5
04-16 02:14:37.425   689  1242 E AudioService: Could not get client death handler for stream: 7
04-16 02:14:37.425   689  1242 E AudioService: Could not get client death handler for stream: 8
04-16 02:15:35.759  2959  2959 E test    : onScrollChanged!
04-16 02:15:38.311  2959  2959 E test    : onScrollChanged!
04-16 02:15:42.362  2959  2959 E test    : onScrollChanged!
04-16 02:15:45.411  2959  2959 E test    : onScrollChanged!
04-16 02:15:47.495  2959  2959 E test    : onScrollChanged!
04-16 02:15:53.709  2959  2959 E test    : onScrollChanged!
04-16 02:15:53.709  2959  2959 E test    : onScrollChanged!
04-16 02:15:55.683  2959  2959 E test    : onScrollChanged!
04-16 02:16:00.300  2959  2959 E test    : onScrollChanged!
04-16 02:16:00.300  2959  2959 E test    : onScrollChanged!
04-16 02:16:03.322  2959  2959 E test    : onScrollChanged!
04-16 02:16:08.046   424   913 E MediaPlayerService: offset error
04-16 02:16:08.046  2959  2959 E MediaPlayer: Unable to create media player
04-16 02:16:59.794  2959  2959 E test    : onScrollChanged!
04-16 02:16:59.794  2959  2959 E test    : onScrollChanged!
04-16 02:17:00.264  2959  2959 E test    : onScrollChanged!
04-16 02:17:02.990   689  1032 E AudioService: Could not get client death handler for stream: 1
04-16 02:17:02.990   689  1032 E AudioService: Could not get client death handler for stream: 2
04-16 02:17:02.990   689  1032 E AudioService: Could not get client death handler for stream: 5
04-16 02:17:02.990   689  1032 E AudioService: Could not get client death handler for stream: 7
04-16 02:17:02.990   689  1032 E AudioService: Could not get client death handler for stream: 8
04-16 02:17:05.950  2959  2959 E test    : onScrollChanged!
04-16 02:17:05.950  2959  2959 E test    : onScrollChanged!
04-16 02:17:05.951  2959  2959 E test    : onScrollChanged!
04-16 02:17:08.584  2959  2959 E test    : onScrollChanged!
04-16 02:17:08.584  2959  2959 E test    : onScrollChanged!
04-16 02:17:09.582  2959  2959 E test    : onScrollChanged!
04-16 02:17:09.582  2959  2959 E test    : onScrollChanged!
04-16 02:17:09.587  2959  2959 E test    : onScrollChanged!
04-16 02:17:09.589  2959  2959 E test    : onScrollChanged!
04-16 02:17:09.592  2959  2959 E test    : onScrollChanged!
04-16 02:17:09.598  2959  2959 E test    : onScrollChanged!
04-16 02:17:09.598  2959  2959 E test    : onScrollChanged!
04-16 02:17:10.131  2959  2959 E test    : onScrollChanged!
04-16 02:17:10.644  2959  2959 E test    : onScrollChanged!
04-16 02:17:10.648  2959  2959 E test    : onScrollChanged!
04-16 02:17:10.648  2959  2959 E test    : onScrollChanged!
04-16 02:17:10.648  2959  2959 E test    : onScrollChanged!
04-16 02:17:10.648  2959  2959 E test    : onScrollChanged!
04-16 02:17:10.649  2959  2959 E test    : onScrollChanged!
04-16 02:17:11.147  2959  2959 E test    : onScrollChanged!
04-16 02:17:12.671  2959  2959 E test    : onScrollChanged!
04-16 02:17:16.732  2959  2959 E test    : onScrollChanged!
04-16 02:17:16.733  2959  2959 E test    : onScrollChanged!
04-16 02:17:17.734  2959  2959 E test    : onScrollChanged!
04-16 02:17:21.831  2959  2959 E test    : onScrollChanged!
04-16 02:17:24.367  2959  2959 E test    : onScrollChanged!
04-16 02:17:25.378  2959  2959 E test    : onScrollChanged!
04-16 02:17:28.461  2959  2959 E test    : onScrollChanged!
04-16 02:17:28.461  2959  2959 E test    : onScrollChanged!
04-16 02:17:30.440  2959  2959 E test    : onScrollChanged!
04-16 02:17:34.000  2959  2959 E test    : onScrollChanged!
04-16 02:17:38.079  2959  2959 E test    : onScrollChanged!
04-16 02:17:40.636  2959  2959 E test    : onScrollChanged!
04-16 02:17:41.605  2959  2959 E test    : onScrollChanged!
04-16 02:17:41.607  2959  2959 E test    : onScrollChanged!
04-16 02:17:41.608  2959  2959 E test    : onScrollChanged!
04-16 02:17:41.668  2959  2959 E test    : onScrollChanged!
04-16 02:17:41.709  2959  2959 E test    : onScrollChanged!
04-16 02:17:42.109  2959  2959 E test    : onScrollChanged!
04-16 02:17:43.190  2959  2959 E test    : onScrollChanged!
04-16 02:17:46.758  2959  2959 E test    : onScrollChanged!
04-16 02:17:46.758  2959  2959 E test    : onScrollChanged!
04-16 02:17:48.796  2959  2959 E test    : onScrollChanged!
04-16 02:17:50.310  2959  2959 E test    : onScrollChanged!
04-16 02:17:58.438   689  2193 E AudioService: Could not get client death handler for stream: 1
04-16 02:17:58.438   689  2193 E AudioService: Could not get client death handler for stream: 2
04-16 02:17:58.438   689  2193 E AudioService: Could not get client death handler for stream: 5
04-16 02:17:58.438   689  2193 E AudioService: Could not get client death handler for stream: 7
04-16 02:17:58.438   689  2193 E AudioService: Could not get client death handler for stream: 8
04-16 02:18:07.599  2959  2959 E test    : onScrollChanged!
04-16 02:18:07.600  2959  2959 E test    : onScrollChanged!
04-16 02:18:15.651  2959  2959 E test    : onScrollChanged!
04-16 02:18:16.659  2959  2959 E test    : onScrollChanged!
04-16 02:18:47.157  2959  2959 E test    : onScrollChanged!
04-16 02:18:51.730  2959  2959 E test    : onScrollChanged!
04-16 02:18:55.790  2959  2959 E test    : onScrollChanged!
04-16 02:18:55.990  2959  4455 E ActivityThread: Failed to find provider info for com.facebook.katana.provider.AttributionIdProvider
04-16 02:18:59.064  2959  4445 E Ads     : This app is using a lightweight version of the Google Mobile Ads SDK that requires the latest Google Play services to be installed, but Google Play services is either missing or out of date.
04-16 02:18:59.078  2959  4446 E Ads     : This app is using a lightweight version of the Google Mobile Ads SDK that requires the latest Google Play services to be installed, but Google Play services is either missing or out of date.
04-16 02:19:00.983  2959  2959 E test    : onScrollChanged!
04-16 02:19:00.983  2959  2959 E test    : onScrollChanged!
04-16 02:19:00.983  2959  2959 E test    : onScrollChanged!
04-16 02:19:01.566  2959  2959 E test    : onScrollChanged!
04-16 02:19:14.843  2959  3437 E ImageLoader: Unable to resolve host "img.phone.baidu.com": No address associated with hostname
04-16 02:19:14.844  2959  3437 E ImageLoader: Unable to resolve host "img.phone.baidu.com": No address associated with hostname
04-16 02:19:29.859  2959  3438 E ImageLoader: Unable to resolve host "img.phone.baidu.com": No address associated with hostname
04-16 02:19:29.859  2959  3438 E ImageLoader: Unable to resolve host "img.phone.baidu.com": No address associated with hostname
04-16 02:19:29.862  2959  3437 E ImageLoader: Unable to resolve host "img.phone.baidu.com": No address associated with hostname
04-16 02:19:29.862  2959  3437 E ImageLoader: Unable to resolve host "img.phone.baidu.com": No address associated with hostname
04-16 02:19:39.375  2959  2959 E test    : onScrollChanged!
04-16 02:19:39.409  2959  2959 E test    : onScrollChanged!
04-16 02:19:39.480  2959  3439 E ImageLoader: Unable to resolve host "img.phone.baidu.com": No address associated with hostname
