04-16 02:37:00.418  2959  2959 E test    : onScrollChanged!
04-16 02:37:01.926  2959  2959 E test    : onScrollChanged!
04-16 02:37:03.448  2959  2959 E test    : onScrollChanged!
04-16 02:37:04.961  2959  2959 E test    : onScrollChanged!
04-16 02:37:05.965  2959  2959 E test    : onScrollChanged!
04-16 02:37:08.475  2959  2959 E test    : onScrollChanged!
04-16 02:37:09.985  2959  2959 E test    : onScrollChanged!
04-16 02:37:11.995  2959  2959 E test    : onScrollChanged!
04-16 02:37:14.541  2959  2959 E test    : onScrollChanged!
04-16 02:37:18.803  5758  5760 E cutils-trace: Error opening trace file: Permission denied (13)
04-16 02:37:18.820  5758  5758 E memtrack: Couldn't load memtrack module (No such file or directory)
04-16 02:37:18.820  5758  5758 E android.os.Debug: failed to load memtrack module: -2
04-16 02:37:19.573  2959  2959 E test    : onScrollChanged!
04-16 02:37:23.655  2959  2959 E test    : onScrollChanged!
04-16 02:37:23.663  2959  2959 E test    : onScrollChanged!
04-16 02:37:31.354  2959  2959 E test    : onScrollChanged!
04-16 02:37:31.355  2959  2959 E test    : onScrollChanged!
04-16 02:37:32.298  2959  2959 E test    : onScrollChanged!
04-16 02:37:35.318  2959  2959 E test    : onScrollChanged!
04-16 02:37:38.364  2959  2959 E test    : onScrollChanged!
04-16 02:37:40.965  2959  2959 E test    : onScrollChanged!
04-16 02:37:40.966  2959  2959 E test    : onScrollChanged!
04-16 02:37:42.945  2959  2959 E test    : onScrollChanged!
04-16 02:37:43.456  2959  2959 E test    : onScrollChanged!
04-16 02:37:47.498  2959  2959 E test    : onScrollChanged!
04-16 02:37:48.000  2959  2959 E test    : onScrollChanged!
04-16 02:37:49.004  2959  2959 E test    : onScrollChanged!
04-16 02:38:00.972  2959  2959 E test    : onScrollChanged!
04-16 02:38:00.972  2959  2959 E test    : onScrollChanged!
04-16 02:38:03.200  2959  2959 E test    : onScrollChanged!
04-16 02:38:07.973  2959  2959 E test    : onScrollChanged!
04-16 02:38:10.363  2959  2959 E test    : onScrollChanged!
04-16 02:38:10.363  2959  2959 E test    : onScrollChanged!
04-16 02:38:13.599  2959  2959 E test    : onScrollChanged!
04-16 02:38:13.601  2959  2959 E test    : onScrollChanged!
04-16 02:38:16.404  2959  2959 E test    : onScrollChanged!
04-16 02:38:16.405  2959  2959 E test    : onScrollChanged!
04-16 02:38:19.149  2959  2959 E test    : onScrollChanged!
04-16 02:38:24.302  2959  2959 E test    : onScrollChanged!
04-16 02:38:24.303  2959  2959 E test    : onScrollChanged!
04-16 02:38:27.311   689  2193 E AudioService: Could not get client death handler for stream: 1
04-16 02:38:27.311   689  2193 E AudioService: Could not get client death handler for stream: 2
04-16 02:38:27.311   689  2193 E AudioService: Could not get client death handler for stream: 5
04-16 02:38:27.311   689  2193 E AudioService: Could not get client death handler for stream: 7
04-16 02:38:27.311   689  2193 E AudioService: Could not get client death handler for stream: 8
04-16 02:38:28.858  2959  2959 E test    : onScrollChanged!
04-16 02:38:28.858  2959  2959 E test    : onScrollChanged!
04-16 02:38:32.833  2959  2959 E test    : onScrollChanged!
04-16 02:38:35.364  2959  2959 E test    : onScrollChanged!
04-16 02:38:36.883  2959  2959 E test    : onScrollChanged!
04-16 02:38:39.399  2959  2959 E test    : onScrollChanged!
04-16 02:38:41.930  2959  2959 E test    : onScrollChanged!
04-16 02:38:44.965  2959  2959 E test    : onScrollChanged!
04-16 02:38:45.621   689  2192 E AudioService: Could not get client death handler for stream: 1
04-16 02:38:45.622   689  2192 E AudioService: Could not get client death handler for stream: 2
04-16 02:38:45.622   689  2192 E AudioService: Could not get client death handler for stream: 5
04-16 02:38:45.622   689  2192 E AudioService: Could not get client death handler for stream: 7
04-16 02:38:45.622   689  2192 E AudioService: Could not get client death handler for stream: 8
04-16 02:38:47.683   689   869 E AudioService: Could not get client death handler for stream: 1
04-16 02:38:47.683   689   869 E AudioService: Could not get client death handler for stream: 2
04-16 02:38:47.683   689   869 E AudioService: Could not get client death handler for stream: 5
04-16 02:38:47.683   689   869 E AudioService: Could not get client death handler for stream: 7
04-16 02:38:47.683   689   869 E AudioService: Could not get client death handler for stream: 8
04-16 02:38:52.759  2959  2959 E test    : onScrollChanged!
04-16 02:38:53.417   689  1903 E AudioService: Could not get client death handler for stream: 1
04-16 02:38:53.418   689  1903 E AudioService: Could not get client death handler for stream: 2
04-16 02:38:53.418   689  1903 E AudioService: Could not get client death handler for stream: 5
04-16 02:38:53.418   689  1903 E AudioService: Could not get client death handler for stream: 7
04-16 02:38:53.418   689  1903 E AudioService: Could not get client death handler for stream: 8
04-16 02:38:55.075  2959  2959 E test    : onScrollChanged!
04-16 02:38:56.085  2959  2959 E test    : onScrollChanged!
04-16 02:38:57.598  2959  2959 E test    : onScrollChanged!
04-16 02:38:58.610  2959  2959 E test    : onScrollChanged!
04-16 02:38:59.112  2959  2959 E test    : onScrollChanged!
04-16 02:39:05.152  2959  2959 E test    : onScrollChanged!
04-16 02:39:05.195  2959  2959 E test    : onScrollChanged!
04-16 02:39:08.264  2959  2959 E test    : onScrollChanged!
04-16 02:39:14.670  2959  2959 E test    : onScrollChanged!
04-16 02:39:14.671  2959  2959 E test    : onScrollChanged!
04-16 02:39:17.852  2959  2959 E test    : onScrollChanged!
04-16 02:39:19.605  2959  2959 E test    : onScrollChanged!
04-16 02:39:21.163  2959  2959 E test    : onScrollChanged!
04-16 02:39:21.164  2959  2959 E test    : onScrollChanged!
04-16 02:39:22.137  2959  2959 E test    : onScrollChanged!
04-16 02:39:34.194  2959  2959 E test    : onScrollChanged!
04-16 02:39:34.194  2959  2959 E test    : onScrollChanged!
04-16 02:39:34.751  2959  2959 E test    : onScrollChanged!
04-16 02:39:36.253  2959  2959 E test    : onScrollChanged!
04-16 02:39:37.804  2959  2959 E test    : onScrollChanged!
04-16 02:39:37.804  2959  2959 E test    : onScrollChanged!
04-16 02:39:38.785  2959  2959 E test    : onScrollChanged!
04-16 02:39:42.255  2959  2959 E test    : onScrollChanged!
04-16 02:39:42.256  2959  2959 E test    : onScrollChanged!
04-16 02:39:44.214  2959  2959 E test    : onScrollChanged!
04-16 02:39:46.751  2959  2959 E test    : onScrollChanged!
04-16 02:39:56.710  2959  2959 E test    : onScrollChanged!
04-16 02:40:05.453  2959  2959 E test    : onScrollChanged!
04-16 02:40:10.652  2959  2959 E test    : onScrollChanged!
04-16 02:40:10.653  2959  2959 E test    : onScrollChanged!
04-16 02:40:13.200  2959  2959 E test    : onScrollChanged!
04-16 02:40:13.200  2959  2959 E test    : onScrollChanged!
04-16 02:40:14.290  2959  2959 E test    : onScrollChanged!
04-16 02:40:15.318  2959  2959 E test    : onScrollChanged!
04-16 02:40:18.246   684   684 E EGL_emulation: tid 684: eglCreateSyncKHR(1215): error 0x3004 (EGL_BAD_ATTRIBUTE)
04-16 02:40:21.202  2959  2959 E test    : onScrollChanged!
04-16 02:40:21.203  2959  2959 E test    : onScrollChanged!
04-16 02:40:21.954  2959  2959 E test    : onScrollChanged!
04-16 02:40:21.955  2959  2959 E test    : onScrollChanged!
04-16 02:40:27.911  2959  2959 E test    : onScrollChanged!
04-16 02:40:27.913  2959  2959 E test    : onScrollChanged!
04-16 02:40:29.456  2959  2959 E test    : onScrollChanged!
04-16 02:40:31.917  2959  2959 E test    : onScrollChanged!
04-16 02:40:31.917  2959  2959 E test    : onScrollChanged!
04-16 02:40:33.104  2959  2959 E test    : onScrollChanged!
04-16 02:40:33.104  2959  2959 E test    : onScrollChanged!
04-16 02:40:33.557   689   869 E AudioService: Could not get client death handler for stream: 1
04-16 02:40:33.557   689   869 E AudioService: Could not get client death handler for stream: 2
04-16 02:40:33.557   689   869 E AudioService: Could not get client death handler for stream: 5
04-16 02:40:33.557   689   869 E AudioService: Could not get client death handler for stream: 7
04-16 02:40:33.557   689   869 E AudioService: Could not get client death handler for stream: 8
04-16 02:40:34.212   689  2193 E AudioService: Could not get client death handler for stream: 1
04-16 02:40:34.212   689  2193 E AudioService: Could not get client death handler for stream: 2
04-16 02:40:34.212   689  2193 E AudioService: Could not get client death handler for stream: 5
04-16 02:40:34.212   689  2193 E AudioService: Could not get client death handler for stream: 7
04-16 02:40:34.212   689  2193 E AudioService: Could not get client death handler for stream: 8
04-16 02:40:35.727  2959  2959 E test    : onScrollChanged!
04-16 02:40:39.246  2959  2959 E test    : onScrollChanged!
04-16 02:40:39.747  2959  2959 E test    : onScrollChanged!
04-16 02:40:45.265  2959  2959 E test    : onScrollChanged!
04-16 02:40:45.922   689   707 E AudioService: Could not get client death handler for stream: 1
04-16 02:40:45.922   689   707 E AudioService: Could not get client death handler for stream: 2
04-16 02:40:45.922   689   707 E AudioService: Could not get client death handler for stream: 5
04-16 02:40:45.922   689   707 E AudioService: Could not get client death handler for stream: 7
04-16 02:40:45.922   689   707 E AudioService: Could not get client death handler for stream: 8
04-16 02:40:51.515  2959  2959 E test    : onScrollChanged!
04-16 02:40:51.515  2959  2959 E test    : onScrollChanged!
04-16 02:40:53.556  2959  2959 E test    : onScrollChanged!
04-16 02:40:53.556  2959  2959 E test    : onScrollChanged!
04-16 02:41:00.308  2959  2959 E test    : onScrollChanged!
04-16 02:41:01.311  2959  2959 E test    : onScrollChanged!
04-16 02:41:08.105   887   887 E RichInputConnection: Unable to connect to the editor to retrieve text.
04-16 02:41:08.153   887   887 E RichInputConnection: Unable to connect to the editor to retrieve text.
04-16 02:41:10.457  2959  2959 E test    : onScrollChanged!
04-16 02:41:11.605  2959  2959 E test    : onScrollChanged!
04-16 02:41:14.641  2959  2959 E test    : onScrollChanged!
04-16 02:41:16.268  2959  2959 E test    : onScrollChanged!
04-16 02:41:16.269  2959  2959 E test    : onScrollChanged!
04-16 02:41:18.554  2959  2959 E test    : onScrollChanged!
04-16 02:41:18.554  2959  2959 E test    : onScrollChanged!
04-16 02:41:24.596  2959  2959 E test    : onScrollChanged!
04-16 02:41:28.603  2959  2959 E test    : onScrollChanged!
04-16 02:41:28.603  2959  2959 E test    : onScrollChanged!
04-16 02:41:29.585  2959  2959 E test    : onScrollChanged!
04-16 02:41:37.704  2959  2959 E test    : onScrollChanged!
04-16 02:41:40.767  2959  2959 E test    : onScrollChanged!
04-16 02:41:40.768  2959  2959 E test    : onScrollChanged!
04-16 02:41:42.746  2959  2959 E test    : onScrollChanged!
04-16 02:41:44.255  2959  2959 E test    : onScrollChanged!
04-16 02:42:06.580   887   887 E RichInputConnection: Unable to connect to the editor to retrieve text.
04-16 02:42:06.597   887   887 E RichInputConnection: Unable to connect to the editor to retrieve text.
04-16 02:42:07.611  2959  2959 E test    : onScrollChanged!
04-16 02:42:07.612  2959  2959 E test    : onScrollChanged!
04-16 02:42:15.203  2959  2959 E test    : onScrollChanged!
04-16 02:42:19.209  2959  2959 E test    : onScrollChanged!
04-16 02:42:19.210  2959  2959 E test    : onScrollChanged!
04-16 02:42:35.600   689   909 E AudioService: Could not get client death handler for stream: 1
04-16 02:42:35.600   689   909 E AudioService: Could not get client death handler for stream: 2
04-16 02:42:35.600   689   909 E AudioService: Could not get client death handler for stream: 5
04-16 02:42:35.600   689   909 E AudioService: Could not get client death handler for stream: 7
04-16 02:42:35.600   689   909 E AudioService: Could not get client death handler for stream: 8
04-16 02:42:42.203  2959  2959 E test    : onScrollChanged!
04-16 02:42:42.203  2959  2959 E test    : onScrollChanged!
04-16 02:42:43.656  2959  2959 E test    : onScrollChanged!
04-16 02:42:45.723  2959  2959 E test    : onScrollChanged!
04-16 02:42:47.731  2959  2959 E test    : onScrollChanged!
04-16 02:42:47.850  2959  2959 E test    : onScrollChanged!
04-16 02:42:48.762  2959  2959 E test    : onScrollChanged!
04-16 02:42:48.762  2959  2959 E test    : onScrollChanged!
04-16 02:42:48.762  2959  2959 E test    : onScrollChanged!
04-16 02:42:48.763  2959  2959 E test    : onScrollChanged!
04-16 02:43:06.756   684   684 E EGL_emulation: tid 684: eglCreateSyncKHR(1215): error 0x3004 (EGL_BAD_ATTRIBUTE)
04-16 02:43:06.906  2959  2959 E WindowManager: 
04-16 02:43:06.906  2959  2959 E WindowManager: android.view.WindowLeaked: Activity com.estrongs.android.pop.view.FileExplorerActivity has leaked window com.android.internal.policy.impl.PhoneWindow$DecorView{3f0effc2 V.E..... R....... 0,0-720,704} that was originally added here
04-16 02:43:06.906  2959  2959 E WindowManager: 	at android.view.ViewRootImpl.<init>(ViewRootImpl.java:363)
04-16 02:43:06.906  2959  2959 E WindowManager: 	at android.view.WindowManagerGlobal.addView(WindowManagerGlobal.java:271)
04-16 02:43:06.906  2959  2959 E WindowManager: 	at android.view.WindowManagerImpl.addView(WindowManagerImpl.java:85)
04-16 02:43:06.906  2959  2959 E WindowManager: 	at android.app.Dialog.show(Dialog.java:298)
04-16 02:43:06.906  2959  2959 E WindowManager: 	at com.estrongs.android.ui.dialog.ci.show(Unknown Source)
04-16 02:43:06.906  2959  2959 E WindowManager: 	at com.estrongs.android.ui.dialog.fa.show(Unknown Source)
04-16 02:43:06.906  2959  2959 E WindowManager: 	at com.estrongs.android.pop.view.FileExplorerActivity.a(Unknown Source)
04-16 02:43:06.906  2959  2959 E WindowManager: 	at com.estrongs.android.ui.e.av.onClick(Unknown Source)
04-16 02:43:06.906  2959  2959 E WindowManager: 	at com.estrongs.android.ui.dialog.cl.onItemClick(Unknown Source)
04-16 02:43:06.906  2959  2959 E WindowManager: 	at android.widget.AdapterView.performItemClick(AdapterView.java:305)
04-16 02:43:06.906  2959  2959 E WindowManager: 	at android.widget.AbsListView.performItemClick(AbsListView.java:1146)
04-16 02:43:06.906  2959  2959 E WindowManager: 	at android.widget.AbsListView.onKeyUp(AbsListView.java:3194)
04-16 02:43:06.906  2959  2959 E WindowManager: 	at android.widget.ListView.commonKey(ListView.java:2300)
04-16 02:43:06.906  2959  2959 E WindowManager: 	at android.widget.ListView.onKeyUp(ListView.java:2155)
04-16 02:43:06.906  2959  2959 E WindowManager: 	at android.view.KeyEvent.dispatch(KeyEvent.java:2643)
04-16 02:43:06.906  2959  2959 E WindowManager: 	at android.view.View.dispatchKeyEvent(View.java:8411)
04-16 02:43:06.906  2959  2959 E WindowManager: 	at android.view.ViewGroup.dispatchKeyEvent(ViewGroup.java:1490)
04-16 02:43:06.906  2959  2959 E WindowManager: 	at android.widget.ListView.dispatchKeyEvent(ListView.java:2130)
04-16 02:43:06.906  2959  2959 E WindowManager: 	at android.view.ViewGroup.dispatchKeyEvent(ViewGroup.java:1495)
04-16 02:43:06.906  2959  2959 E WindowManager: 	at android.view.ViewGroup.dispatchKeyEvent(ViewGroup.java:1495)
04-16 02:43:06.906  2959  2959 E WindowManager: 	at android.view.ViewGroup.dispatchKeyEvent(ViewGroup.java:1495)
04-16 02:43:06.906  2959  2959 E WindowManager: 	at android.view.ViewGroup.dispatchKeyEvent(ViewGroup.java:1495)
04-16 02:43:06.906  2959  2959 E WindowManager: 	at android.view.ViewGroup.dispatchKeyEvent(ViewGroup.java:1495)
04-16 02:43:06.906  2959  2959 E WindowManager: 	at android.view.ViewGroup.dispatchKeyEvent(ViewGroup.java:1495)
04-16 02:43:06.906  2959  2959 E WindowManager: 	at com.android.internal.policy.impl.PhoneWindow$DecorView.superDispatchKeyEvent(PhoneWindow.java:2361)
04-16 02:43:06.906  2959  2959 E WindowManager: 	at com.android.internal.policy.impl.PhoneWindow.superDispatchKeyEvent(PhoneWindow.java:1709)
04-16 02:43:06.906  2959  2959 E WindowManager: 	at android.app.Dialog.dispatchKeyEvent(Dialog.java:731)
04-16 02:43:06.906  2959  2959 E WindowManager: 	at com.android.internal.policy.impl.PhoneWindow$DecorView.dispatchKeyEvent(PhoneWindow.java:2276)
04-16 02:43:06.906  2959  2959 E WindowManager: 	at android.view.ViewRootImpl$ViewPostImeInputStage.processKeyEvent(ViewRootImpl.java:4020)
04-16 02:43:06.906  2959  2959 E WindowManager: 	at android.view.ViewRootImpl$ViewPostImeInputStage.onProcess(ViewRootImpl.java:3982)
04-16 02:43:06.906  2959  2959 E WindowManager: 	at android.view.ViewRootImpl$InputStage.deliver(ViewRootImpl.java:3544)
04-16 02:43:06.906  2959  2959 E WindowManager: 	at android.view.ViewRootImpl$InputStage.onDeliverToNext(ViewRootImpl.java:3597)
04-16 02:43:06.906  2959  2959 E WindowManager: 	at android.view.ViewRootImpl$InputStage.forward(ViewRootImpl.java:3563)
04-16 02:43:06.906  2959  2959 E WindowManager: 	at android.view.ViewRootImpl$AsyncInputStage.forward(ViewRootImpl.java:3680)
04-16 02:43:06.906  2959  2959 E WindowManager: 	at android.view.ViewRootImpl$InputStage.apply(ViewRootImpl.java:3571)
04-16 02:43:06.906  2959  2959 E WindowManager: 	at android.view.ViewRootImpl$AsyncInputStage.apply(ViewRootImpl.java:3737)
04-16 02:43:06.906  2959  2959 E WindowManager: 	at android.view.ViewRootImpl$InputStage.deliver(ViewRootImpl.java:3544)
04-16 02:43:06.906  2959  2959 E WindowManager: 	at android.view.ViewRootImpl$InputStage.onDeliverToNext(ViewRootImpl.java:3597)
04-16 02:43:06.906  2959  2959 E WindowManager: 	at android.view.ViewRootImpl$InputStage.forward(ViewRootImpl.java:3563)
04-16 02:43:06.906  2959  2959 E WindowManager: 	at android.view.ViewRootImpl$InputStage.apply(ViewRootImpl.java:3571)
04-16 02:43:06.906  2959  2959 E WindowManager: 	at android.view.ViewRootImpl$InputStage.deliver(ViewRootImpl.java:3544)
04-16 02:43:06.906  2959  2959 E WindowManager: 	at android.view.ViewRootImpl$InputStage.onDeliverToNext(ViewRootImpl.java:3597)
04-16 02:43:06.906  2959  2959 E WindowManager: 	at android.view.ViewRootImpl$InputStage.forward(ViewRootImpl.java:3563)
04-16 02:43:06.906  2959  2959 E WindowManager: 	at android.view.ViewRootImpl$AsyncInputStage.forward(ViewRootImpl.java:3713)
04-16 02:43:06.906  2959  2959 E WindowManager: 	at android.view.ViewRootImpl$ImeInputStage.onFinishedInputEvent(ViewRootImpl.java:3874)
04-16 02:43:06.906  2959  2959 E WindowManager: 	at android.view.inputmethod.InputMethodManager$PendingEvent.run(InputMethodManager.java:2208)
04-16 02:43:06.906  2959  2959 E WindowManager: 	at android.view.inputmethod.InputMethodManager.invokeFinishedInputEventCallback(InputMethodManager.java:1849)
04-16 02:43:06.906  2959  2959 E WindowManager: 	at android.view.inputmethod.InputMethodManager.finishedInputEvent(InputMethodManager.java:1840)
04-16 02:43:06.906  2959  2959 E WindowManager: 	at android.view.inputmethod.InputMethodManager$ImeInputEventSender.onInputEventFinished(InputMethodManager.java:2185)
04-16 02:43:06.906  2959  2959 E WindowManager: 	at android.view.InputEventSender.dispatchInputEventFinished(InputEventSender.java:141)
04-16 02:43:06.906  2959  2959 E WindowManager: 	at android.os.MessageQueue.nativePollOnce(Native Method)
04-16 02:43:06.906  2959  2959 E WindowManager: 	at android.os.MessageQueue.next(MessageQueue.java:143)
04-16 02:43:06.906  2959  2959 E WindowManager: 	at android.os.Lo
04-16 02:43:07.113  2959  2959 E test    : onScrollChanged!
04-16 02:43:07.612  2959  2959 E test    : onScrollChanged!
04-16 02:43:08.088  2959  3392 E Ads     : This app is using a lightweight version of the Google Mobile Ads SDK that requires the latest Google Play services to be installed, but Google Play services is either missing or out of date.
04-16 02:43:08.164  2959  2959 E test    : onScrollChanged!
04-16 02:43:08.431  2959  3392 E Ads     : This app is using a lightweight version of the Google Mobile Ads SDK that requires the latest Google Play services to be installed, but Google Play services is either missing or out of date.
04-16 02:43:09.095  2959  2959 E test    : onScrollChanged!
04-16 02:43:09.096  2959  2959 E test    : onScrollChanged!
04-16 02:43:09.843  2959  2959 E test    : onScrollChanged!
04-16 02:43:09.967  2959  2959 E test    : onScrollChanged!
04-16 02:43:10.495  2959  2959 E test    : onScrollChanged!
04-16 02:43:10.495  2959  2959 E test    : onScrollChanged!
04-16 02:43:10.496  2959  2959 E test    : onScrollChanged!
04-16 02:43:10.911  2959  2959 E test    : onScrollChanged!
04-16 02:43:11.550  2959  2959 E test    : onScrollChanged!
04-16 02:43:11.996  2959  2959 E test    : onScrollChanged!
04-16 02:43:11.996  2959  2959 E test    : onScrollChanged!
04-16 02:43:12.122  2959  2959 E test    : onScrollChanged!
04-16 02:43:12.359  2959  2959 E test    : onScrollChanged!
04-16 02:43:12.444  2959  2959 E test    : onScrollChanged!
04-16 02:43:12.444  2959  2959 E test    : onScrollChanged!
04-16 02:43:14.458  2959  2959 E test    : onScrollChanged!
04-16 02:43:15.104  2959  2959 E test    : onScrollChanged!
04-16 02:43:16.105  2959  2959 E test    : onScrollChanged!
04-16 02:43:20.671  2959  2959 E test    : onScrollChanged!
04-16 02:43:25.756  2959  2959 E test    : onScrollChanged!
04-16 02:43:27.789  2959  2959 E test    : onScrollChanged!
04-16 02:43:31.449  2959  2959 E test    : onScrollChanged!
04-16 02:43:31.450  2959  2959 E test    : onScrollChanged!
04-16 02:43:32.848  2959  2959 E test    : onScrollChanged!
04-16 02:43:35.382   689   998 E AudioService: Could not get client death handler for stream: 1
04-16 02:43:35.382   689   998 E AudioService: Could not get client death handler for stream: 2
04-16 02:43:35.382   689   998 E AudioService: Could not get client death handler for stream: 5
04-16 02:43:35.382   689   998 E AudioService: Could not get client death handler for stream: 7
04-16 02:43:35.382   689   998 E AudioService: Could not get client death handler for stream: 8
04-16 02:43:36.205  2959  2959 E test    : onScrollChanged!
04-16 02:43:36.206  2959  2959 E test    : onScrollChanged!
04-16 02:43:39.926  2959  2959 E test    : onScrollChanged!
04-16 02:43:42.935  2959  2959 E test    : onScrollChanged!
04-16 02:43:53.048  2959  2959 E test    : onScrollChanged!
04-16 02:43:53.049  2959  2959 E test    : onScrollChanged!
04-16 02:43:54.671  2959  2959 E test    : onScrollChanged!
04-16 02:43:56.242  2959  2959 E test    : onScrollChanged!
04-16 02:43:56.242  2959  2959 E test    : onScrollChanged!
04-16 02:43:57.701  2959  2959 E test    : onScrollChanged!
04-16 02:43:57.702  2959  2959 E test    : onScrollChanged!
04-16 02:43:57.702  2959  2959 E test    : onScrollChanged!
04-16 02:43:57.706  2959  2959 E test    : onScrollChanged!
04-16 02:43:58.246  2959  2959 E test    : onScrollChanged!
04-16 02:44:43.577   689  2193 E AudioService: Could not get client death handler for stream: 1
04-16 02:44:43.577   689  2193 E AudioService: Could not get client death handler for stream: 2
04-16 02:44:43.577   689  2193 E AudioService: Could not get client death handler for stream: 5
04-16 02:44:43.577   689  2193 E AudioService: Could not get client death handler for stream: 7
04-16 02:44:43.577   689  2193 E AudioService: Could not get client death handler for stream: 8
04-16 02:44:50.040  2959  2959 E test    : onScrollChanged!
04-16 02:44:50.197  2959  2959 E test    : onScrollChanged!
04-16 02:44:50.306  2959  2959 E test    : onScrollChanged!
04-16 02:44:50.461  2959  2959 E test    : onScrollChanged!
04-16 02:44:50.489  2959  2959 E test    : onScrollChanged!
04-16 02:44:50.494  2959  2959 E test    : onScrollChanged!
04-16 02:44:50.494  2959  2959 E test    : onScrollChanged!
04-16 02:44:50.494  2959  2959 E test    : onScrollChanged!
04-16 02:44:50.494  2959  2959 E test    : onScrollChanged!
04-16 02:44:50.494  2959  2959 E test    : onScrollChanged!
04-16 02:44:51.316  2959  2959 E test    : onScrollChanged!
04-16 02:44:51.354  2959  2959 E test    : onScrollChanged!
04-16 02:44:52.312  2959  2959 E test    : onScrollChanged!
04-16 02:44:53.245  2959  3094 E chromium: [ERROR:buffer_manager.cc(313)] [.Parent-Compositor-0xd962e820]GL ERROR :GL_INVALID_OPERATION : glBufferData: <- error from previous GL command
04-16 02:44:53.939  2959  2959 E test    : onScrollChanged!
04-16 02:44:54.954  2959  2959 E test    : onScrollChanged!
04-16 02:46:00.921  2959  2959 E test    : onScrollChanged!
04-16 02:46:00.923  2959  2959 E test    : onScrollChanged!
04-16 02:46:22.246   684   684 E SurfaceFlinger: rejecting buffer: bufWidth=720, bufHeight=50, front.active.{w=720, h=1280}
04-16 02:46:27.783   689   909 E AudioService: Could not get client death handler for stream: 1
04-16 02:46:27.783   689   909 E AudioService: Could not get client death handler for stream: 2
04-16 02:46:27.784   689   909 E AudioService: Could not get client death handler for stream: 5
04-16 02:46:27.784   689   909 E AudioService: Could not get client death handler for stream: 7
04-16 02:46:27.784   689   909 E AudioService: Could not get client death handler for stream: 8
04-16 02:46:55.049   684   684 E EGL_emulation: tid 684: eglCreateSyncKHR(1215): error 0x3004 (EGL_BAD_ATTRIBUTE)
04-16 02:46:55.204  2959  4681 E Ads     : This app is using a lightweight version of the Google Mobile Ads SDK that requires the latest Google Play services to be installed, but Google Play services is either missing or out of date.
04-16 02:46:57.402  2959  2959 E ViewRootImpl: Attempting to destroy the window while drawing!
04-16 02:46:57.402  2959  2959 E ViewRootImpl:   window=android.view.ViewRootImpl@87c0e5d, title=
04-16 02:46:57.794   684   684 E EGL_emulation: tid 684: eglCreateSyncKHR(1215): error 0x3004 (EGL_BAD_ATTRIBUTE)
04-16 02:47:00.044   684   684 E EGL_emulation: tid 684: eglCreateSyncKHR(1215): error 0x3004 (EGL_BAD_ATTRIBUTE)
04-16 02:47:01.706  2959  2959 E test    : onScrollChanged!
04-16 02:47:01.706  2959  2959 E test    : onScrollChanged!
04-16 02:47:02.260  2959  2959 E test    : onScrollChanged!
04-16 02:47:03.826  2959  2959 E test    : onScrollChanged!
04-16 02:47:03.827  2959  2959 E test    : onScrollChanged!
04-16 02:47:08.375  2959  2959 E test    : onScrollChanged!
04-16 02:47:08.375  2959  2959 E test    : onScrollChanged!
04-16 02:47:12.063  2959  2959 E test    : onScrollChanged!
04-16 02:47:12.064  2959  2959 E test    : onScrollChanged!
04-16 02:47:12.896  2959  2959 E test    : onScrollChanged!
04-16 02:47:17.452  2959  2959 E test    : onScrollChanged!
04-16 02:47:19.459  2959  2959 E test    : onScrollChanged!
04-16 02:47:25.715  2959  2959 E test    : onScrollChanged!
04-16 02:47:25.715  2959  2959 E test    : onScrollChanged!
04-16 02:47:26.585  2959  2959 E test    : onScrollChanged!
04-16 02:47:28.757  2959  2959 E test    : onScrollChanged!
04-16 02:47:30.266  2959  2959 E test    : onScrollChanged!
04-16 02:47:34.454  2959  2959 E test    : onScrollChanged!
04-16 02:47:34.459  2959  2959 E test    : onScrollChanged!
04-16 02:47:35.456  2959  2959 E test    : onScrollChanged!
04-16 02:47:36.652  2959  3094 E chromium: [ERROR:buffer_manager.cc(313)] [.Parent-Compositor-0xdb5b0860]GL ERROR :GL_INVALID_OPERATION : glBufferData: <- error from previous GL command
04-16 02:47:38.498   689  1261 E AudioService: Could not get client death handler for stream: 1
04-16 02:47:38.499   689  1261 E AudioService: Could not get client death handler for stream: 2
04-16 02:47:38.499   689  1261 E AudioService: Could not get client death handler for stream: 5
04-16 02:47:38.499   689  1261 E AudioService: Could not get client death handler for stream: 7
04-16 02:47:38.499   689  1261 E AudioService: Could not get client death handler for stream: 8
04-16 02:47:40.152  2959  2959 E test    : onScrollChanged!
04-16 02:47:43.186  2959  2959 E test    : onScrollChanged!
04-16 02:47:45.206  2959  2959 E test    : onScrollChanged!
04-16 02:47:46.988  2959  2959 E test    : onScrollChanged!
04-16 02:47:47.990  2959  2959 E test    : onScrollChanged!
04-16 02:47:50.507  2959  2959 E test    : onScrollChanged!
04-16 02:48:16.696   684   684 E EGL_emulation: tid 684: eglCreateSyncKHR(1215): error 0x3004 (EGL_BAD_ATTRIBUTE)
04-16 02:48:16.937   689   689 E GpsLocationProvider: no AGPS interface in set_agps_server
04-16 02:48:16.937   689   689 E GpsLocationProvider: no GPS configuration interface in configuraiton_update
04-16 02:48:16.964   689   689 E GpsLocationProvider: no AGPS interface in set_agps_server
04-16 02:48:16.964   689   689 E GpsLocationProvider: no GPS configuration interface in configuraiton_update
04-16 02:48:16.987   689   712 E GpsLocationProvider: no AGPS interface in set_agps_server
04-16 02:48:16.987   689   712 E GpsLocationProvider: no GPS configuration interface in configuraiton_update
04-16 02:48:17.183   689   689 E GpsLocationProvider: no AGPS interface in set_agps_server
04-16 02:48:17.183   689   689 E GpsLocationProvider: no GPS configuration interface in configuraiton_update
04-16 02:48:17.661  2959  2959 E WindowManager: 
04-16 02:48:17.661  2959  2959 E WindowManager: android.view.WindowLeaked: Activity com.estrongs.android.pop.view.FileExplorerActivity has leaked window com.android.internal.policy.impl.PhoneWindow$DecorView{b94ea0 V.E..... R....... 0,0-720,1230} that was originally added here
04-16 02:48:17.661  2959  2959 E WindowManager: 	at android.view.ViewRootImpl.<init>(ViewRootImpl.java:363)
04-16 02:48:17.661  2959  2959 E WindowManager: 	at android.view.WindowManagerGlobal.addView(WindowManagerGlobal.java:271)
04-16 02:48:17.661  2959  2959 E WindowManager: 	at android.view.WindowManagerImpl.addView(WindowManagerImpl.java:85)
04-16 02:48:17.661  2959  2959 E WindowManager: 	at android.app.Dialog.show(Dialog.java:298)
04-16 02:48:17.661  2959  2959 E WindowManager: 	at com.estrongs.android.ui.dialog.ci.show(Unknown Source)
04-16 02:48:17.661  2959  2959 E WindowManager: 	at com.estrongs.android.ui.dialog.fa.show(Unknown Source)
04-16 02:48:17.661  2959  2959 E WindowManager: 	at com.estrongs.android.ui.e.m.a(Unknown Source)
04-16 02:48:17.661  2959  2959 E WindowManager: 	at com.estrongs.android.ui.e.m.a(Unknown Source)
04-16 02:48:17.661  2959  2959 E WindowManager: 	at com.estrongs.android.ui.e.av.onClick(Unknown Source)
04-16 02:48:17.661  2959  2959 E WindowManager: 	at com.estrongs.android.ui.dialog.cl.onItemClick(Unknown Source)
04-16 02:48:17.661  2959  2959 E WindowManager: 	at android.widget.AdapterView.performItemClick(AdapterView.java:305)
04-16 02:48:17.661  2959  2959 E WindowManager: 	at android.widget.AbsListView.performItemClick(AbsListView.java:1146)
04-16 02:48:17.661  2959  2959 E WindowManager: 	at android.widget.AbsListView.onKeyUp(AbsListView.java:3194)
04-16 02:48:17.661  2959  2959 E WindowManager: 	at android.widget.ListView.commonKey(ListView.java:2300)
04-16 02:48:17.661  2959  2959 E WindowManager: 	at android.widget.ListView.onKeyUp(ListView.java:2155)
04-16 02:48:17.661  2959  2959 E WindowManager: 	at android.view.KeyEvent.dispatch(KeyEvent.java:2643)
04-16 02:48:17.661  2959  2959 E WindowManager: 	at android.view.View.dispatchKeyEvent(View.java:8411)
04-16 02:48:17.661  2959  2959 E WindowManager: 	at android.view.ViewGroup.dispatchKeyEvent(ViewGroup.java:1490)
04-16 02:48:17.661  2959  2959 E WindowManager: 	at android.widget.ListView.dispatchKeyEvent(ListView.java:2130)
04-16 02:48:17.661  2959  2959 E WindowManager: 	at android.view.ViewGroup.dispatchKeyEvent(ViewGroup.java:1495)
04-16 02:48:17.661  2959  2959 E WindowManager: 	at android.view.ViewGroup.dispatchKeyEvent(ViewGroup.java:1495)
04-16 02:48:17.661  2959  2959 E WindowManager: 	at android.view.ViewGroup.dispatchKeyEvent(ViewGroup.java:1495)
04-16 02:48:17.661  2959  2959 E WindowManager: 	at android.view.ViewGroup.dispatchKeyEvent(ViewGroup.java:1495)
04-16 02:48:17.661  2959  2959 E WindowManager: 	at android.view.ViewGroup.dispatchKeyEvent(ViewGroup.java:1495)
04-16 02:48:17.661  2959  2959 E WindowManager: 	at android.view.ViewGroup.dispatchKeyEvent(ViewGroup.java:1495)
04-16 02:48:17.661  2959  2959 E WindowManager: 	at com.android.internal.policy.impl.PhoneWindow$DecorView.superDispatchKeyEvent(PhoneWindow.java:2361)
04-16 02:48:17.661  2959  2959 E WindowManager: 	at com.android.internal.policy.impl.PhoneWindow.superDispatchKeyEvent(PhoneWindow.java:1709)
04-16 02:48:17.661  2959  2959 E WindowManager: 	at android.app.Dialog.dispatchKeyEvent(Dialog.java:731)
04-16 02:48:17.661  2959  2959 E WindowManager: 	at com.android.internal.policy.impl.PhoneWindow$DecorView.dispatchKeyEvent(PhoneWindow.java:2276)
04-16 02:48:17.661  2959  2959 E WindowManager: 	at android.view.ViewRootImpl$ViewPostImeInputStage.processKeyEvent(ViewRootImpl.java:4020)
04-16 02:48:17.661  2959  2959 E WindowManager: 	at android.view.ViewRootImpl$ViewPostImeInputStage.onProcess(ViewRootImpl.java:3982)
04-16 02:48:17.661  2959  2959 E WindowManager: 	at android.view.ViewRootImpl$InputStage.deliver(ViewRootImpl.java:3544)
04-16 02:48:17.661  2959  2959 E WindowManager: 	at android.view.ViewRootImpl$InputStage.onDeliverToNext(ViewRootImpl.java:3597)
04-16 02:48:17.661  2959  2959 E WindowManager: 	at android.view.ViewRootImpl$InputStage.forward(ViewRootImpl.java:3563)
04-16 02:48:17.661  2959  2959 E WindowManager: 	at android.view.ViewRootImpl$AsyncInputStage.forward(ViewRootImpl.java:3680)
04-16 02:48:17.661  2959  2959 E WindowManager: 	at android.view.ViewRootImpl$InputStage.apply(ViewRootImpl.java:3571)
04-16 02:48:17.661  2959  2959 E WindowManager: 	at android.view.ViewRootImpl$AsyncInputStage.apply(ViewRootImpl.java:3737)
04-16 02:48:17.661  2959  2959 E WindowManager: 	at android.view.ViewRootImpl$InputStage.deliver(ViewRootImpl.java:3544)
04-16 02:48:17.661  2959  2959 E WindowManager: 	at android.view.ViewRootImpl$InputStage.onDeliverToNext(ViewRootImpl.java:3597)
04-16 02:48:17.661  2959  2959 E WindowManager: 	at android.view.ViewRootImpl$InputStage.forward(ViewRootImpl.java:3563)
04-16 02:48:17.661  2959  2959 E WindowManager: 	at android.view.ViewRootImpl$InputStage.apply(ViewRootImpl.java:3571)
04-16 02:48:17.661  2959  2959 E WindowManager: 	at android.view.ViewRootImpl$InputStage.deliver(ViewRootImpl.java:3544)
04-16 02:48:17.661  2959  2959 E WindowManager: 	at android.view.ViewRootImpl$InputStage.onDeliverToNext(ViewRootImpl.java:3597)
04-16 02:48:17.661  2959  2959 E WindowManager: 	at android.view.ViewRootImpl$InputStage.forward(ViewRootImpl.java:3563)
04-16 02:48:17.661  2959  2959 E WindowManager: 	at android.view.ViewRootImpl$AsyncInputStage.forward(ViewRootImpl.java:3713)
04-16 02:48:17.661  2959  2959 E WindowManager: 	at android.view.ViewRootImpl$ImeInputStage.onFinishedInputEvent(ViewRootImpl.java:3874)
04-16 02:48:17.661  2959  2959 E WindowManager: 	at android.view.inputmethod.InputMethodManager$PendingEvent.run(InputMethodManager.java:2208)
04-16 02:48:17.661  2959  2959 E WindowManager: 	at android.view.inputmethod.InputMethodManager.invokeFinishedInputEventCallback(InputMethodManager.java:1849)
04-16 02:48:17.661  2959  2959 E WindowManager: 	at android.view.inputmethod.InputMethodManager.finishedInputEvent(InputMethodManager.java:1840)
04-16 02:48:17.661  2959  2959 E WindowManager: 	at android.view.inputmethod.InputMethodManager$ImeInputEventSender.onInputEventFinished(InputMethodManager.java:2185)
04-16 02:48:17.661  2959  2959 E WindowManager: 	at android.view.InputEventSender.dispatchInputEventFinished(InputEventSender.java:141)
04-16 02:48:17.661  2959  2959 E WindowManager: 	at android.os.MessageQueue.nativePollOnce(Native Method)
04-16 02:48:17.661  2959  2959 E WindowManager: 	at android.os.MessageQueue.next(MessageQueue.j
04-16 02:48:17.907  2959  2959 E test    : onScrollChanged!
04-16 02:48:19.068  2959  2959 E test    : onScrollChanged!
04-16 02:48:19.150  2959  3392 E Ads     : This app is using a lightweight version of the Google Mobile Ads SDK that requires the latest Google Play services to be installed, but Google Play services is either missing or out of date.
04-16 02:48:19.676  2959  3392 E Ads     : This app is using a lightweight version of the Google Mobile Ads SDK that requires the latest Google Play services to be installed, but Google Play services is either missing or out of date.
04-16 02:48:28.669   689   708 E AudioService: Could not get client death handler for stream: 1
04-16 02:48:28.669   689   708 E AudioService: Could not get client death handler for stream: 2
04-16 02:48:28.669   689   708 E AudioService: Could not get client death handler for stream: 5
04-16 02:48:28.669   689   708 E AudioService: Could not get client death handler for stream: 7
04-16 02:48:28.669   689   708 E AudioService: Could not get client death handler for stream: 8
04-16 02:48:50.210  2959  2959 E test    : onScrollChanged!
04-16 02:49:01.055  2959  2959 E test    : onScrollChanged!
04-16 02:49:08.206  2959  2959 E test    : onScrollChanged!
04-16 02:49:31.611  2959  2959 E test    : onScrollChanged!
04-16 02:49:31.634  2959  2959 E test    : onScrollChanged!
04-16 02:49:31.758  2959  2959 E test    : onScrollChanged!
04-16 02:49:35.051  2959  2959 E test    : onScrollChanged!
04-16 02:49:38.561  2959  2959 E test    : onScrollChanged!
04-16 02:49:38.561  2959  2959 E test    : onScrollChanged!
04-16 02:49:39.064  2959  2959 E test    : onScrollChanged!
04-16 02:49:41.572  2959  2959 E test    : onScrollChanged!
04-16 02:49:41.572  2959  2959 E test    : onScrollChanged!
04-16 02:49:42.075  2959  2959 E test    : onScrollChanged!
04-16 02:49:43.079  2959  2959 E test    : onScrollChanged!
04-16 02:49:43.079  2959  2959 E test    : onScrollChanged!
04-16 02:49:44.106  2959  2959 E test    : onScrollChanged!
04-16 02:49:47.406  2959  2959 E test    : onScrollChanged!
04-16 02:49:47.415  2959  2959 E test    : onScrollChanged!
04-16 02:49:47.606  2959  2959 E test    : onScrollChanged!
04-16 02:49:48.309  2959  2959 E test    : onScrollChanged!
04-16 02:49:48.906  2959  2959 E test    : onScrollChanged!
04-16 02:49:48.906  2959  2959 E test    : onScrollChanged!
04-16 02:49:48.968  2959  2959 E test    : onScrollChanged!
04-16 02:49:51.960  2959  2959 E test    : onScrollChanged!
04-16 02:49:51.960  2959  2959 E test    : onScrollChanged!
04-16 02:49:53.152  2959  2959 E test    : onScrollChanged!
04-16 02:49:53.152  2959  2959 E test    : onScrollChanged!
04-16 02:49:53.655  2959  2959 E test    : onScrollChanged!
04-16 02:49:54.179  2959  2959 E test    : onScrollChanged!
04-16 02:49:54.179  2959  2959 E test    : onScrollChanged!
04-16 02:49:56.191  2959  2959 E test    : onScrollChanged!
04-16 02:49:56.196  2959  2959 E test    : onScrollChanged!
04-16 02:49:56.196  2959  2959 E test    : onScrollChanged!
04-16 02:49:56.196  2959  2959 E test    : onScrollChanged!
04-16 02:49:56.704  2959  2959 E test    : onScrollChanged!
04-16 02:49:57.773  2959  2959 E test    : onScrollChanged!
04-16 02:49:57.773  2959  2959 E test    : onScrollChanged!
04-16 02:49:59.791  2959  2959 E test    : onScrollChanged!
04-16 02:50:00.797  2959  2959 E test    : onScrollChanged!
04-16 02:50:00.797  2959  2959 E test    : onScrollChanged!
04-16 02:50:00.797  2959  2959 E test    : onScrollChanged!
04-16 02:50:00.877  2959  2959 E test    : onScrollChanged!
04-16 02:50:00.911  2959  2959 E test    : onScrollChanged!
04-16 02:50:00.928  2959  2959 E test    : onScrollChanged!
04-16 02:50:00.955  2959  2959 E test    : onScrollChanged!
04-16 02:50:01.002  2959  2959 E test    : onScrollChanged!
04-16 02:50:01.047  2959  2959 E test    : onScrollChanged!
04-16 02:50:01.062  2959  2959 E test    : onScrollChanged!
04-16 02:50:01.108  2959  2959 E test    : onScrollChanged!
04-16 02:50:01.162  2959  2959 E test    : onScrollChanged!
04-16 02:50:01.895  2959  2959 E test    : onScrollChanged!
04-16 02:50:02.397  2959  2959 E test    : onScrollChanged!
04-16 02:50:03.052  2959  2959 E test    : onScrollChanged!
04-16 02:50:03.457  2959  2959 E test    : onScrollChanged!
04-16 02:50:05.118   689  1261 E AudioService: Could not get client death handler for stream: 1
04-16 02:50:05.118   689  1261 E AudioService: Could not get client death handler for stream: 2
04-16 02:50:05.118   689  1261 E AudioService: Could not get client death handler for stream: 5
04-16 02:50:05.118   689  1261 E AudioService: Could not get client death handler for stream: 7
04-16 02:50:05.118   689  1261 E AudioService: Could not get client death handler for stream: 8
04-16 02:50:09.437  2959  2959 E test    : onScrollChanged!
04-16 02:50:09.437  2959  2959 E test    : onScrollChanged!
04-16 02:50:09.940  2959  2959 E test    : onScrollChanged!
04-16 02:50:12.030  2959  2959 E test    : onScrollChanged!
04-16 02:50:14.045  2959  2959 E test    : onScrollChanged!
04-16 02:50:15.049  2959  2959 E test    : onScrollChanged!
04-16 02:50:15.050  2959  2959 E test    : onScrollChanged!
04-16 02:50:16.056  2959  2959 E test    : onScrollChanged!
04-16 02:50:16.562  2959  2959 E test    : onScrollChanged!
04-16 02:50:16.562  2959  2959 E test    : onScrollChanged!
04-16 02:50:17.078  2959  2959 E test    : onScrollChanged!
04-16 02:50:17.078  2959  2959 E test    : onScrollChanged!
04-16 02:50:17.644  2959  2959 E test    : onScrollChanged!
04-16 02:50:18.112  2959  2959 E test    : onScrollChanged!
04-16 02:50:18.112  2959  2959 E test    : onScrollChanged!
04-16 02:50:18.112  2959  2959 E test    : onScrollChanged!
04-16 02:50:18.112  2959  2959 E test    : onScrollChanged!
04-16 02:50:18.135  2959  2959 E test    : onScrollChanged!
04-16 02:50:20.755  2959  2959 E test    : onScrollChanged!
04-16 02:50:20.755  2959  2959 E test    : onScrollChanged!
04-16 02:50:21.224  2959  2959 E test    : onScrollChanged!
04-16 02:50:21.245  2959  2959 E test    : onScrollChanged!
04-16 02:50:21.264  2959  2959 E test    : onScrollChanged!
04-16 02:50:21.346  2959  2959 E test    : onScrollChanged!
04-16 02:50:21.447  2959  2959 E test    : onScrollChanged!
04-16 02:50:21.591  2959  2959 E test    : onScrollChanged!
04-16 02:50:21.799  2959  2959 E test    : onScrollChanged!
04-16 02:50:21.799  2959  2959 E test    : onScrollChanged!
04-16 02:50:22.395  2959  2959 E test    : onScrollChanged!
04-16 02:50:22.830  2959  2959 E test    : onScrollChanged!
04-16 02:50:22.830  2959  2959 E test    : onScrollChanged!
04-16 02:50:22.831  2959  2959 E test    : onScrollChanged!
04-16 02:50:22.834  2959  2959 E test    : onScrollChanged!
04-16 02:50:22.834  2959  2959 E test    : onScrollChanged!
04-16 02:50:23.407  2959  2959 E test    : onScrollChanged!
04-16 02:50:23.824  2959  2959 E test    : onScrollChanged!
04-16 02:50:23.824  2959  2959 E test    : onScrollChanged!
04-16 02:50:24.327  2959  2959 E test    : onScrollChanged!
04-16 02:50:24.345  2959  2959 E test    : onScrollChanged!
04-16 02:50:24.345  2959  2959 E test    : onScrollChanged!
04-16 02:50:24.361  2959  2959 E test    : onScrollChanged!
04-16 02:50:24.379  2959  2959 E test    : onScrollChanged!
04-16 02:50:24.495  2959  2959 E test    : onScrollChanged!
04-16 02:50:24.605  2959  2959 E test    : onScrollChanged!
04-16 02:50:24.750  2959  2959 E test    : onScrollChanged!
04-16 02:50:24.853  2959  2959 E test    : onScrollChanged!
04-16 02:50:24.853  2959  2959 E test    : onScrollChanged!
04-16 02:50:25.598   689  6340 E AudioService: Could not get client death handler for stream: 1
04-16 02:50:25.598   689  6340 E AudioService: Could not get client death handler for stream: 2
04-16 02:50:25.598   689  6340 E AudioService: Could not get client death handler for stream: 5
04-16 02:50:25.598   689  6340 E AudioService: Could not get client death handler for stream: 7
04-16 02:50:25.599   689  6340 E AudioService: Could not get client death handler for stream: 8
04-16 02:50:26.610   689   708 E AudioService: Could not get client death handler for stream: 1
04-16 02:50:26.610   689   708 E AudioService: Could not get client death handler for stream: 2
04-16 02:50:26.610   689   708 E AudioService: Could not get client death handler for stream: 5
04-16 02:50:26.610   689   708 E AudioService: Could not get client death handler for stream: 7
04-16 02:50:26.610   689   708 E AudioService: Could not get client death handler for stream: 8
04-16 02:50:27.113  2959  2959 E test    : onScrollChanged!
04-16 02:50:27.114  2959  2959 E test    : onScrollChanged!
04-16 02:50:28.699  2959  2959 E test    : onScrollChanged!
04-16 02:50:29.212  2959  2959 E test    : onScrollChanged!
04-16 02:50:29.212  2959  2959 E test    : onScrollChanged!
04-16 02:50:29.213  2959  2959 E test    : onScrollChanged!
04-16 02:50:29.213  2959  2959 E test    : onScrollChanged!
04-16 02:50:29.213  2959  2959 E test    : onScrollChanged!
04-16 02:50:30.752  2959  2959 E test    : onScrollChanged!
04-16 02:50:31.257  2959  2959 E test    : onScrollChanged!
04-16 02:50:31.269  2959  2959 E test    : onScrollChanged!
04-16 02:50:31.298  2959  2959 E test    : onScrollChanged!
04-16 02:50:32.197  2959  2959 E test    : onScrollChanged!
04-16 02:50:32.197  2959  2959 E test    : onScrollChanged!
04-16 02:50:32.198  2959  2959 E test    : onScrollChanged!
04-16 02:50:32.198  2959  2959 E test    : onScrollChanged!
04-16 02:50:32.198  2959  2959 E test    : onScrollChanged!
04-16 02:50:32.769  2959  2959 E test    : onScrollChanged!
04-16 02:50:33.706  2959  2959 E test    : onScrollChanged!
04-16 02:50:33.706  2959  2959 E test    : onScrollChanged!
04-16 02:50:34.266  2959  2959 E test    : onScrollChanged!
04-16 02:50:34.713  2959  2959 E test    : onScrollChanged!
04-16 02:50:35.216  2959  2959 E test    : onScrollChanged!
04-16 02:50:35.842  2959  2959 E test    : onScrollChanged!
04-16 02:50:35.842  2959  2959 E test    : onScrollChanged!
04-16 02:50:36.346  2959  2959 E test    : onScrollChanged!
04-16 02:50:36.396  2959  2959 E test    : onScrollChanged!
04-16 02:50:38.853  2959  2959 E test    : onScrollChanged!
04-16 02:50:38.853  2959  2959 E test    : onScrollChanged!
04-16 02:50:39.378  2959  2959 E test    : onScrollChanged!
04-16 02:50:39.379  2959  2959 E test    : onScrollChanged!
04-16 02:50:39.380  2959  2959 E test    : onScrollChanged!
04-16 02:50:39.424  2959  2959 E test    : onScrollChanged!
04-16 02:50:39.959  2959  2959 E test    : onScrollChanged!
04-16 02:50:40.386  2959  2959 E test    : onScrollChanged!
04-16 02:50:40.386  2959  2959 E test    : onScrollChanged!
04-16 02:50:43.451  2959  2959 E test    : onScrollChanged!
04-16 02:50:43.455  2959  2959 E test    : onScrollChanged!
04-16 02:50:43.462  2959  2959 E test    : onScrollChanged!
04-16 02:50:43.492  2959  2959 E test    : onScrollChanged!
04-16 02:50:43.496  2959  2959 E test    : onScrollChanged!
04-16 02:50:43.512  2959  2959 E test    : onScrollChanged!
04-16 02:50:43.691  2959  2959 E test    : onScrollChanged!
04-16 02:50:44.543  2959  2959 E test    : onScrollChanged!
04-16 02:50:45.508  2959  2959 E test    : onScrollChanged!
04-16 02:50:45.508  2959  2959 E test    : onScrollChanged!
04-16 02:50:46.604  2959  2959 E test    : onScrollChanged!
04-16 02:50:47.024  2959  2959 E test    : onScrollChanged!
04-16 02:50:48.995  2959  2959 E test    : onScrollChanged!
04-16 02:50:48.995  2959  2959 E test    : onScrollChanged!
04-16 02:50:49.539  2959  2959 E test    : onScrollChanged!
04-16 02:50:49.539  2959  2959 E test    : onScrollChanged!
04-16 02:50:50.045  2959  2959 E test    : onScrollChanged!
04-16 02:50:50.045  2959  2959 E test    : onScrollChanged!
04-16 02:50:50.046  2959  2959 E test    : onScrollChanged!
04-16 02:50:50.047  2959  2959 E test    : onScrollChanged!
04-16 02:50:50.096  2959  2959 E test    : onScrollChanged!
04-16 02:50:51.142  2959  2959 E test    : onScrollChanged!
04-16 02:50:51.644  2959  2959 E test    : onScrollChanged!
04-16 02:50:51.644  2959  2959 E test    : onScrollChanged!
04-16 02:50:52.146  2959  2959 E test    : onScrollChanged!
04-16 02:50:52.648  2959  2959 E test    : onScrollChanged!
04-16 02:50:53.350  2959  2959 E test    : onScrollChanged!
04-16 02:50:53.351  2959  2959 E test    : onScrollChanged!
04-16 02:50:53.352  2959  2959 E test    : onScrollChanged!
04-16 02:50:53.352  2959  2959 E test    : onScrollChanged!
04-16 02:50:54.449  2959  2959 E test    : onScrollChanged!
04-16 02:50:54.952  2959  2959 E test    : onScrollChanged!
04-16 02:50:55.552  2959  2959 E test    : onScrollChanged!
04-16 02:50:55.552  2959  2959 E test    : onScrollChanged!
04-16 02:50:56.096  2959  2959 E test    : onScrollChanged!
04-16 02:50:56.556  2959  2959 E test    : onScrollChanged!
04-16 02:50:58.562  2959  2959 E test    : onScrollChanged!
04-16 02:50:59.071  2959  2959 E test    : onScrollChanged!
04-16 02:50:59.071  2959  2959 E test    : onScrollChanged!
04-16 02:51:00.574  2959  2959 E test    : onScrollChanged!
04-16 02:51:02.404  2959  2959 E test    : onScrollChanged!
04-16 02:51:02.622  2959  2959 E test    : onScrollChanged!
04-16 02:51:02.629  2959  2959 E test    : onScrollChanged!
04-16 02:51:02.645  2959  2959 E test    : onScrollChanged!
04-16 02:51:02.661  2959  2959 E test    : onScrollChanged!
04-16 02:51:02.678  2959  2959 E test    : onScrollChanged!
04-16 02:51:02.705  2959  2959 E test    : onScrollChanged!
04-16 02:51:02.806  2959  2959 E test    : onScrollChanged!
04-16 02:51:03.311  2959  2959 E test    : onScrollChanged!
04-16 02:51:03.311  2959  2959 E test    : onScrollChanged!
04-16 02:51:03.311  2959  2959 E test    : onScrollChanged!
04-16 02:51:03.311  2959  2959 E test    : onScrollChanged!
04-16 02:51:04.348  2959  2959 E test    : onScrollChanged!
04-16 02:51:04.350  2959  2959 E test    : onScrollChanged!
04-16 02:51:04.350  2959  2959 E test    : onScrollChanged!
04-16 02:51:04.352  2959  2959 E test    : onScrollChanged!
04-16 02:51:04.407  2959  2959 E test    : onScrollChanged!
04-16 02:51:05.995  2959  2959 E test    : onScrollChanged!
04-16 02:51:05.997  2959  2959 E test    : onScrollChanged!
