04-16 03:19:47.203  8746  8746 E JecLog  : 	at dalvik.system.BaseDexClassLoader.findClass(BaseDexClassLoader.java:56)
04-16 03:19:47.203  8746  8746 E JecLog  : 	at java.lang.ClassLoader.loadClass(ClassLoader.java:511)
04-16 03:19:47.203  8746  8746 E JecLog  : 	at java.lang.ClassLoader.loadClass(ClassLoader.java:469)
04-16 03:19:47.203  8746  8746 E JecLog  : 	at androidx.pluginmgr.env.a.loadClass(Unknown Source)
04-16 03:19:47.203  8746  8746 E JecLog  : 	at java.lang.ClassLoader.loadClass(ClassLoader.java:469)
04-16 03:19:47.203  8746  8746 E JecLog  : 	at android.transition.TransitionInflater.createCustom(TransitionInflater.java:206)
04-16 03:19:47.203  8746  8746 E JecLog  : 	... 23 more
04-16 03:19:47.203  8746  8746 E JecLog  : 	Suppressed: java.lang.ClassNotFoundException: com.android.internal.transition.EpicenterTranslateClipReveal
04-16 03:19:47.203  8746  8746 E JecLog  : 		at java.lang.Class.classForName(Native Method)
04-16 03:19:47.203  8746  8746 E JecLog  : 		at java.lang.BootClassLoader.findClass(ClassLoader.java:781)
04-16 03:19:47.203  8746  8746 E JecLog  : 		at java.lang.BootClassLoader.loadClass(ClassLoader.java:841)
04-16 03:19:47.203  8746  8746 E JecLog  : 		at java.lang.ClassLoader.loadClass(ClassLoader.java:504)
04-16 03:19:47.203  8746  8746 E JecLog  : 		... 27 more
04-16 03:19:47.203  8746  8746 E JecLog  : 	Caused by: java.lang.NoClassDefFoundError: Class not found using the boot class loader; no stack available
04-16 03:19:50.635   689  8062 E AudioService: Could not get client death handler for stream: 1
04-16 03:19:50.635   689  8062 E AudioService: Could not get client death handler for stream: 2
04-16 03:19:50.635   689  8062 E AudioService: Could not get client death handler for stream: 5
04-16 03:19:50.635   689  8062 E AudioService: Could not get client death handler for stream: 7
04-16 03:19:50.636   689  8062 E AudioService: Could not get client death handler for stream: 8
04-16 03:20:02.026   689   707 E AudioService: Could not get client death handler for stream: 1
04-16 03:20:02.026   689   707 E AudioService: Could not get client death handler for stream: 2
04-16 03:20:02.026   689   707 E AudioService: Could not get client death handler for stream: 5
04-16 03:20:02.026   689   707 E AudioService: Could not get client death handler for stream: 7
04-16 03:20:02.026   689   707 E AudioService: Could not get client death handler for stream: 8
04-16 03:20:13.785   689  1913 E AudioService: Could not get client death handler for stream: 1
04-16 03:20:13.785   689  1913 E AudioService: Could not get client death handler for stream: 2
04-16 03:20:13.785   689  1913 E AudioService: Could not get client death handler for stream: 5
04-16 03:20:13.785   689  1913 E AudioService: Could not get client death handler for stream: 7
04-16 03:20:13.785   689  1913 E AudioService: Could not get client death handler for stream: 8
04-16 03:20:27.486   684   684 E EGL_emulation: tid 684: eglCreateSyncKHR(1215): error 0x3004 (EGL_BAD_ATTRIBUTE)
04-16 03:20:27.592  8063  8820 E Ads     : This app is using a lightweight version of the Google Mobile Ads SDK that requires the latest Google Play services to be installed, but Google Play services is either missing or out of date.
04-16 03:20:31.478  8063  8063 E ViewRootImpl: Attempting to destroy the window while drawing!
04-16 03:20:31.478  8063  8063 E ViewRootImpl:   window=android.view.ViewRootImpl@2c6a96ea, title=
04-16 03:20:31.515   684   684 E EGL_emulation: tid 684: eglCreateSyncKHR(1215): error 0x3004 (EGL_BAD_ATTRIBUTE)
04-16 03:20:38.576  8063  8063 E test    : onScrollChanged!
04-16 03:20:38.576  8063  8063 E test    : onScrollChanged!
04-16 03:20:39.388  8063  8063 E test    : onScrollChanged!
04-16 03:20:40.912  8063  8063 E test    : onScrollChanged!
04-16 03:20:51.630  8063  8063 E test    : onScrollChanged!
04-16 03:20:54.679  8063  8063 E test    : onScrollChanged!
04-16 03:21:01.280  8063  8063 E test    : onScrollChanged!
04-16 03:21:02.273  8063  8063 E test    : onScrollChanged!
04-16 03:21:03.790  8063  8063 E test    : onScrollChanged!
04-16 03:21:09.931  8063  8063 E test    : onScrollChanged!
04-16 03:21:09.932  8063  8063 E test    : onScrollChanged!
04-16 03:21:11.667  8063  8063 E test    : onScrollChanged!
04-16 03:21:11.667  8063  8063 E test    : onScrollChanged!
04-16 03:21:12.052  8063  8063 E test    : onScrollChanged!
04-16 03:21:15.616  8063  8063 E test    : onScrollChanged!
04-16 03:21:15.619  8063  8063 E test    : onScrollChanged!
04-16 03:21:17.093  8063  8063 E test    : onScrollChanged!
04-16 03:21:20.119  8063  8063 E test    : onScrollChanged!
04-16 03:21:25.650  8063  8063 E test    : onScrollChanged!
04-16 03:21:28.679  8063  8063 E test    : onScrollChanged!
04-16 03:21:29.685  8063  8063 E test    : onScrollChanged!
04-16 03:21:30.693  8063  8063 E test    : onScrollChanged!
04-16 03:21:31.700  8063  8063 E test    : onScrollChanged!
04-16 03:21:35.759  8063  8063 E test    : onScrollChanged!
04-16 03:21:36.179  8063  8063 E test    : onScrollChanged!
04-16 03:21:36.179  8063  8063 E test    : onScrollChanged!
04-16 03:21:36.195  8063  8063 E test    : onScrollChanged!
04-16 03:21:36.782  8063  8063 E test    : onScrollChanged!
04-16 03:21:36.782  8063  8063 E test    : onScrollChanged!
04-16 03:21:37.285  8063  8063 E test    : onScrollChanged!
04-16 03:21:37.327  8063  8063 E test    : onScrollChanged!
04-16 03:22:22.932   689  8062 E AudioService: Could not get client death handler for stream: 1
04-16 03:22:22.932   689  8062 E AudioService: Could not get client death handler for stream: 2
04-16 03:22:22.932   689  8062 E AudioService: Could not get client death handler for stream: 5
04-16 03:22:22.932   689  8062 E AudioService: Could not get client death handler for stream: 7
04-16 03:22:22.932   689  8062 E AudioService: Could not get client death handler for stream: 8
04-16 03:22:27.641  8063  8063 E test    : onScrollChanged!
04-16 03:22:27.641  8063  8063 E test    : onScrollChanged!
04-16 03:22:29.095  8063  8063 E test    : onScrollChanged!
04-16 03:22:29.096  8063  8063 E test    : onScrollChanged!
04-16 03:22:30.654  8063  8063 E test    : onScrollChanged!
04-16 03:22:30.655  8063  8063 E test    : onScrollChanged!
04-16 03:22:31.136  8063  8063 E test    : onScrollChanged!
04-16 03:22:31.676  8063  8063 E test    : onScrollChanged!
04-16 03:22:36.265   684   684 E EGL_emulation: tid 684: eglCreateSyncKHR(1215): error 0x3004 (EGL_BAD_ATTRIBUTE)
04-16 03:23:05.623   689  2192 E AudioService: Could not get client death handler for stream: 1
04-16 03:23:05.623   689  2192 E AudioService: Could not get client death handler for stream: 2
04-16 03:23:05.623   689  2192 E AudioService: Could not get client death handler for stream: 5
04-16 03:23:05.623   689  2192 E AudioService: Could not get client death handler for stream: 7
04-16 03:23:05.623   689  2192 E AudioService: Could not get client death handler for stream: 8
04-16 03:23:53.784  8063  8063 E test    : onScrollChanged!
04-16 03:23:53.784  8063  8063 E test    : onScrollChanged!
04-16 03:23:54.439  8063  8063 E test    : onScrollChanged!
04-16 03:23:54.439  8063  8063 E test    : onScrollChanged!
04-16 03:23:55.238  8063  8063 E test    : onScrollChanged!
04-16 03:23:59.288  8063  8063 E test    : onScrollChanged!
04-16 03:23:59.311   684   684 E EGL_emulation: tid 684: eglCreateSyncKHR(1215): error 0x3004 (EGL_BAD_ATTRIBUTE)
04-16 03:24:05.195   689  1261 E AudioService: Could not get client death handler for stream: 1
04-16 03:24:05.195   689  1261 E AudioService: Could not get client death handler for stream: 2
04-16 03:24:05.195   689  1261 E AudioService: Could not get client death handler for stream: 5
04-16 03:24:05.195   689  1261 E AudioService: Could not get client death handler for stream: 7
04-16 03:24:05.195   689  1261 E AudioService: Could not get client death handler for stream: 8
04-16 03:24:14.345   684   684 E EGL_emulation: tid 684: eglCreateSyncKHR(1215): error 0x3004 (EGL_BAD_ATTRIBUTE)
04-16 03:24:14.390  8063  8063 E test    : onScrollChanged!
04-16 03:24:14.390  8063  8063 E test    : onScrollChanged!
04-16 03:24:16.907  8063  8063 E test    : onScrollChanged!
04-16 03:24:16.982   684   684 E EGL_emulation: tid 684: eglCreateSyncKHR(1215): error 0x3004 (EGL_BAD_ATTRIBUTE)
04-16 03:24:20.970   684   684 E EGL_emulation: tid 684: eglCreateSyncKHR(1215): error 0x3004 (EGL_BAD_ATTRIBUTE)
04-16 03:24:23.036  8063  8063 E test    : onScrollChanged!
04-16 03:24:23.036  8063  8063 E test    : onScrollChanged!
04-16 03:24:23.994  8063  8063 E test    : onScrollChanged!
04-16 03:24:24.065   684   684 E EGL_emulation: tid 684: eglCreateSyncKHR(1215): error 0x3004 (EGL_BAD_ATTRIBUTE)
04-16 03:24:29.053   684   684 E EGL_emulation: tid 684: eglCreateSyncKHR(1215): error 0x3004 (EGL_BAD_ATTRIBUTE)
04-16 03:24:29.112  8063  8063 E test    : onScrollChanged!
04-16 03:24:29.112  8063  8063 E test    : onScrollChanged!
04-16 03:24:30.116  8063  8063 E test    : onScrollChanged!
04-16 03:24:30.171   684   684 E EGL_emulation: tid 684: eglCreateSyncKHR(1215): error 0x3004 (EGL_BAD_ATTRIBUTE)
04-16 03:24:33.135   689  1903 E AudioService: Could not get client death handler for stream: 1
04-16 03:24:33.135   689  1903 E AudioService: Could not get client death handler for stream: 2
04-16 03:24:33.135   689  1903 E AudioService: Could not get client death handler for stream: 5
04-16 03:24:33.136   689  1903 E AudioService: Could not get client death handler for stream: 7
04-16 03:24:33.136   689  1903 E AudioService: Could not get client death handler for stream: 8
04-16 03:24:36.691   684   684 E EGL_emulation: tid 684: eglCreateSyncKHR(1215): error 0x3004 (EGL_BAD_ATTRIBUTE)
04-16 03:24:37.231  8063  8063 E test    : onScrollChanged!
04-16 03:24:37.231  8063  8063 E test    : onScrollChanged!
04-16 03:24:37.736  8063  8063 E test    : onScrollChanged!
04-16 03:24:38.743  8063  8063 E test    : onScrollChanged!
04-16 03:24:39.397  8063  8063 E test    : onScrollChanged!
04-16 03:24:42.072  8063  8063 E test    : onScrollChanged!
04-16 03:24:42.072  8063  8063 E test    : onScrollChanged!
04-16 03:24:47.579  8063  8063 E test    : onScrollChanged!
04-16 03:24:48.592  8063  8063 E test    : onScrollChanged!
04-16 03:24:52.125  8063  8063 E test    : onScrollChanged!
04-16 03:24:55.700  8063  8063 E test    : onScrollChanged!
04-16 03:24:55.702  8063  8063 E test    : onScrollChanged!
04-16 03:24:56.704  8063  8063 E test    : onScrollChanged!
04-16 03:24:58.248  8063  8063 E test    : onScrollChanged!
04-16 03:24:58.249  8063  8063 E test    : onScrollChanged!
04-16 03:25:00.787  8063  8063 E test    : onScrollChanged!
04-16 03:25:00.787  8063  8063 E test    : onScrollChanged!
04-16 03:25:09.043  8063  8063 E test    : onScrollChanged!
04-16 03:25:09.064  8063  8063 E test    : onScrollChanged!
04-16 03:25:09.982  8063  8063 E test    : onScrollChanged!
04-16 03:25:11.495  8063  8063 E test    : onScrollChanged!
04-16 03:25:12.510  8063  8063 E test    : onScrollChanged!
04-16 03:25:15.084  8063  8063 E test    : onScrollChanged!
04-16 03:25:15.087  8063  8063 E test    : onScrollChanged!
04-16 03:25:17.065  8063  8063 E test    : onScrollChanged!
04-16 03:25:17.162  8063  8063 E test    : onScrollChanged!
04-16 03:25:17.612  8063  8063 E test    : onScrollChanged!
04-16 03:25:18.580  8063  8063 E test    : onScrollChanged!
04-16 03:25:18.588  8063  8063 E test    : onScrollChanged!
04-16 03:25:18.595  8063  8063 E test    : onScrollChanged!
04-16 03:25:18.617  8063  8063 E test    : onScrollChanged!
04-16 03:25:18.633  8063  8063 E test    : onScrollChanged!
04-16 03:25:18.652  8063  8063 E test    : onScrollChanged!
04-16 03:25:18.667  8063  8063 E test    : onScrollChanged!
04-16 03:25:18.678  8063  8063 E test    : onScrollChanged!
04-16 03:25:18.695  8063  8063 E test    : onScrollChanged!
04-16 03:25:18.711  8063  8063 E test    : onScrollChanged!
04-16 03:25:18.730  8063  8063 E test    : onScrollChanged!
04-16 03:25:18.747  8063  8063 E test    : onScrollChanged!
04-16 03:25:18.783  8063  8063 E test    : onScrollChanged!
04-16 03:25:19.222  8063  8063 E test    : onScrollChanged!
04-16 03:25:19.588  8063  8063 E test    : onScrollChanged!
04-16 03:25:19.588  8063  8063 E test    : onScrollChanged!
04-16 03:25:20.647  8063  8063 E test    : onScrollChanged!
04-16 03:25:21.604  8063  8063 E test    : onScrollChanged!
04-16 03:25:24.213  8063  8063 E test    : onScrollChanged!
04-16 03:25:24.214  8063  8063 E test    : onScrollChanged!
04-16 03:25:24.214  8063  8063 E test    : onScrollChanged!
04-16 03:25:24.231  8063  8063 E test    : onScrollChanged!
04-16 03:25:24.232  8063  8063 E test    : onScrollChanged!
04-16 03:25:24.232  8063  8063 E test    : onScrollChanged!
04-16 03:25:24.241  8063  8063 E test    : onScrollChanged!
04-16 03:25:28.450  8063  8063 E test    : onScrollChanged!
04-16 03:25:28.879  8063  8063 E test    : onScrollChanged!
04-16 03:25:29.884  8063  8063 E test    : onScrollChanged!
04-16 03:25:30.404  8063  8063 E test    : onScrollChanged!
04-16 03:25:30.599  8063  8063 E test    : onScrollChanged!
04-16 03:25:37.207   887   887 E RichInputConnection: Unable to connect to the editor to retrieve text.
04-16 03:25:37.211   887   887 E RichInputConnection: Unable to connect to the editor to retrieve text.
04-16 03:25:44.334   887   887 E RichInputConnection: Unable to connect to the editor to retrieve text.
04-16 03:25:44.335   887   887 E RichInputConnection: Unable to connect to the editor to retrieve text.
04-16 03:25:45.959  8063  8063 E test    : onScrollChanged!
04-16 03:25:45.959  8063  8063 E test    : onScrollChanged!
04-16 03:25:57.316  9224  9224 E         : Cannot create code cache directory ./code_cache: Read-only file system.
04-16 03:25:57.332  9224  9224 E memtrack: Couldn't load memtrack module (No such file or directory)
04-16 03:25:57.332  9224  9224 E android.os.Debug: failed to load memtrack module: -2
04-16 03:26:01.827  8063  8063 E test    : onScrollChanged!
04-16 03:26:03.344  8063  8063 E test    : onScrollChanged!
04-16 03:26:07.551  8063  8063 E test    : onScrollChanged!
04-16 03:26:08.570  8063  8063 E test    : onScrollChanged!
04-16 03:26:09.578  8063  8063 E test    : onScrollChanged!
04-16 03:26:12.095  8063  8063 E test    : onScrollChanged!
04-16 03:26:14.883  8063  8063 E test    : onScrollChanged!
04-16 03:26:14.884  8063  8063 E test    : onScrollChanged!
04-16 03:26:16.903  8063  8063 E test    : onScrollChanged!
04-16 03:26:17.325  9274  9274 E         : Cannot create code cache directory ./code_cache: Read-only file system.
04-16 03:26:17.340  9274  9274 E memtrack: Couldn't load memtrack module (No such file or directory)
04-16 03:26:17.340  9274  9274 E android.os.Debug: failed to load memtrack module: -2
04-16 03:26:20.040  8063  8063 E test    : onScrollChanged!
04-16 03:26:20.041  8063  8063 E test    : onScrollChanged!
04-16 03:26:20.964  8063  8063 E test    : onScrollChanged!
04-16 03:26:23.520  8063  8063 E test    : onScrollChanged!
04-16 03:26:26.055  8063  8063 E test    : onScrollChanged!
04-16 03:26:28.722  8063  8063 E test    : onScrollChanged!
04-16 03:26:50.047  8063  8063 E test    : onScrollChanged!
04-16 03:26:50.063  8063  8063 E test    : onScrollChanged!
04-16 03:26:50.085  8063  8063 E test    : onScrollChanged!
04-16 03:26:50.995  8063  8063 E test    : onScrollChanged!
04-16 03:26:50.995  8063  8063 E test    : onScrollChanged!
04-16 03:26:51.077  8063  8063 E test    : onScrollChanged!
04-16 03:26:51.112  8063  8063 E test    : onScrollChanged!
04-16 03:26:51.129  8063  8063 E test    : onScrollChanged!
04-16 03:26:51.145  8063  8063 E test    : onScrollChanged!
04-16 03:26:51.196  8063  8063 E test    : onScrollChanged!
04-16 03:26:51.244  8063  8063 E test    : onScrollChanged!
04-16 03:26:51.296  8063  8063 E test    : onScrollChanged!
04-16 03:26:51.296  8063  8063 E test    : onScrollChanged!
04-16 03:26:51.354  8063  8063 E test    : onScrollChanged!
04-16 03:26:51.354  8063  8063 E test    : onScrollChanged!
04-16 03:26:51.399  8063  8063 E test    : onScrollChanged!
04-16 03:26:51.399  8063  8063 E test    : onScrollChanged!
04-16 03:26:51.446  8063  8063 E test    : onScrollChanged!
04-16 03:26:51.446  8063  8063 E test    : onScrollChanged!
04-16 03:26:52.064  8063  8063 E test    : onScrollChanged!
04-16 03:26:52.064  8063  8063 E test    : onScrollChanged!
04-16 03:26:52.086  8063  8063 E test    : onScrollChanged!
04-16 03:26:52.562  8063  8063 E test    : onScrollChanged!
04-16 03:26:52.565  8063  8063 E test    : onScrollChanged!
04-16 03:26:52.662  8063  8063 E test    : onScrollChanged!
04-16 03:26:52.695  8063  8063 E test    : onScrollChanged!
04-16 03:26:52.712  8063  8063 E test    : onScrollChanged!
04-16 03:26:52.745  8063  8063 E test    : onScrollChanged!
04-16 03:26:52.800  8063  8063 E test    : onScrollChanged!
04-16 03:26:52.860  8063  8063 E test    : onScrollChanged!
04-16 03:26:52.917  8063  8063 E test    : onScrollChanged!
04-16 03:26:52.975  8063  8063 E test    : onScrollChanged!
04-16 03:26:53.085  8063  8063 E test    : onScrollChanged!
04-16 03:26:53.085  8063  8063 E test    : onScrollChanged!
04-16 03:26:53.149  8063  8063 E test    : onScrollChanged!
04-16 03:26:53.212  8063  8063 E test    : onScrollChanged!
04-16 03:26:53.277  8063  8063 E test    : onScrollChanged!
04-16 03:26:53.337  8063  8063 E test    : onScrollChanged!
04-16 03:26:56.162  8063  8063 E test    : onScrollChanged!
04-16 03:26:56.671  8063  8063 E test    : onScrollChanged!
04-16 03:26:56.671  8063  8063 E test    : onScrollChanged!
04-16 03:26:57.678  8063  8063 E test    : onScrollChanged!
04-16 03:26:58.694  8063  8063 E test    : onScrollChanged!
04-16 03:26:58.713  8063  8063 E test    : onScrollChanged!
04-16 03:26:58.728  8063  8063 E test    : onScrollChanged!
04-16 03:26:58.744  8063  8063 E test    : onScrollChanged!
04-16 03:26:58.761  8063  8063 E test    : onScrollChanged!
04-16 03:26:58.778  8063  8063 E test    : onScrollChanged!
04-16 03:26:58.794  8063  8063 E test    : onScrollChanged!
04-16 03:26:58.811  8063  8063 E test    : onScrollChanged!
04-16 03:26:58.828  8063  8063 E test    : onScrollChanged!
04-16 03:26:59.274  8063  8063 E test    : onScrollChanged!
04-16 03:26:59.569  8063  8063 E test    : onScrollChanged!
04-16 03:26:59.628  8063  8063 E test    : onScrollChanged!
04-16 03:26:59.672  8063  8063 E test    : onScrollChanged!
04-16 03:26:59.672  8063  8063 E test    : onScrollChanged!
04-16 03:26:59.725  8063  8063 E test    : onScrollChanged!
04-16 03:26:59.726  8063  8063 E test    : onScrollChanged!
04-16 03:26:59.726  8063  8063 E test    : onScrollChanged!
04-16 03:26:59.783  8063  8063 E test    : onScrollChanged!
04-16 03:26:59.783  8063  8063 E test    : onScrollChanged!
04-16 03:26:59.851  8063  8063 E test    : onScrollChanged!
04-16 03:26:59.896  8063  8063 E test    : onScrollChanged!
04-16 03:27:00.256  8063  8063 E test    : onScrollChanged!
04-16 03:27:00.256  8063  8063 E test    : onScrollChanged!
04-16 03:27:01.262  8063  8063 E test    : onScrollChanged!
04-16 03:27:02.269  8063  8063 E test    : onScrollChanged!
04-16 03:27:02.269  8063  8063 E test    : onScrollChanged!
04-16 03:27:03.276  8063  8063 E test    : onScrollChanged!
04-16 03:27:05.292  8063  8063 E test    : onScrollChanged!
04-16 03:27:06.313  8063  8063 E test    : onScrollChanged!
04-16 03:27:06.313  8063  8063 E test    : onScrollChanged!
04-16 03:27:06.313  8063  8063 E test    : onScrollChanged!
04-16 03:27:06.314  8063  8063 E test    : onScrollChanged!
04-16 03:27:06.316  8063  8063 E test    : onScrollChanged!
04-16 03:27:06.332  8063  8063 E test    : onScrollChanged!
04-16 03:27:06.333  8063  8063 E test    : onScrollChanged!
04-16 03:27:06.334  8063  8063 E test    : onScrollChanged!
04-16 03:27:06.336  8063  8063 E test    : onScrollChanged!
04-16 03:27:06.385  8063  8063 E test    : onScrollChanged!
04-16 03:27:06.386  8063  8063 E test    : onScrollChanged!
04-16 03:27:06.386  8063  8063 E test    : onScrollChanged!
04-16 03:27:06.386  8063  8063 E test    : onScrollChanged!
04-16 03:27:06.386  8063  8063 E test    : onScrollChanged!
04-16 03:27:06.387  8063  8063 E test    : onScrollChanged!
04-16 03:27:06.389  8063  8063 E test    : onScrollChanged!
04-16 03:27:06.390  8063  8063 E test    : onScrollChanged!
04-16 03:27:06.391  8063  8063 E test    : onScrollChanged!
04-16 03:27:06.391  8063  8063 E test    : onScrollChanged!
04-16 03:27:06.391  8063  8063 E test    : onScrollChanged!
04-16 03:27:06.392  8063  8063 E test    : onScrollChanged!
04-16 03:27:06.392  8063  8063 E test    : onScrollChanged!
04-16 03:27:06.392  8063  8063 E test    : onScrollChanged!
04-16 03:27:06.394  8063  8063 E test    : onScrollChanged!
04-16 03:27:06.394  8063  8063 E test    : onScrollChanged!
04-16 03:27:07.407  8063  8063 E test    : onScrollChanged!
04-16 03:27:07.921  8063  8063 E test    : onScrollChanged!
04-16 03:27:07.929  8063  8063 E test    : onScrollChanged!
04-16 03:27:07.932  8063  8063 E test    : onScrollChanged!
04-16 03:27:07.933  8063  8063 E test    : onScrollChanged!
04-16 03:27:08.427  8063  8063 E test    : onScrollChanged!
04-16 03:27:08.428  8063  8063 E test    : onScrollChanged!
04-16 03:27:08.428  8063  8063 E test    : onScrollChanged!
04-16 03:27:08.428  8063  8063 E test    : onScrollChanged!
04-16 03:27:08.486  8063  8063 E test    : onScrollChanged!
04-16 03:27:08.929  8063  8063 E test    : onScrollChanged!
04-16 03:27:09.434  8063  8063 E test    : onScrollChanged!
04-16 03:27:09.434  8063  8063 E test    : onScrollChanged!
04-16 03:27:09.940  8063  8063 E test    : onScrollChanged!
04-16 03:27:13.996  8063  8063 E test    : onScrollChanged!
04-16 03:27:13.996  8063  8063 E test    : onScrollChanged!
04-16 03:27:14.499  8063  8063 E test    : onScrollChanged!
04-16 03:27:14.503  8063  8063 E test    : onScrollChanged!
04-16 03:27:14.512  8063  8063 E test    : onScrollChanged!
04-16 03:27:14.529  8063  8063 E test    : onScrollChanged!
04-16 03:27:14.546  8063  8063 E test    : onScrollChanged!
04-16 03:27:14.562  8063  8063 E test    : onScrollChanged!
04-16 03:27:14.591  8063  8063 E test    : onScrollChanged!
04-16 03:27:14.673  8063  8063 E test    : onScrollChanged!
04-16 03:27:14.742  8063  8063 E test    : onScrollChanged!
04-16 03:27:16.206  8063  8063 E test    : onScrollChanged!
04-16 03:27:16.208  8063  8063 E test    : onScrollChanged!
04-16 03:27:16.211  8063  8063 E test    : onScrollChanged!
04-16 03:27:16.230  8063  8063 E test    : onScrollChanged!
04-16 03:27:16.245  8063  8063 E test    : onScrollChanged!
04-16 03:27:16.261  8063  8063 E test    : onScrollChanged!
04-16 03:27:16.280  8063  8063 E test    : onScrollChanged!
04-16 03:27:16.333  8063  8063 E test    : onScrollChanged!
04-16 03:27:16.418  8063  8063 E test    : onScrollChanged!
04-16 03:27:16.511  8063  8063 E test    : onScrollChanged!
04-16 03:27:16.580  8063  8063 E test    : onScrollChanged!
04-16 03:27:16.688  8063  8063 E test    : onScrollChanged!
04-16 03:27:16.756  8063  8063 E test    : onScrollChanged!
04-16 03:27:16.835  8063  8063 E test    : onScrollChanged!
04-16 03:27:16.908  8063  8063 E test    : onScrollChanged!
04-16 03:27:17.007  8063  8063 E test    : onScrollChanged!
04-16 03:27:17.118  8063  8063 E test    : onScrollChanged!
04-16 03:27:17.338  8063  8063 E test    : onScrollChanged!
04-16 03:27:17.338  8063  8063 E test    : onScrollChanged!
04-16 03:27:17.877  8063  8063 E test    : onScrollChanged!
04-16 03:27:18.920  8063  8063 E test    : onScrollChanged!
04-16 03:27:19.390  8063  8063 E test    : onScrollChanged!
04-16 03:27:19.390  8063  8063 E test    : onScrollChanged!
04-16 03:27:20.406  8063  8063 E test    : onScrollChanged!
04-16 03:27:20.418  8063  8063 E test    : onScrollChanged!
04-16 03:27:20.428  8063  8063 E test    : onScrollChanged!
04-16 03:27:20.445  8063  8063 E test    : onScrollChanged!
04-16 03:27:20.462  8063  8063 E test    : onScrollChanged!
04-16 03:27:20.491  8063  8063 E test    : onScrollChanged!
04-16 03:27:20.547  8063  8063 E test    : onScrollChanged!
04-16 03:27:20.597  8063  8063 E test    : onScrollChanged!
04-16 03:27:20.651  8063  8063 E test    : onScrollChanged!
04-16 03:27:20.704  8063  8063 E test    : onScrollChanged!
04-16 03:27:20.983  8063  8063 E test    : onScrollChanged!
04-16 03:27:21.221  8063  8063 E test    : onScrollChanged!
04-16 03:27:56.730  8063  8063 E test    : onScrollChanged!
04-16 03:27:56.731  8063  8063 E test    : onScrollChanged!
04-16 03:27:58.247  8063  8063 E test    : onScrollChanged!
04-16 03:28:01.267  8063  8063 E test    : onScrollChanged!
04-16 03:28:01.267  8063  8063 E test    : onScrollChanged!
04-16 03:28:03.382  8063  8063 E test    : onScrollChanged!
04-16 03:28:04.428  8063  8063 E test    : onScrollChanged!
04-16 03:28:05.791  8063  8063 E test    : onScrollChanged!
04-16 03:28:09.370  8063  8063 E test    : onScrollChanged!
04-16 03:28:09.377  8063  8063 E test    : onScrollChanged!
04-16 03:28:12.327   887   887 E RichInputConnection: Unable to connect to the editor to retrieve text.
04-16 03:28:12.328   887   887 E RichInputConnection: Unable to connect to the editor to retrieve text.
04-16 03:28:12.438  8063  8063 E test    : onScrollChanged!
04-16 03:28:12.526   887   887 E RichInputConnection: Unable to connect to the editor to retrieve text.
04-16 03:28:12.536   887   887 E RichInputConnection: Unable to connect to the editor to retrieve text.
04-16 03:28:14.523  8063  8063 E test    : onScrollChanged!
04-16 03:28:20.156  8063  8063 E test    : onScrollChanged!
04-16 03:28:23.118  8063  8063 E test    : onScrollChanged!
04-16 03:28:23.646  8063  8063 E test    : onScrollChanged!
04-16 03:28:29.783  8063  8063 E test    : onScrollChanged!
04-16 03:28:38.912  8063  8063 E test    : onScrollChanged!
04-16 03:28:40.400  8063  8063 E test    : onScrollChanged!
04-16 03:28:41.448  8063  8063 E test    : onScrollChanged!
04-16 03:28:44.806  8063  8063 E test    : onScrollChanged!
04-16 03:28:47.557   689   869 E AudioService: Could not get client death handler for stream: 1
04-16 03:28:47.557   689   869 E AudioService: Could not get client death handler for stream: 2
04-16 03:28:47.557   689   869 E AudioService: Could not get client death handler for stream: 5
04-16 03:28:47.557   689   869 E AudioService: Could not get client death handler for stream: 7
04-16 03:28:47.558   689   869 E AudioService: Could not get client death handler for stream: 8
04-16 03:28:56.799  8063  8063 E test    : onScrollChanged!
04-16 03:28:56.802  8063  8063 E test    : onScrollChanged!
04-16 03:28:56.815  8063  8063 E test    : onScrollChanged!
04-16 03:28:56.815  8063  8063 E test    : onScrollChanged!
04-16 03:28:56.815  8063  8063 E test    : onScrollChanged!
04-16 03:28:57.877  8063  8063 E test    : onScrollChanged!
04-16 03:28:59.546   689  8062 E AudioService: Could not get client death handler for stream: 1
04-16 03:28:59.546   689  8062 E AudioService: Could not get client death handler for stream: 2
04-16 03:28:59.546   689  8062 E AudioService: Could not get client death handler for stream: 5
04-16 03:28:59.546   689  8062 E AudioService: Could not get client death handler for stream: 7
04-16 03:28:59.546   689  8062 E AudioService: Could not get client death handler for stream: 8
04-16 03:29:00.050  8063  8063 E test    : onScrollChanged!
04-16 03:29:00.050  8063  8063 E test    : onScrollChanged!
04-16 03:29:01.579  8063  8063 E test    : onScrollChanged!
04-16 03:29:02.623  8063  8063 E test    : onScrollChanged!
04-16 03:29:03.107  8063  8063 E test    : onScrollChanged!
04-16 03:29:03.108  8063  8063 E test    : onScrollChanged!
04-16 03:29:03.610  8063  8063 E test    : onScrollChanged!
04-16 03:29:04.644  8063  8063 E test    : onScrollChanged!
04-16 03:29:05.119  8063  8063 E test    : onScrollChanged!
04-16 03:29:05.119  8063  8063 E test    : onScrollChanged!
04-16 03:29:05.622  8063  8063 E test    : onScrollChanged!
04-16 03:29:06.688  8063  8063 E test    : onScrollChanged!
04-16 03:29:07.191  8063  8063 E test    : onScrollChanged!
04-16 03:29:10.228  8063  8063 E test    : onScrollChanged!
04-16 03:29:11.746  8063  8063 E test    : onScrollChanged!
04-16 03:29:11.746  8063  8063 E test    : onScrollChanged!
04-16 03:29:11.747  8063  8063 E test    : onScrollChanged!
04-16 03:29:15.894  8063  8063 E test    : onScrollChanged!
04-16 03:29:28.550  8063  8063 E test    : onScrollChanged!
04-16 03:29:35.340  8063  8063 E test    : onScrollChanged!
04-16 03:29:49.156  8063  8063 E test    : onScrollChanged!
04-16 03:29:49.676  8063  8063 E test    : onScrollChanged!
04-16 03:29:51.173  8063  8063 E test    : onScrollChanged!
04-16 03:29:51.174  8063  8063 E test    : onScrollChanged!
04-16 03:29:51.283  8063  8063 E test    : onScrollChanged!
04-16 03:30:03.906   684   684 E EGL_emulation: tid 684: eglCreateSyncKHR(1215): error 0x3004 (EGL_BAD_ATTRIBUTE)
04-16 03:30:05.245  8063  8063 E ViewRootImpl: Attempting to destroy the window while drawing!
04-16 03:30:05.245  8063  8063 E ViewRootImpl:   window=android.view.ViewRootImpl@22ebbab2, title=
04-16 03:30:05.290   684   684 E EGL_emulation: tid 684: eglCreateSyncKHR(1215): error 0x3004 (EGL_BAD_ATTRIBUTE)
04-16 03:30:17.845  8063  8063 E test    : onScrollChanged!
04-16 03:30:19.128   689   998 E AudioService: Could not get client death handler for stream: 1
04-16 03:30:19.128   689   998 E AudioService: Could not get client death handler for stream: 2
04-16 03:30:19.128   689   998 E AudioService: Could not get client death handler for stream: 5
04-16 03:30:19.128   689   998 E AudioService: Could not get client death handler for stream: 7
04-16 03:30:19.128   689   998 E AudioService: Could not get client death handler for stream: 8
04-16 03:30:22.293  8063  8063 E test    : onScrollChanged!
04-16 03:30:23.666  8063  8063 E test    : onScrollChanged!
04-16 03:30:28.382   887   887 E RichInputConnection: Unable to connect to the editor to retrieve text.
04-16 03:30:28.384   887   887 E RichInputConnection: Unable to connect to the editor to retrieve text.
04-16 03:30:28.464  8063  8063 E test    : onScrollChanged!
04-16 03:30:28.941  8063  8063 E test    : onScrollChanged!
04-16 03:30:37.520   887   887 E RichInputConnection: Unable to connect to the editor to retrieve text.
04-16 03:30:37.523   887   887 E RichInputConnection: Unable to connect to the editor to retrieve text.
04-16 03:30:37.524   887   887 E RichInputConnection: Unable to connect to the editor to retrieve text.
04-16 03:30:37.525   887   887 E RichInputConnection: Unable to connect to the editor to retrieve text.
04-16 03:30:37.581  8063  8063 E test    : onScrollChanged!
04-16 03:30:38.567  8063  8063 E test    : onScrollChanged!
04-16 03:30:49.881  8063  8063 E test    : onScrollChanged!
04-16 03:30:49.881  8063  8063 E test    : onScrollChanged!
04-16 03:30:50.875  8063  8063 E test    : onScrollChanged!
04-16 03:30:52.401  8063  8063 E test    : onScrollChanged!
04-16 03:30:52.904  8063  8063 E test    : onScrollChanged!
04-16 03:30:52.905  8063  8063 E test    : onScrollChanged!
04-16 03:30:53.407  8063  8063 E test    : onScrollChanged!
04-16 03:30:54.981  8063  8063 E test    : onScrollChanged!
04-16 03:31:32.119  8063  8063 E test    : onScrollChanged!
04-16 03:31:32.119  8063  8063 E test    : onScrollChanged!
04-16 03:31:33.591  8063  8063 E test    : onScrollChanged!
04-16 03:31:33.591  8063  8063 E test    : onScrollChanged!
04-16 03:31:34.604  8063  8063 E test    : onScrollChanged!
04-16 03:31:35.110  8063  8063 E test    : onScrollChanged!
04-16 03:31:35.113  8063  8063 E test    : onScrollChanged!
04-16 03:31:35.213  8063  8063 E test    : onScrollChanged!
04-16 03:31:35.245  8063  8063 E test    : onScrollChanged!
04-16 03:31:35.263  8063  8063 E test    : onScrollChanged!
04-16 03:31:35.278  8063  8063 E test    : onScrollChanged!
04-16 03:31:35.295  8063  8063 E test    : onScrollChanged!
04-16 03:31:35.312  8063  8063 E test    : onScrollChanged!
04-16 03:31:35.347  8063  8063 E test    : onScrollChanged!
04-16 03:31:35.398  8063  8063 E test    : onScrollChanged!
04-16 03:31:35.445  8063  8063 E test    : onScrollChanged!
04-16 03:31:35.494  8063  8063 E test    : onScrollChanged!
04-16 03:31:35.620  8063  8063 E test    : onScrollChanged!
04-16 03:31:35.630  8063  8063 E test    : onScrollChanged!
04-16 03:31:35.630  8063  8063 E test    : onScrollChanged!
04-16 03:31:35.631  8063  8063 E test    : onScrollChanged!
04-16 03:31:35.705  8063  8063 E test    : onScrollChanged!
04-16 03:31:49.496  8063  8063 E test    : onScrollChanged!
04-16 03:31:49.516  8063  8063 E test    : onScrollChanged!
04-16 03:31:49.543  8063  8063 E test    : onScrollChanged!
04-16 03:31:49.845  8063  8063 E test    : onScrollChanged!
04-16 03:31:50.380  8063  8063 E test    : onScrollChanged!
04-16 03:31:50.380  8063  8063 E test    : onScrollChanged!
04-16 03:31:50.381  8063  8063 E test    : onScrollChanged!
04-16 03:31:50.382  8063  8063 E test    : onScrollChanged!
04-16 03:31:51.960  8063  8063 E test    : onScrollChanged!
04-16 03:31:51.960  8063  8063 E test    : onScrollChanged!
04-16 03:31:52.056  8063  8063 E test    : onScrollChanged!
04-16 03:31:52.078  8063  8063 E test    : onScrollChanged!
04-16 03:31:52.095  8063  8063 E test    : onScrollChanged!
04-16 03:31:52.114  8063  8063 E test    : onScrollChanged!
04-16 03:31:52.152  8063  8063 E test    : onScrollChanged!
04-16 03:31:52.205  8063  8063 E test    : onScrollChanged!
04-16 03:31:52.236  8063  8063 E test    : onScrollChanged!
04-16 03:31:52.237  8063  8063 E test    : onScrollChanged!
04-16 03:31:52.276  8063  8063 E test    : onScrollChanged!
04-16 03:31:52.276  8063  8063 E test    : onScrollChanged!
04-16 03:31:52.319  8063  8063 E test    : onScrollChanged!
04-16 03:31:52.320  8063  8063 E test    : onScrollChanged!
04-16 03:31:52.357  8063  8063 E test    : onScrollChanged!
04-16 03:31:52.357  8063  8063 E test    : onScrollChanged!
04-16 03:31:52.389  8063  8063 E test    : onScrollChanged!
04-16 03:31:52.391  8063  8063 E test    : onScrollChanged!
04-16 03:31:52.427  8063  8063 E test    : onScrollChanged!
04-16 03:31:52.427  8063  8063 E test    : onScrollChanged!
04-16 03:31:52.490  8063  8063 E test    : onScrollChanged!
04-16 03:31:52.490  8063  8063 E test    : onScrollChanged!
04-16 03:31:53.056  8063  8063 E test    : onScrollChanged!
04-16 03:31:53.206  8063  8063 E test    : onScrollChanged!
04-16 03:31:54.011  8063  8063 E test    : onScrollChanged!
04-16 03:31:54.022  8063  8063 E test    : onScrollChanged!
04-16 03:31:54.022  8063  8063 E test    : onScrollChanged!
04-16 03:31:54.022  8063  8063 E test    : onScrollChanged!
04-16 03:31:54.023  8063  8063 E test    : onScrollChanged!
04-16 03:31:54.024  8063  8063 E test    : onScrollChanged!
04-16 03:31:54.039  8063  8063 E test    : onScrollChanged!
04-16 03:31:54.040  8063  8063 E test    : onScrollChanged!
04-16 03:31:54.607  8063  8063 E test    : onScrollChanged!
04-16 03:31:55.562  8063  8063 E test    : onScrollChanged!
04-16 03:31:55.562  8063  8063 E test    : onScrollChanged!
04-16 03:31:55.563  8063  8063 E test    : onScrollChanged!
04-16 03:31:55.563  8063  8063 E test    : onScrollChanged!
04-16 03:31:55.563  8063  8063 E test    : onScrollChanged!
04-16 03:31:55.565  8063  8063 E test    : onScrollChanged!
04-16 03:31:57.093  8063  8063 E test    : onScrollChanged!
04-16 03:31:57.603  8063  8063 E test    : onScrollChanged!
04-16 03:31:59.162  8063  8063 E test    : onScrollChanged!
04-16 03:31:59.172  8063  8063 E test    : onScrollChanged!
04-16 03:31:59.178  8063  8063 E test    : onScrollChanged!
04-16 03:31:59.196  8063  8063 E test    : onScrollChanged!
04-16 03:31:59.212  8063  8063 E test    : onScrollChanged!
04-16 03:31:59.228  8063  8063 E test    : onScrollChanged!
04-16 03:31:59.244  8063  8063 E test    : onScrollChanged!
04-16 03:31:59.261  8063  8063 E test    : onScrollChanged!
04-16 03:31:59.290  8063  8063 E test    : onScrollChanged!
04-16 03:31:59.361  8063  8063 E test    : onScrollChanged!
04-16 03:32:00.290  8063  8063 E test    : onScrollChanged!
04-16 03:32:01.299  8063  8063 E test    : onScrollChanged!
04-16 03:32:02.650  8063  8063 E test    : onScrollChanged!
04-16 03:32:02.650  8063  8063 E test    : onScrollChanged!
04-16 03:32:05.019  8063  8063 E test    : onScrollChanged!
04-16 03:32:05.019  8063  8063 E test    : onScrollChanged!
04-16 03:32:05.846  8063  8063 E test    : onScrollChanged!
04-16 03:32:05.846  8063  8063 E test    : onScrollChanged!
04-16 03:32:08.365  8063  8063 E test    : onScrollChanged!
04-16 03:32:09.388  8063  8063 E test    : onScrollChanged!
04-16 03:32:09.388  8063  8063 E test    : onScrollChanged!
04-16 03:32:09.896  8063  8063 E test    : onScrollChanged!
04-16 03:32:09.897  8063  8063 E test    : onScrollChanged!
04-16 03:32:09.911  8063  8063 E test    : onScrollChanged!
04-16 03:32:09.929  8063  8063 E test    : onScrollChanged!
04-16 03:32:09.929  8063  8063 E test    : onScrollChanged!
04-16 03:32:09.929  8063  8063 E test    : onScrollChanged!
04-16 03:32:09.930  8063  8063 E test    : onScrollChanged!
04-16 03:32:10.949  8063  8063 E test    : onScrollChanged!
04-16 03:32:13.498  8063  8063 E test    : onScrollChanged!
04-16 03:32:13.507  8063  8063 E test    : onScrollChanged!
04-16 03:32:13.512  8063  8063 E test    : onScrollChanged!
04-16 03:32:13.529  8063  8063 E test    : onScrollChanged!
04-16 03:32:13.544  8063  8063 E test    : onScrollChanged!
04-16 03:32:13.561  8063  8063 E test    : onScrollChanged!
04-16 03:32:13.578  8063  8063 E test    : onScrollChanged!
04-16 03:32:13.594  8063  8063 E test    : onScrollChanged!
04-16 03:32:13.628  8063  8063 E test    : onScrollChanged!
04-16 03:32:13.651  8063  8063 E test    : onScrollChanged!
04-16 03:32:17.653  8063  8063 E test    : onScrollChanged!
04-16 03:32:17.653  8063  8063 E test    : onScrollChanged!
04-16 03:32:18.159  8063  8063 E test    : onScrollChanged!
04-16 03:32:18.164  8063  8063 E test    : onScrollChanged!
04-16 03:32:18.178  8063  8063 E test    : onScrollChanged!
04-16 03:32:18.195  8063  8063 E test    : onScrollChanged!
04-16 03:32:18.212  8063  8063 E test    : onScrollChanged!
04-16 03:32:18.253  8063  8063 E test    : onScrollChanged!
04-16 03:32:18.391  8063  8063 E test    : onScrollChanged!
04-16 03:32:18.853  8063  8063 E test    : onScrollChanged!
04-16 03:32:18.853  8063  8063 E test    : onScrollChanged!
04-16 03:32:19.358  8063  8063 E test    : onScrollChanged!
04-16 03:32:19.878  8063  8063 E test    : onScrollChanged!
04-16 03:32:20.402  8063  8063 E test    : onScrollChanged!
04-16 03:32:20.891  8063  8063 E test    : onScrollChanged!
04-16 03:32:20.894  8063  8063 E test    : onScrollChanged!
04-16 03:32:20.912  8063  8063 E test    : onScrollChanged!
04-16 03:32:20.928  8063  8063 E test    : onScrollChanged!
04-16 03:32:20.944  8063  8063 E test    : onScrollChanged!
04-16 03:32:20.961  8063  8063 E test    : onScrollChanged!
04-16 03:32:20.978  8063  8063 E test    : onScrollChanged!
04-16 03:32:20.995  8063  8063 E test    : onScrollChanged!
04-16 03:32:21.024  8063  8063 E test    : onScrollChanged!
04-16 03:32:21.049  8063  8063 E test    : onScrollChanged!
04-16 03:32:21.947  8063  8063 E test    : onScrollChanged!
04-16 03:32:21.947  8063  8063 E test    : onScrollChanged!
04-16 03:32:22.963  8063  8063 E test    : onScrollChanged!
04-16 03:32:22.963  8063  8063 E test    : onScrollChanged!
04-16 03:32:22.963  8063  8063 E test    : onScrollChanged!
04-16 03:32:23.526  8063  8063 E test    : onScrollChanged!
04-16 03:32:24.534  8063  8063 E test    : onScrollChanged!
04-16 03:32:25.042  8063  8063 E test    : onScrollChanged!
04-16 03:32:25.042  8063  8063 E test    : onScrollChanged!
04-16 03:32:25.550  8063  8063 E test    : onScrollChanged!
04-16 03:32:26.590  8063  8063 E test    : onScrollChanged!
04-16 03:32:26.590  8063  8063 E test    : onScrollChanged!
04-16 03:32:31.187   684   684 E EGL_emulation: tid 684: eglCreateSyncKHR(1215): error 0x3004 (EGL_BAD_ATTRIBUTE)
04-16 03:32:31.275  8063  8820 E Ads     : This app is using a lightweight version of the Google Mobile Ads SDK that requires the latest Google Play services to be installed, but Google Play services is either missing or out of date.
04-16 03:32:35.179  8063  8063 E ViewRootImpl: Attempting to destroy the window while drawing!
04-16 03:32:35.179  8063  8063 E ViewRootImpl:   window=android.view.ViewRootImpl@38a3714f, title=
04-16 03:32:35.443   684   684 E EGL_emulation: tid 684: eglCreateSyncKHR(1215): error 0x3004 (EGL_BAD_ATTRIBUTE)
04-16 03:32:50.298   689  1242 E AudioService: Could not get client death handler for stream: 1
04-16 03:32:50.298   689  1242 E AudioService: Could not get client death handler for stream: 2
04-16 03:32:50.298   689  1242 E AudioService: Could not get client death handler for stream: 5
04-16 03:32:50.298   689  1242 E AudioService: Could not get client death handler for stream: 7
04-16 03:32:50.298   689  1242 E AudioService: Could not get client death handler for stream: 8
04-16 03:32:51.390  8063  8063 E test    : onScrollChanged!
04-16 03:32:51.400  8063  8063 E test    : onScrollChanged!
04-16 03:32:51.421  8063  8063 E test    : onScrollChanged!
04-16 03:32:52.863  8063  8063 E test    : onScrollChanged!
04-16 03:32:54.480  8063  8063 E test    : onScrollChanged!
04-16 03:32:54.480  8063  8063 E test    : onScrollChanged!
04-16 03:32:54.582  8063  8063 E test    : onScrollChanged!
04-16 03:32:54.612  8063  8063 E test    : onScrollChanged!
04-16 03:32:54.628  8063  8063 E test    : onScrollChanged!
04-16 03:32:54.644  8063  8063 E test    : onScrollChanged!
04-16 03:32:54.661  8063  8063 E test    : onScrollChanged!
04-16 03:32:54.678  8063  8063 E test    : onScrollChanged!
04-16 03:32:54.696  8063  8063 E test    : onScrollChanged!
04-16 03:32:54.711  8063  8063 E test    : onScrollChanged!
04-16 03:32:54.728  8063  8063 E test    : onScrollChanged!
04-16 03:32:54.745  8063  8063 E test    : onScrollChanged!
04-16 03:32:54.761  8063  8063 E test    : onScrollChanged!
04-16 03:32:54.778  8063  8063 E test    : onScrollChanged!
04-16 03:32:54.794  8063  8063 E test    : onScrollChanged!
04-16 03:32:54.811  8063  8063 E test    : onScrollChanged!
04-16 03:32:55.445  8063  8063 E test    : onScrollChanged!
04-16 03:32:55.445  8063  8063 E test    : onScrollChanged!
04-16 03:32:55.967  8063  8063 E test    : onScrollChanged!
04-16 03:32:56.462  8063  8063 E test    : onScrollChanged!
04-16 03:32:56.506  8063  8063 E test    : onScrollChanged!
04-16 03:32:59.196  8063  8063 E test    : onScrollChanged!
04-16 03:33:00.705  8063  8063 E test    : onScrollChanged!
04-16 03:33:01.713  8063  8063 E test    : onScrollChanged!
04-16 03:33:01.713  8063  8063 E test    : onScrollChanged!
04-16 03:33:02.267  8063  8063 E test    : onScrollChanged!
04-16 03:33:28.795   684   684 E EGL_emulation: tid 684: eglCreateSyncKHR(1215): error 0x3004 (EGL_BAD_ATTRIBUTE)
04-16 03:33:28.870  8063  8820 E Ads     : This app is using a lightweight version of the Google Mobile Ads SDK that requires the latest Google Play services to be installed, but Google Play services is either missing or out of date.
04-16 03:33:34.300  8063  8063 E ViewRootImpl: Attempting to destroy the window while drawing!
04-16 03:33:34.300  8063  8063 E ViewRootImpl:   window=android.view.ViewRootImpl@8d76ed9, title=
04-16 03:33:34.480   684   684 E EGL_emulation: tid 684: eglCreateSyncKHR(1215): error 0x3004 (EGL_BAD_ATTRIBUTE)
04-16 03:33:45.790  8063  8063 E test    : onScrollChanged!
04-16 03:33:46.828  8063  8063 E test    : onScrollChanged!
04-16 03:33:48.345  8063  8063 E test    : onScrollChanged!
04-16 03:33:48.363  8063  8063 E test    : onScrollChanged!
04-16 03:33:48.363  8063  8063 E test    : onScrollChanged!
04-16 03:33:49.389  8063  8063 E test    : onScrollChanged!
04-16 03:33:49.411  8063  8063 E test    : onScrollChanged!
04-16 03:33:49.429  8063  8063 E test    : onScrollChanged!
04-16 03:33:49.447  8063  8063 E test    : onScrollChanged!
04-16 03:33:49.529  8063  8063 E test    : onScrollChanged!
04-16 03:33:49.593  8063  8063 E test    : onScrollChanged!
04-16 03:33:49.593  8063  8063 E test    : onScrollChanged!
04-16 03:33:49.650  8063  8063 E test    : onScrollChanged!
04-16 03:33:49.650  8063  8063 E test    : onScrollChanged!
04-16 03:33:49.742  8063  8063 E test    : onScrollChanged!
04-16 03:33:49.742  8063  8063 E test    : onScrollChanged!
04-16 03:33:49.877  8063  8063 E test    : onScrollChanged!
04-16 03:33:49.877  8063  8063 E test    : onScrollChanged!
04-16 03:33:49.961  8063  8063 E test    : onScrollChanged!
04-16 03:33:53.971  8063  8063 E test    : onScrollChanged!
04-16 03:33:53.971  8063  8063 E test    : onScrollChanged!
04-16 03:33:55.516  8063  8063 E test    : onScrollChanged!
04-16 03:33:57.542  8063  8063 E test    : onScrollChanged!
04-16 03:33:58.563  8063  8063 E test    : onScrollChanged!
04-16 03:34:02.088  8063  8063 E test    : onScrollChanged!
04-16 03:34:02.598  8063  8063 E test    : onScrollChanged!
04-16 03:34:02.598  8063  8063 E test    : onScrollChanged!
04-16 03:34:04.955  8063  8063 E test    : onScrollChanged!
04-16 03:34:04.955  8063  8063 E test    : onScrollChanged!
04-16 03:34:06.625  8063  8063 E test    : onScrollChanged!
04-16 03:34:06.625  8063  8063 E test    : onScrollChanged!
04-16 03:34:07.128  8063  8063 E test    : onScrollChanged!
04-16 03:34:08.662  8063  8063 E test    : onScrollChanged!
04-16 03:34:09.691  8063  8063 E test    : onScrollChanged!
04-16 03:34:12.195  8063  8063 E test    : onScrollChanged!
04-16 03:34:12.195  8063  8063 E test    : onScrollChanged!
04-16 03:34:13.739  8063  8063 E test    : onScrollChanged!
04-16 03:34:14.984  8063  8063 E test    : onScrollChanged!
04-16 03:34:15.026  8063  8063 E test    : onScrollChanged!
04-16 03:34:15.084  8063  8063 E test    : onScrollChanged!
04-16 03:34:15.160  8063  8063 E test    : onScrollChanged!
04-16 03:34:15.238  8063  8063 E test    : onScrollChanged!
04-16 03:34:15.257  8063  8063 E test    : onScrollChanged!
04-16 03:34:15.359  8063  8063 E test    : onScrollChanged!
04-16 03:34:15.906  8063  8063 E test    : onScrollChanged!
04-16 03:34:15.906  8063  8063 E test    : onScrollChanged!
04-16 03:34:16.910  8063  8063 E test    : onScrollChanged!
04-16 03:34:17.993  8063  8063 E test    : onScrollChanged!
04-16 03:34:17.994  8063  8063 E test    : onScrollChanged!
04-16 03:34:17.994  8063  8063 E test    : onScrollChanged!
04-16 03:34:20.091  8063  8063 E test    : onScrollChanged!
04-16 03:34:21.600  8063  8063 E test    : onScrollChanged!
04-16 03:34:21.600  8063  8063 E test    : onScrollChanged!
04-16 03:34:22.611  8063  8063 E test    : onScrollChanged!
04-16 03:34:24.148  8063  8063 E test    : onScrollChanged!
04-16 03:34:24.148  8063  8063 E test    : onScrollChanged!
04-16 03:34:24.148  8063  8063 E test    : onScrollChanged!
04-16 03:34:24.149  8063  8063 E test    : onScrollChanged!
04-16 03:34:24.740  8063  8063 E test    : onScrollChanged!
04-16 03:34:25.834  8063  8063 E test    : onScrollChanged!
04-16 03:34:27.857  8063  8063 E test    : onScrollChanged!
04-16 03:34:27.858  8063  8063 E test    : onScrollChanged!
04-16 03:34:27.933  8063  8063 E test    : onScrollChanged!
04-16 03:34:28.361  8063  8063 E test    : onScrollChanged!
04-16 03:34:28.361  8063  8063 E test    : onScrollChanged!
04-16 03:34:29.157  8063  8063 E test    : onScrollChanged!
04-16 03:34:29.178  8063  8063 E test    : onScrollChanged!
04-16 03:34:29.195  8063  8063 E test    : onScrollChanged!
04-16 03:34:29.235  8063  8063 E test    : onScrollChanged!
04-16 03:34:29.298  8063  8063 E test    : onScrollChanged!
04-16 03:34:29.360  8063  8063 E test    : onScrollChanged!
04-16 03:34:29.431  8063  8063 E test    : onScrollChanged!
04-16 03:34:29.434  8063  8063 E test    : onScrollChanged!
04-16 03:34:29.501  8063  8063 E test    : onScrollChanged!
04-16 03:34:30.892  8063  8063 E test    : onScrollChanged!
04-16 03:34:30.892  8063  8063 E test    : onScrollChanged!
04-16 03:34:31.902  8063  8063 E test    : onScrollChanged!
04-16 03:34:32.412  8063  8063 E test    : onScrollChanged!
04-16 03:34:32.412  8063  8063 E test    : onScrollChanged!
04-16 03:34:32.919  8063  8063 E test    : onScrollChanged!
04-16 03:34:33.423  8063  8063 E test    : onScrollChanged!
04-16 03:34:33.596  8063  8063 E test    : onScrollChanged!
04-16 03:34:35.446  8063  8063 E test    : onScrollChanged!
04-16 03:34:35.446  8063  8063 E test    : onScrollChanged!
04-16 03:34:35.446  8063  8063 E test    : onScrollChanged!
04-16 03:34:35.971  8063  8063 E test    : onScrollChanged!
04-16 03:35:01.762  8063  8063 E test    : onScrollChanged!
04-16 03:35:03.792  8063  8063 E test    : onScrollChanged!
04-16 03:35:11.662  8063  8063 E test    : onScrollChanged!
04-16 03:35:11.670  8063  8063 E test    : onScrollChanged!
04-16 03:35:14.151  8063  8063 E test    : onScrollChanged!
04-16 03:35:14.681  8063  8063 E test    : onScrollChanged!
04-16 03:35:14.681  8063  8063 E test    : onScrollChanged!
04-16 03:35:15.720  8063  8063 E test    : onScrollChanged!
04-16 03:35:16.784  8063  8063 E test    : onScrollChanged!
04-16 03:35:16.838  8063  8063 E test    : onScrollChanged!
04-16 03:35:16.838  8063  8063 E test    : onScrollChanged!
04-16 03:35:16.838  8063  8063 E test    : onScrollChanged!
04-16 03:35:17.246  8063  8063 E test    : onScrollChanged!
04-16 03:35:18.275  8063  8063 E test    : onScrollChanged!
04-16 03:35:18.295  8063  8063 E test    : onScrollChanged!
04-16 03:35:18.311  8063  8063 E test    : onScrollChanged!
04-16 03:35:18.328  8063  8063 E test    : onScrollChanged!
04-16 03:35:18.345  8063  8063 E test    : onScrollChanged!
